Using pre-set license
Built from '6000.0/release' branch; Version is '6000.0.25f1 (4859ab7b5a49) revision 4741547'; Using compiler version '193933523'; Build Type 'Release'
OS: 'Windows 11  (10.0.26100) 64bit Professional' Language: 'ru' Physical Memory: 16076 MB
BatchMode: 1, IsHumanControllingUs: 0, StartBugReporterOnCrash: 0, Is64bit: 1, IsPro: 1

COMMAND LINE ARGUMENTS:
D:\IVAN FOLDER [basic]\UNITY\6000.0.25f1\Editor\Unity.exe
-adb2
-batchMode
-noUpm
-name
AssetImportWorker12
-projectPath
D:/IVAN FOLDER [basic]/UNITY/Projects/Shadow-of-the-Dungeon/Shadow of the Dungeon
-logFile
Logs/AssetImportWorker12.log
-srvPort
50611
-job-worker-count
5
-background-job-worker-count
8
-asset-garbage-collectors
1
Successfully changed project path to: D:/IVAN FOLDER [basic]/UNITY/Projects/Shadow-of-the-Dungeon/Shadow of the Dungeon
D:/IVAN FOLDER [basic]/UNITY/Projects/Shadow-of-the-Dungeon/Shadow of the Dungeon
[UnityMemory] Configuration Parameters - Can be set up in boot.config
    "memorysetup-bucket-allocator-granularity=16"
    "memorysetup-bucket-allocator-bucket-count=8"
    "memorysetup-bucket-allocator-block-size=33554432"
    "memorysetup-bucket-allocator-block-count=8"
    "memorysetup-main-allocator-block-size=16777216"
    "memorysetup-thread-allocator-block-size=16777216"
    "memorysetup-gfx-main-allocator-block-size=16777216"
    "memorysetup-gfx-thread-allocator-block-size=16777216"
    "memorysetup-cache-allocator-block-size=4194304"
    "memorysetup-typetree-allocator-block-size=2097152"
    "memorysetup-profiler-bucket-allocator-granularity=16"
    "memorysetup-profiler-bucket-allocator-bucket-count=8"
    "memorysetup-profiler-bucket-allocator-block-size=33554432"
    "memorysetup-profiler-bucket-allocator-block-count=8"
    "memorysetup-profiler-allocator-block-size=16777216"
    "memorysetup-profiler-editor-allocator-block-size=1048576"
    "memorysetup-temp-allocator-size-main=16777216"
    "memorysetup-job-temp-allocator-block-size=2097152"
    "memorysetup-job-temp-allocator-block-size-background=1048576"
    "memorysetup-job-temp-allocator-reduction-small-platforms=262144"
    "memorysetup-allocator-temp-initial-block-size-main=262144"
    "memorysetup-allocator-temp-initial-block-size-worker=262144"
    "memorysetup-temp-allocator-size-background-worker=32768"
    "memorysetup-temp-allocator-size-job-worker=262144"
    "memorysetup-temp-allocator-size-preload-manager=33554432"
    "memorysetup-temp-allocator-size-nav-mesh-worker=65536"
    "memorysetup-temp-allocator-size-audio-worker=65536"
    "memorysetup-temp-allocator-size-cloud-worker=32768"
    "memorysetup-temp-allocator-size-gi-baking-worker=262144"
    "memorysetup-temp-allocator-size-gi-baking-worker=262144"
    "memorysetup-temp-allocator-size-gi-baking-worker=262144"
    "memorysetup-temp-allocator-size-gi-baking-worker=262144"
    "memorysetup-temp-allocator-size-gi-baking-worker=262144"
    "memorysetup-temp-allocator-size-gfx=262144"
Player connection [824]  Target information:

Player connection [824]  * "[IP] 192.168.8.116 [Port] 0 [Flags] 2 [Guid] 2732696473 [EditorId] 2732696473 [Version] 1048832 [Id] WindowsEditor(7,DESKTOP-9J1EOIR) [Debug] 1 [PackageName] WindowsEditor [ProjectName] Editor" 

Player connection [824] Host joined multi-casting on [225.0.0.222:54997]...
Player connection [824] Host joined alternative multi-casting on [225.0.0.222:34997]...
JobSystem: Creating JobQueue using job-worker-count value 5
[Physics::Module] Initialized fallback backend.
[Physics::Module] Id: 0xdecafbad
Library Redirect Path: Library/
[Physics::Module] Selected backend.
[Physics::Module] Name: PhysX
[Physics::Module] Id: 0xf2b8ea05
[Physics::Module] SDK Version: 4.1.2
[Physics::Module] Integration Version: 1.0.0
[Physics::Module] Threading Mode: Multi-Threaded
Refreshing native plugins compatible for Editor in 2.37 ms, found 3 plugins.
Preloading 0 native plugins for Editor in 0.00 ms.
Initialize engine version: 6000.0.25f1 (4859ab7b5a49)
[Subsystems] Discovering subsystems at path D:/IVAN FOLDER [basic]/UNITY/6000.0.25f1/Editor/Data/Resources/UnitySubsystems
[Subsystems] Discovering subsystems at path D:/IVAN FOLDER [basic]/UNITY/Projects/Shadow-of-the-Dungeon/Shadow of the Dungeon/Assets
GfxDevice: creating device client; kGfxThreadingModeNonThreaded
Direct3D:
    Version:  Direct3D 11.0 [level 11.1]
    Renderer: Intel(R) UHD Graphics (ID=0x46a3)
    Vendor:   Intel
    VRAM:     8038 MB
    Driver:   32.0.101.5763
Initialize mono
Mono path[0] = 'D:/IVAN FOLDER [basic]/UNITY/6000.0.25f1/Editor/Data/Managed'
Mono path[1] = 'D:/IVAN FOLDER [basic]/UNITY/6000.0.25f1/Editor/Data/MonoBleedingEdge/lib/mono/unityjit-win32'
Mono config path = 'D:/IVAN FOLDER [basic]/UNITY/6000.0.25f1/Editor/Data/MonoBleedingEdge/etc'
Using monoOptions --debugger-agent=transport=dt_socket,embedding=1,server=y,suspend=n,address=127.0.0.1:56008
Begin MonoManager ReloadAssembly
Registering precompiled unity dll's ...
Register platform support module: D:/IVAN FOLDER [basic]/UNITY/6000.0.25f1/Editor/Data/PlaybackEngines/WindowsStandaloneSupport/UnityEditor.WindowsStandalone.Extensions.dll
Registered in 0.001742 seconds.
- Loaded All Assemblies, in  0.469 seconds
Native extension for WindowsStandalone target not found
Mono: successfully reloaded assembly
- Finished resetting the current domain, in  0.437 seconds
Domain Reload Profiling: 906ms
	BeginReloadAssembly (171ms)
		ExecutionOrderSort (0ms)
		DisableScriptedObjects (0ms)
		BackupInstance (0ms)
		ReleaseScriptingObjects (0ms)
		CreateAndSetChildDomain (1ms)
	RebuildCommonClasses (44ms)
	RebuildNativeTypeToScriptingClass (13ms)
	initialDomainReloadingComplete (57ms)
	LoadAllAssembliesAndSetupDomain (184ms)
		LoadAssemblies (169ms)
		RebuildTransferFunctionScriptingTraits (0ms)
		AnalyzeDomain (180ms)
			TypeCache.Refresh (178ms)
				TypeCache.ScanAssembly (162ms)
			BuildScriptInfoCaches (0ms)
			ResolveRequiredComponents (1ms)
	FinalizeReload (437ms)
		ReleaseScriptCaches (0ms)
		RebuildScriptCaches (0ms)
		SetupLoadedEditorAssemblies (385ms)
			LogAssemblyErrors (0ms)
			InitializePlatformSupportModulesInManaged (29ms)
			SetLoadedEditorAssemblies (6ms)
			BeforeProcessingInitializeOnLoad (8ms)
			ProcessInitializeOnLoadAttributes (275ms)
			ProcessInitializeOnLoadMethodAttributes (64ms)
			AfterProcessingInitializeOnLoad (3ms)
			EditorAssembliesLoaded (0ms)
		ExecutionOrderSort2 (0ms)
		AwakeInstancesAfterBackupRestoration (0ms)
========================================================================
Worker process is ready to serve import requests
Import Worker Mode flag is 0x00
Begin MonoManager ReloadAssembly
- Loaded All Assemblies, in  1.015 seconds
Refreshing native plugins compatible for Editor in 0.80 ms, found 3 plugins.
Native extension for WindowsStandalone target not found
Mono: successfully reloaded assembly
- Finished resetting the current domain, in  0.787 seconds
Domain Reload Profiling: 1801ms
	BeginReloadAssembly (429ms)
		ExecutionOrderSort (0ms)
		DisableScriptedObjects (5ms)
		BackupInstance (0ms)
		ReleaseScriptingObjects (0ms)
		CreateAndSetChildDomain (29ms)
	RebuildCommonClasses (33ms)
	RebuildNativeTypeToScriptingClass (9ms)
	initialDomainReloadingComplete (32ms)
	LoadAllAssembliesAndSetupDomain (511ms)
		LoadAssemblies (319ms)
		RebuildTransferFunctionScriptingTraits (0ms)
		AnalyzeDomain (274ms)
			TypeCache.Refresh (178ms)
				TypeCache.ScanAssembly (162ms)
			BuildScriptInfoCaches (82ms)
			ResolveRequiredComponents (11ms)
	FinalizeReload (787ms)
		ReleaseScriptCaches (0ms)
		RebuildScriptCaches (0ms)
		SetupLoadedEditorAssemblies (539ms)
			LogAssemblyErrors (0ms)
			InitializePlatformSupportModulesInManaged (2ms)
			SetLoadedEditorAssemblies (5ms)
			BeforeProcessingInitializeOnLoad (61ms)
			ProcessInitializeOnLoadAttributes (391ms)
			ProcessInitializeOnLoadMethodAttributes (73ms)
			AfterProcessingInitializeOnLoad (6ms)
			EditorAssembliesLoaded (0ms)
		ExecutionOrderSort2 (0ms)
		AwakeInstancesAfterBackupRestoration (5ms)
Launched and connected shader compiler UnityShaderCompiler.exe after 0.01 seconds
Refreshing native plugins compatible for Editor in 0.64 ms, found 3 plugins.
Preloading 0 native plugins for Editor in 0.00 ms.
Unloading 199 Unused Serialized files (Serialized files now loaded: 0)
Unloading 5930 unused Assets / (4.5 MB). Loaded Objects now: 6701.
Memory consumption went from 181.6 MB to 177.2 MB.
Total: 9.565400 ms (FindLiveObjects: 0.659100 ms CreateObjectMapping: 0.597600 ms MarkObjects: 5.510600 ms  DeleteObjects: 2.793400 ms)

========================================================================
Received Import Request.
  Time since last request: 20784.341694 seconds.
  path: Assets/Map Components/Low-Poly Medieval Market/Prefabs/fish_knife.prefab
  artifactKey: Guid(343d04653a7bd604f91f1395a049ba38) Importer(815301076,1909f56bfc062723c751e8b465ee728b)
Start importing Assets/Map Components/Low-Poly Medieval Market/Prefabs/fish_knife.prefab using Guid(343d04653a7bd604f91f1395a049ba38) Importer(815301076,1909f56bfc062723c751e8b465ee728b) (PreviewImporter) -> (artifact id: '900b20d1a587ddf2c8d7a90160d80060') in 0.6139839 seconds
Number of updated asset objects reloaded before import = 0Number of asset objects unloaded after import = 9

========================================================================
Received Import Request.
  Time since last request: 0.073716 seconds.
  path: Assets/Map Components/Low-Poly Medieval Market/Prefabs/leather_dressing_frame.prefab
  artifactKey: Guid(67b057dff1beeba43bfbf108efc29593) Importer(815301076,1909f56bfc062723c751e8b465ee728b)
Start importing Assets/Map Components/Low-Poly Medieval Market/Prefabs/leather_dressing_frame.prefab using Guid(67b057dff1beeba43bfbf108efc29593) Importer(815301076,1909f56bfc062723c751e8b465ee728b) (PreviewImporter) -> (artifact id: 'dd8a84ffc8a3c219d9073efcfc1e2997') in 0.0500905 seconds
Number of updated asset objects reloaded before import = 0Number of asset objects unloaded after import = 9

========================================================================
Received Import Request.
  Time since last request: 0.000033 seconds.
  path: Assets/Map Components/Low-Poly Medieval Market/Prefabs/long_loaf.prefab
  artifactKey: Guid(2befa64bbbc90b74ea420e65a1e92b49) Importer(815301076,1909f56bfc062723c751e8b465ee728b)
Start importing Assets/Map Components/Low-Poly Medieval Market/Prefabs/long_loaf.prefab using Guid(2befa64bbbc90b74ea420e65a1e92b49) Importer(815301076,1909f56bfc062723c751e8b465ee728b) (PreviewImporter) -> (artifact id: 'c8b83c9b8726e716e222f009b9b52e4e') in 0.0465932 seconds
Number of updated asset objects reloaded before import = 0Number of asset objects unloaded after import = 9

========================================================================
Received Import Request.
  Time since last request: 0.000042 seconds.
  path: Assets/Map Components/Low-Poly Medieval Market/Prefabs/maneken.prefab
  artifactKey: Guid(efaab5d802eafe74d9681146cf89b7b1) Importer(815301076,1909f56bfc062723c751e8b465ee728b)
Start importing Assets/Map Components/Low-Poly Medieval Market/Prefabs/maneken.prefab using Guid(efaab5d802eafe74d9681146cf89b7b1) Importer(815301076,1909f56bfc062723c751e8b465ee728b) (PreviewImporter) -> (artifact id: '613128178eaa8140a977cc30c3ab0026') in 0.0663654 seconds
Number of updated asset objects reloaded before import = 0Number of asset objects unloaded after import = 9

========================================================================
Received Import Request.
  Time since last request: 1.423703 seconds.
  path: Assets/Map Components/Low-Poly Medieval Market/Prefabs/MeatMarket.prefab
  artifactKey: Guid(15ec834161d65154592f89afb7c76fba) Importer(815301076,1909f56bfc062723c751e8b465ee728b)
Start importing Assets/Map Components/Low-Poly Medieval Market/Prefabs/MeatMarket.prefab using Guid(15ec834161d65154592f89afb7c76fba) Importer(815301076,1909f56bfc062723c751e8b465ee728b) (PreviewImporter) -> (artifact id: '9394760ee1f83ffa74a481bcff92e937') in 0.0493875 seconds
Number of updated asset objects reloaded before import = 0Number of asset objects unloaded after import = 9

========================================================================
Received Import Request.
  Time since last request: 0.000030 seconds.
  path: Assets/Map Components/Low-Poly Medieval Market/Prefabs/piece_of_cheese.prefab
  artifactKey: Guid(44b4971abf6ce444aa541f5eb5635e81) Importer(815301076,1909f56bfc062723c751e8b465ee728b)
Start importing Assets/Map Components/Low-Poly Medieval Market/Prefabs/piece_of_cheese.prefab using Guid(44b4971abf6ce444aa541f5eb5635e81) Importer(815301076,1909f56bfc062723c751e8b465ee728b) (PreviewImporter) -> (artifact id: '1f806381030e6a65a8625f22a3fa3795') in 0.0676593 seconds
Number of updated asset objects reloaded before import = 0Number of asset objects unloaded after import = 9

========================================================================
Received Import Request.
  Time since last request: 0.000040 seconds.
  path: Assets/Map Components/Low-Poly Medieval Market/Prefabs/pinch_of_flour.prefab
  artifactKey: Guid(4b18849938e4cec4096d31300c7949f5) Importer(815301076,1909f56bfc062723c751e8b465ee728b)
Start importing Assets/Map Components/Low-Poly Medieval Market/Prefabs/pinch_of_flour.prefab using Guid(4b18849938e4cec4096d31300c7949f5) Importer(815301076,1909f56bfc062723c751e8b465ee728b) (PreviewImporter) -> (artifact id: '9e2e536caccba59afb9eeb90a253b352') in 0.0622555 seconds
Number of updated asset objects reloaded before import = 0Number of asset objects unloaded after import = 9

========================================================================
Received Import Request.
  Time since last request: 0.636694 seconds.
  path: Assets/Map Components/Low-Poly Medieval Market/Prefabs/rack_with_weapon.prefab
  artifactKey: Guid(555dea38b26cb1d4780cf84a97993bd2) Importer(815301076,1909f56bfc062723c751e8b465ee728b)
Start importing Assets/Map Components/Low-Poly Medieval Market/Prefabs/rack_with_weapon.prefab using Guid(555dea38b26cb1d4780cf84a97993bd2) Importer(815301076,1909f56bfc062723c751e8b465ee728b) (PreviewImporter) -> (artifact id: 'e5b12a8f2de227b5a3b64b55bdefced8') in 0.1164671 seconds
Number of updated asset objects reloaded before import = 0Number of asset objects unloaded after import = 46

========================================================================
Received Import Request.
  Time since last request: 0.000047 seconds.
  path: Assets/Map Components/Low-Poly Medieval Market/Prefabs/sausages_hanging.prefab
  artifactKey: Guid(2397942164dda9244a32b8d0fbebc32b) Importer(815301076,1909f56bfc062723c751e8b465ee728b)
Start importing Assets/Map Components/Low-Poly Medieval Market/Prefabs/sausages_hanging.prefab using Guid(2397942164dda9244a32b8d0fbebc32b) Importer(815301076,1909f56bfc062723c751e8b465ee728b) (PreviewImporter) -> (artifact id: '75ac24931bc5e178902f803e8045fa7d') in 0.0875546 seconds
Number of updated asset objects reloaded before import = 0Number of asset objects unloaded after import = 9

========================================================================
Received Import Request.
  Time since last request: 0.032883 seconds.
  path: Assets/Map Components/Low-Poly Medieval Market/Prefabs/section_01.prefab
  artifactKey: Guid(3337e494fa27d754cb3c069a8a7e6bc8) Importer(815301076,1909f56bfc062723c751e8b465ee728b)
Start importing Assets/Map Components/Low-Poly Medieval Market/Prefabs/section_01.prefab using Guid(3337e494fa27d754cb3c069a8a7e6bc8) Importer(815301076,1909f56bfc062723c751e8b465ee728b) (PreviewImporter) -> (artifact id: '26eca21be2f13a4341446d256fc9178e') in 0.0649805 seconds
Number of updated asset objects reloaded before import = 0Number of asset objects unloaded after import = 9

========================================================================
Received Import Request.
  Time since last request: 0.000045 seconds.
  path: Assets/Map Components/Low-Poly Medieval Market/Prefabs/section_04.prefab
  artifactKey: Guid(ad0aefc10a9ff4d428d2540ce49529d1) Importer(815301076,1909f56bfc062723c751e8b465ee728b)
Start importing Assets/Map Components/Low-Poly Medieval Market/Prefabs/section_04.prefab using Guid(ad0aefc10a9ff4d428d2540ce49529d1) Importer(815301076,1909f56bfc062723c751e8b465ee728b) (PreviewImporter) -> (artifact id: '60c4f37ddcb099860208c411567a0e5d') in 0.0525411 seconds
Number of updated asset objects reloaded before import = 0Number of asset objects unloaded after import = 9

========================================================================
Received Import Request.
  Time since last request: 0.000038 seconds.
  path: Assets/Map Components/Low-Poly Medieval Market/Prefabs/section_06.prefab
  artifactKey: Guid(b5143ad07080ff841b5a6b60c1c0e1db) Importer(815301076,1909f56bfc062723c751e8b465ee728b)
Start importing Assets/Map Components/Low-Poly Medieval Market/Prefabs/section_06.prefab using Guid(b5143ad07080ff841b5a6b60c1c0e1db) Importer(815301076,1909f56bfc062723c751e8b465ee728b) (PreviewImporter) -> (artifact id: 'de0e7151962b4702afe2b33e659ba4c9') in 0.0536602 seconds
Number of updated asset objects reloaded before import = 0Number of asset objects unloaded after import = 9

========================================================================
Received Import Request.
  Time since last request: 1.704496 seconds.
  path: Assets/Map Components/Low-Poly Medieval Market/Prefabs/small_meat.prefab
  artifactKey: Guid(96c31d99e8d69a04b9eb26a5942a33c2) Importer(815301076,1909f56bfc062723c751e8b465ee728b)
Start importing Assets/Map Components/Low-Poly Medieval Market/Prefabs/small_meat.prefab using Guid(96c31d99e8d69a04b9eb26a5942a33c2) Importer(815301076,1909f56bfc062723c751e8b465ee728b) (PreviewImporter) -> (artifact id: '754125e8b4746bdf4e2b0ad5a114d4cf') in 0.065539 seconds
Number of updated asset objects reloaded before import = 0Number of asset objects unloaded after import = 9

========================================================================
Received Import Request.
  Time since last request: 0.000048 seconds.
  path: Assets/Map Components/Low-Poly Medieval Market/Prefabs/table_03.prefab
  artifactKey: Guid(38d4e31a986a6df45a81e209af43aa08) Importer(815301076,1909f56bfc062723c751e8b465ee728b)
Start importing Assets/Map Components/Low-Poly Medieval Market/Prefabs/table_03.prefab using Guid(38d4e31a986a6df45a81e209af43aa08) Importer(815301076,1909f56bfc062723c751e8b465ee728b) (PreviewImporter) -> (artifact id: '7a63c3f6ea86fab7d9cf95c75098be6d') in 0.0713835 seconds
Number of updated asset objects reloaded before import = 0Number of asset objects unloaded after import = 13

========================================================================
Received Import Request.
  Time since last request: 0.000040 seconds.
  path: Assets/Map Components/Low-Poly Medieval Market/Prefabs/table_01.prefab
  artifactKey: Guid(c9d6f1f953461324e8292a881aca9254) Importer(815301076,1909f56bfc062723c751e8b465ee728b)
Start importing Assets/Map Components/Low-Poly Medieval Market/Prefabs/table_01.prefab using Guid(c9d6f1f953461324e8292a881aca9254) Importer(815301076,1909f56bfc062723c751e8b465ee728b) (PreviewImporter) -> (artifact id: '906f7bbcb5a380de4b43b4fa1964b3fa') in 0.0658979 seconds
Number of updated asset objects reloaded before import = 0Number of asset objects unloaded after import = 9

========================================================================
Received Import Request.
  Time since last request: 1.894350 seconds.
  path: Assets/Map Components/Low-Poly Medieval Market/Prefabs/table_with_bottels.prefab
  artifactKey: Guid(733f4be6517664b4f96ee130230f641f) Importer(815301076,1909f56bfc062723c751e8b465ee728b)
Start importing Assets/Map Components/Low-Poly Medieval Market/Prefabs/table_with_bottels.prefab using Guid(733f4be6517664b4f96ee130230f641f) Importer(815301076,1909f56bfc062723c751e8b465ee728b) (PreviewImporter) -> (artifact id: '5be374619a5d2db89ce38ad8847a3bb6') in 0.0524205 seconds
Number of updated asset objects reloaded before import = 0Number of asset objects unloaded after import = 38

========================================================================
Received Import Request.
  Time since last request: 0.000027 seconds.
  path: Assets/Map Components/Low-Poly Medieval Market/Prefabs/table_with_meat_chease.prefab
  artifactKey: Guid(0c54d0bf7635644479ee2a6d05ee16d2) Importer(815301076,1909f56bfc062723c751e8b465ee728b)
Start importing Assets/Map Components/Low-Poly Medieval Market/Prefabs/table_with_meat_chease.prefab using Guid(0c54d0bf7635644479ee2a6d05ee16d2) Importer(815301076,1909f56bfc062723c751e8b465ee728b) (PreviewImporter) -> (artifact id: '4e99c7afe6548beaaad34f208b8fb3c4') in 0.0390465 seconds
Number of updated asset objects reloaded before import = 0Number of asset objects unloaded after import = 78

========================================================================
Received Import Request.
  Time since last request: 0.000034 seconds.
  path: Assets/Map Components/Low-Poly Medieval Market/Prefabs/Table_with_weapon.prefab
  artifactKey: Guid(52eff72d3b1cec44ebdcabc26791c5b6) Importer(815301076,1909f56bfc062723c751e8b465ee728b)
Start importing Assets/Map Components/Low-Poly Medieval Market/Prefabs/Table_with_weapon.prefab using Guid(52eff72d3b1cec44ebdcabc26791c5b6) Importer(815301076,1909f56bfc062723c751e8b465ee728b) (PreviewImporter) -> (artifact id: '5bb295698055f32981c7f3a7cf715c72') in 0.0740761 seconds
Number of updated asset objects reloaded before import = 0Number of asset objects unloaded after import = 118

========================================================================
Received Import Request.
  Time since last request: 0.571310 seconds.
  path: Assets/Map Components/Low-Poly Medieval Market/Prefabs/wall_axes.prefab
  artifactKey: Guid(a5ac0ea15b990ca45b36fec1464a9f2f) Importer(815301076,1909f56bfc062723c751e8b465ee728b)
Start importing Assets/Map Components/Low-Poly Medieval Market/Prefabs/wall_axes.prefab using Guid(a5ac0ea15b990ca45b36fec1464a9f2f) Importer(815301076,1909f56bfc062723c751e8b465ee728b) (PreviewImporter) -> (artifact id: 'cc0cb0258bc3e6c0adff682fc6ce0f29') in 0.0993634 seconds
Number of updated asset objects reloaded before import = 0Number of asset objects unloaded after import = 20

========================================================================
Received Import Request.
  Time since last request: 0.000039 seconds.
  path: Assets/Map Components/Low-Poly Medieval Market/Prefabs/Weapon_Market_with_objects.prefab
  artifactKey: Guid(6eef9e580c001db45934a1ce61d95a7b) Importer(815301076,1909f56bfc062723c751e8b465ee728b)
Start importing Assets/Map Components/Low-Poly Medieval Market/Prefabs/Weapon_Market_with_objects.prefab using Guid(6eef9e580c001db45934a1ce61d95a7b) Importer(815301076,1909f56bfc062723c751e8b465ee728b) (PreviewImporter) -> (artifact id: '31e1c9836944ac9c2a27dc53d8fe6343') in 0.0983313 seconds
Number of updated asset objects reloaded before import = 0Number of asset objects unloaded after import = 528

========================================================================
Received Import Request.
  Time since last request: 0.000051 seconds.
  path: Assets/Map Components/Low-Poly Medieval Market/Prefabs/weapon_rack.prefab
  artifactKey: Guid(e276291d65c5b3f4b8af3da2ec2d9690) Importer(815301076,1909f56bfc062723c751e8b465ee728b)
Start importing Assets/Map Components/Low-Poly Medieval Market/Prefabs/weapon_rack.prefab using Guid(e276291d65c5b3f4b8af3da2ec2d9690) Importer(815301076,1909f56bfc062723c751e8b465ee728b) (PreviewImporter) -> (artifact id: '49f613a34a1a7bce5ee77fbb5123cca2') in 0.1006577 seconds
Number of updated asset objects reloaded before import = 0Number of asset objects unloaded after import = 9

========================================================================
Received Import Request.
  Time since last request: 1.086795 seconds.
  path: Assets/Map Components/Low-Poly Medieval Market/Prefabs/wooden_bowl_01.prefab
  artifactKey: Guid(3be4f1eccf329f241a51b9fc1dce06be) Importer(815301076,1909f56bfc062723c751e8b465ee728b)
Start importing Assets/Map Components/Low-Poly Medieval Market/Prefabs/wooden_bowl_01.prefab using Guid(3be4f1eccf329f241a51b9fc1dce06be) Importer(815301076,1909f56bfc062723c751e8b465ee728b) (PreviewImporter) -> (artifact id: 'd9a7efe2cd9a5c51842c7597599c1417') in 0.0725345 seconds
Number of updated asset objects reloaded before import = 0Number of asset objects unloaded after import = 9

========================================================================
Received Import Request.
  Time since last request: 0.000027 seconds.
  path: Assets/Map Components/Low-Poly Medieval Market/Prefabs/wooden_box.prefab
  artifactKey: Guid(a35ab8eacfb174a40b2af243118029b2) Importer(815301076,1909f56bfc062723c751e8b465ee728b)
Start importing Assets/Map Components/Low-Poly Medieval Market/Prefabs/wooden_box.prefab using Guid(a35ab8eacfb174a40b2af243118029b2) Importer(815301076,1909f56bfc062723c751e8b465ee728b) (PreviewImporter) -> (artifact id: '5177f12b6e72d4b59b40e96da9a79290') in 0.1132901 seconds
Number of updated asset objects reloaded before import = 0Number of asset objects unloaded after import = 9

========================================================================
Received Import Request.
  Time since last request: 400.022813 seconds.
  path: Assets/Map Components/Low-Poly Medieval Market/Prefabs/Environment/bush_01.prefab
  artifactKey: Guid(5cecfbcb65f1d3c46a6d74cd15ebfb7a) Importer(815301076,1909f56bfc062723c751e8b465ee728b)
Start importing Assets/Map Components/Low-Poly Medieval Market/Prefabs/Environment/bush_01.prefab using Guid(5cecfbcb65f1d3c46a6d74cd15ebfb7a) Importer(815301076,1909f56bfc062723c751e8b465ee728b) (PreviewImporter) -> (artifact id: 'ba05f7cb108531f0125afccd7347a895') in 0.0413766 seconds
Number of updated asset objects reloaded before import = 0Number of asset objects unloaded after import = 9

========================================================================
Received Import Request.
  Time since last request: 0.000049 seconds.
  path: Assets/Map Components/Low-Poly Medieval Market/Prefabs/Environment/lamp_post.prefab
  artifactKey: Guid(3f3fe03e033d43a49ba2cfb47082b18f) Importer(815301076,1909f56bfc062723c751e8b465ee728b)
Start importing Assets/Map Components/Low-Poly Medieval Market/Prefabs/Environment/lamp_post.prefab using Guid(3f3fe03e033d43a49ba2cfb47082b18f) Importer(815301076,1909f56bfc062723c751e8b465ee728b) (PreviewImporter) -> (artifact id: '139592d2e44bb33d13b8fa2bbc6fb746') in 0.0336085 seconds
Number of updated asset objects reloaded before import = 0Number of asset objects unloaded after import = 14

========================================================================
Received Import Request.
  Time since last request: 0.000069 seconds.
  path: Assets/Map Components/Low-Poly Medieval Market/Prefabs/Environment/stone_fence_03.prefab
  artifactKey: Guid(7ae44cce9c551704984deac91f767c88) Importer(815301076,1909f56bfc062723c751e8b465ee728b)
Start importing Assets/Map Components/Low-Poly Medieval Market/Prefabs/Environment/stone_fence_03.prefab using Guid(7ae44cce9c551704984deac91f767c88) Importer(815301076,1909f56bfc062723c751e8b465ee728b) (PreviewImporter) -> (artifact id: 'd7696e0a510ceac7d2ada24578baa826') in 0.0609408 seconds
Number of updated asset objects reloaded before import = 0Number of asset objects unloaded after import = 9

========================================================================
Received Import Request.
  Time since last request: 0.000036 seconds.
  path: Assets/Map Components/Low-Poly Medieval Market/Prefabs/Environment/tree_01.prefab
  artifactKey: Guid(b69c35c4f3d673e4f85004d0581f9105) Importer(815301076,1909f56bfc062723c751e8b465ee728b)
Start importing Assets/Map Components/Low-Poly Medieval Market/Prefabs/Environment/tree_01.prefab using Guid(b69c35c4f3d673e4f85004d0581f9105) Importer(815301076,1909f56bfc062723c751e8b465ee728b) (PreviewImporter) -> (artifact id: '4eb296971ac0fff25195913a9eac89e1') in 0.0346088 seconds
Number of updated asset objects reloaded before import = 0Number of asset objects unloaded after import = 9

========================================================================
Received Import Request.
  Time since last request: 0.000028 seconds.
  path: Assets/Map Components/Low-Poly Medieval Market/Prefabs/Environment/Latern.prefab
  artifactKey: Guid(d6cfbca0aa720344e9a0d920d30c1e75) Importer(815301076,1909f56bfc062723c751e8b465ee728b)
Start importing Assets/Map Components/Low-Poly Medieval Market/Prefabs/Environment/Latern.prefab using Guid(d6cfbca0aa720344e9a0d920d30c1e75) Importer(815301076,1909f56bfc062723c751e8b465ee728b) (PreviewImporter) -> (artifact id: 'afb4f8ba0c4e44f8948de0255afa4364') in 0.0300399 seconds
Number of updated asset objects reloaded before import = 0Number of asset objects unloaded after import = 19

========================================================================
Received Import Request.
  Time since last request: 0.000050 seconds.
  path: Assets/Map Components/Low-Poly Medieval Market/Prefabs/Environment/tree_03.prefab
  artifactKey: Guid(49a43a0f277453b4e9b4438abaae51d2) Importer(815301076,1909f56bfc062723c751e8b465ee728b)
Start importing Assets/Map Components/Low-Poly Medieval Market/Prefabs/Environment/tree_03.prefab using Guid(49a43a0f277453b4e9b4438abaae51d2) Importer(815301076,1909f56bfc062723c751e8b465ee728b) (PreviewImporter) -> (artifact id: '959ef6f8ec794ec81781e200f7a4faf7') in 0.0427061 seconds
Number of updated asset objects reloaded before import = 0Number of asset objects unloaded after import = 9

========================================================================
Received Import Request.
  Time since last request: 0.000048 seconds.
  path: Assets/Map Components/Low-Poly Medieval Market/Prefabs/Environment/Island.prefab
  artifactKey: Guid(f373940ce5f864d44aa0b05696fa9211) Importer(815301076,1909f56bfc062723c751e8b465ee728b)
Start importing Assets/Map Components/Low-Poly Medieval Market/Prefabs/Environment/Island.prefab using Guid(f373940ce5f864d44aa0b05696fa9211) Importer(815301076,1909f56bfc062723c751e8b465ee728b) (PreviewImporter) -> (artifact id: 'be2bbd8696413b1ae73e988a87f72761') in 0.0559176 seconds
Number of updated asset objects reloaded before import = 0Number of asset objects unloaded after import = 10

========================================================================
Received Import Request.
  Time since last request: 0.000028 seconds.
  path: Assets/Map Components/Low-Poly Medieval Market/Prefabs/Environment/stone_fence_01.prefab
  artifactKey: Guid(ac936ad7ddc749a41a651adf7537ca96) Importer(815301076,1909f56bfc062723c751e8b465ee728b)
Start importing Assets/Map Components/Low-Poly Medieval Market/Prefabs/Environment/stone_fence_01.prefab using Guid(ac936ad7ddc749a41a651adf7537ca96) Importer(815301076,1909f56bfc062723c751e8b465ee728b) (PreviewImporter) -> (artifact id: '4ca910296c3d20e59e6e4b160832a4c4') in 0.0481313 seconds
Number of updated asset objects reloaded before import = 0Number of asset objects unloaded after import = 9

========================================================================
Received Import Request.
  Time since last request: 0.000028 seconds.
  path: Assets/Map Components/Low-Poly Medieval Market/Prefabs/Environment/fence_circle_01.prefab
  artifactKey: Guid(dcff8628b1c734747a290d43987dcbad) Importer(815301076,1909f56bfc062723c751e8b465ee728b)
Start importing Assets/Map Components/Low-Poly Medieval Market/Prefabs/Environment/fence_circle_01.prefab using Guid(dcff8628b1c734747a290d43987dcbad) Importer(815301076,1909f56bfc062723c751e8b465ee728b) (PreviewImporter) -> (artifact id: '4040398347f4129cdd00c776e30003c5') in 0.0373965 seconds
Number of updated asset objects reloaded before import = 0Number of asset objects unloaded after import = 40

========================================================================
Received Import Request.
  Time since last request: 0.000045 seconds.
  path: Assets/Map Components/Low-Poly Medieval Market/Prefabs/Environment/stone_fence_02.prefab
  artifactKey: Guid(7a529b20e0299d54e8a27a8499ab7f81) Importer(815301076,1909f56bfc062723c751e8b465ee728b)
Start importing Assets/Map Components/Low-Poly Medieval Market/Prefabs/Environment/stone_fence_02.prefab using Guid(7a529b20e0299d54e8a27a8499ab7f81) Importer(815301076,1909f56bfc062723c751e8b465ee728b) (PreviewImporter) -> (artifact id: '8dbb3e7a2c7ed7a98f5ab7e23bc1ab56') in 0.0520826 seconds
Number of updated asset objects reloaded before import = 0Number of asset objects unloaded after import = 9

========================================================================
Received Import Request.
  Time since last request: 0.000060 seconds.
  path: Assets/Map Components/Low-Poly Medieval Market/Prefabs/Environment/fence_circle_02.prefab
  artifactKey: Guid(5be382b44b5765e41a3e49aa68122a0c) Importer(815301076,1909f56bfc062723c751e8b465ee728b)
Start importing Assets/Map Components/Low-Poly Medieval Market/Prefabs/Environment/fence_circle_02.prefab using Guid(5be382b44b5765e41a3e49aa68122a0c) Importer(815301076,1909f56bfc062723c751e8b465ee728b) (PreviewImporter) -> (artifact id: '3d26a6394eed8e58db5c6f8d3b78aaaf') in 0.0369809 seconds
Number of updated asset objects reloaded before import = 0Number of asset objects unloaded after import = 78

========================================================================
Received Import Request.
  Time since last request: 0.000031 seconds.
  path: Assets/Map Components/Low-Poly Medieval Market/Prefabs/Environment/trailway_03.prefab
  artifactKey: Guid(10348d885afc4924e9daa5d07655d02e) Importer(815301076,1909f56bfc062723c751e8b465ee728b)
Start importing Assets/Map Components/Low-Poly Medieval Market/Prefabs/Environment/trailway_03.prefab using Guid(10348d885afc4924e9daa5d07655d02e) Importer(815301076,1909f56bfc062723c751e8b465ee728b) (PreviewImporter) -> (artifact id: 'a9e2a263a77b18aefac279bafb5b72db') in 0.0338794 seconds
Number of updated asset objects reloaded before import = 0Number of asset objects unloaded after import = 9

========================================================================
Received Import Request.
  Time since last request: 157.459804 seconds.
  path: Assets/Map Components/Low-Poly Medieval Market/Prefabs/Weapons
  artifactKey: Guid(84dbbad5109291245afd7cc5e503694f) Importer(815301076,1909f56bfc062723c751e8b465ee728b)
Start importing Assets/Map Components/Low-Poly Medieval Market/Prefabs/Weapons using Guid(84dbbad5109291245afd7cc5e503694f) Importer(815301076,1909f56bfc062723c751e8b465ee728b) (PreviewImporter) -> (artifact id: '610ec2a39bbe2cffd9b414c08b4245a2') in 0.0008813 seconds
Number of updated asset objects reloaded before import = 0Number of asset objects unloaded after import = 0

========================================================================
Received Import Request.
  Time since last request: 0.029337 seconds.
  path: Assets/Map Components/Low-Poly Medieval Market/Prefabs/Weapons/arrow.prefab
  artifactKey: Guid(4484866c96f56bb47ac5474f112aad57) Importer(815301076,1909f56bfc062723c751e8b465ee728b)
Start importing Assets/Map Components/Low-Poly Medieval Market/Prefabs/Weapons/arrow.prefab using Guid(4484866c96f56bb47ac5474f112aad57) Importer(815301076,1909f56bfc062723c751e8b465ee728b) (PreviewImporter) -> (artifact id: '0e8f938da73e80ec1540f588b773fe7c') in 0.061127 seconds
Number of updated asset objects reloaded before import = 0Number of asset objects unloaded after import = 9

========================================================================
Received Import Request.
  Time since last request: 0.000044 seconds.
  path: Assets/Map Components/Low-Poly Medieval Market/Prefabs/Weapons/crossbow_bolt.prefab
  artifactKey: Guid(3016a9d029c6aeb4b85502f71532780b) Importer(815301076,1909f56bfc062723c751e8b465ee728b)
Start importing Assets/Map Components/Low-Poly Medieval Market/Prefabs/Weapons/crossbow_bolt.prefab using Guid(3016a9d029c6aeb4b85502f71532780b) Importer(815301076,1909f56bfc062723c751e8b465ee728b) (PreviewImporter) -> (artifact id: '487471d9925d121a3a64c9b043f3f105') in 0.0493453 seconds
Number of updated asset objects reloaded before import = 0Number of asset objects unloaded after import = 9

========================================================================
Received Import Request.
  Time since last request: 0.000054 seconds.
  path: Assets/Map Components/Low-Poly Medieval Market/Prefabs/Weapons/crossbow.prefab
  artifactKey: Guid(8d5cf3cf8ffea8644b3a44cd6870c703) Importer(815301076,1909f56bfc062723c751e8b465ee728b)
Start importing Assets/Map Components/Low-Poly Medieval Market/Prefabs/Weapons/crossbow.prefab using Guid(8d5cf3cf8ffea8644b3a44cd6870c703) Importer(815301076,1909f56bfc062723c751e8b465ee728b) (PreviewImporter) -> (artifact id: '2b5314a9805237c3309a00894e2ffd8b') in 0.0450757 seconds
Number of updated asset objects reloaded before import = 0Number of asset objects unloaded after import = 24

========================================================================
Received Import Request.
  Time since last request: 0.000037 seconds.
  path: Assets/Map Components/Low-Poly Medieval Market/Prefabs/Weapons/two_handed_hammer.prefab
  artifactKey: Guid(e32d34c22f62e884195484260ddba41c) Importer(815301076,1909f56bfc062723c751e8b465ee728b)
Start importing Assets/Map Components/Low-Poly Medieval Market/Prefabs/Weapons/two_handed_hammer.prefab using Guid(e32d34c22f62e884195484260ddba41c) Importer(815301076,1909f56bfc062723c751e8b465ee728b) (PreviewImporter) -> (artifact id: '9c7c962a0f158fa584cc34d9909d02c8') in 0.0472655 seconds
Number of updated asset objects reloaded before import = 0Number of asset objects unloaded after import = 9

========================================================================
Received Import Request.
  Time since last request: 0.000038 seconds.
  path: Assets/Map Components/Low-Poly Medieval Market/Prefabs/Weapons/mace.prefab
  artifactKey: Guid(93b246921b0fb3d4fa054186c3505528) Importer(815301076,1909f56bfc062723c751e8b465ee728b)
Start importing Assets/Map Components/Low-Poly Medieval Market/Prefabs/Weapons/mace.prefab using Guid(93b246921b0fb3d4fa054186c3505528) Importer(815301076,1909f56bfc062723c751e8b465ee728b) (PreviewImporter) -> (artifact id: '3d8bdbe73ee5cd20e85c8f224ce4fda7') in 0.0503914 seconds
Number of updated asset objects reloaded before import = 0Number of asset objects unloaded after import = 9

========================================================================
Received Import Request.
  Time since last request: 0.000053 seconds.
  path: Assets/Map Components/Low-Poly Medieval Market/Prefabs/Weapons/two_handed_axe.prefab
  artifactKey: Guid(05b7ed5f67e74a640a9c53e965cd9d12) Importer(815301076,1909f56bfc062723c751e8b465ee728b)
Start importing Assets/Map Components/Low-Poly Medieval Market/Prefabs/Weapons/two_handed_axe.prefab using Guid(05b7ed5f67e74a640a9c53e965cd9d12) Importer(815301076,1909f56bfc062723c751e8b465ee728b) (PreviewImporter) -> (artifact id: '7c18610796c06c4fbaf368d4771879d4') in 0.0462296 seconds
Number of updated asset objects reloaded before import = 0Number of asset objects unloaded after import = 9

========================================================================
Received Import Request.
  Time since last request: 0.000076 seconds.
  path: Assets/Map Components/Low-Poly Medieval Market/Prefabs/Weapons/dagger.prefab
  artifactKey: Guid(0118f73dbd62e9a48a59bb12475c9a5f) Importer(815301076,1909f56bfc062723c751e8b465ee728b)
Start importing Assets/Map Components/Low-Poly Medieval Market/Prefabs/Weapons/dagger.prefab using Guid(0118f73dbd62e9a48a59bb12475c9a5f) Importer(815301076,1909f56bfc062723c751e8b465ee728b) (PreviewImporter) -> (artifact id: '3fbc80f5bb0a6a662fdcda51a48eb9d1') in 0.0444095 seconds
Number of updated asset objects reloaded before import = 0Number of asset objects unloaded after import = 9

========================================================================
Received Import Request.
  Time since last request: 0.000032 seconds.
  path: Assets/Map Components/Low-Poly Medieval Market/Prefabs/Weapons/two_handed_sword.prefab
  artifactKey: Guid(18316d8df39495b44ab8d0fcea434874) Importer(815301076,1909f56bfc062723c751e8b465ee728b)
Start importing Assets/Map Components/Low-Poly Medieval Market/Prefabs/Weapons/two_handed_sword.prefab using Guid(18316d8df39495b44ab8d0fcea434874) Importer(815301076,1909f56bfc062723c751e8b465ee728b) (PreviewImporter) -> (artifact id: 'a773852db87244c13e9d9dd4907cb9d1') in 0.0471007 seconds
Number of updated asset objects reloaded before import = 0Number of asset objects unloaded after import = 9

========================================================================
Received Import Request.
  Time since last request: 0.000044 seconds.
  path: Assets/Map Components/Low-Poly Medieval Market/Prefabs/Weapons/one_handed_sword.prefab
  artifactKey: Guid(a262d897f717f8f4f8c816f018cf988c) Importer(815301076,1909f56bfc062723c751e8b465ee728b)
Start importing Assets/Map Components/Low-Poly Medieval Market/Prefabs/Weapons/one_handed_sword.prefab using Guid(a262d897f717f8f4f8c816f018cf988c) Importer(815301076,1909f56bfc062723c751e8b465ee728b) (PreviewImporter) -> (artifact id: 'e2ca7d27cfb0d6cfc206fcb7d3e3ae86') in 0.0484781 seconds
Number of updated asset objects reloaded before import = 0Number of asset objects unloaded after import = 9

========================================================================
Received Import Request.
  Time since last request: 0.000041 seconds.
  path: Assets/Map Components/Low-Poly Medieval Market/Prefabs/Weapons/shield_01.prefab
  artifactKey: Guid(d6fdb1e4c30f266459d2118f85d3f2aa) Importer(815301076,1909f56bfc062723c751e8b465ee728b)
Start importing Assets/Map Components/Low-Poly Medieval Market/Prefabs/Weapons/shield_01.prefab using Guid(d6fdb1e4c30f266459d2118f85d3f2aa) Importer(815301076,1909f56bfc062723c751e8b465ee728b) (PreviewImporter) -> (artifact id: 'eea8fc170736ba389b43fc2d7f126dcf') in 0.0483581 seconds
Number of updated asset objects reloaded before import = 0Number of asset objects unloaded after import = 9

========================================================================
Received Import Request.
  Time since last request: 0.000066 seconds.
  path: Assets/Map Components/Low-Poly Medieval Market/Prefabs/Weapons/spear.prefab
  artifactKey: Guid(c64b2f9a2c80825418e67c7593456e1b) Importer(815301076,1909f56bfc062723c751e8b465ee728b)
Start importing Assets/Map Components/Low-Poly Medieval Market/Prefabs/Weapons/spear.prefab using Guid(c64b2f9a2c80825418e67c7593456e1b) Importer(815301076,1909f56bfc062723c751e8b465ee728b) (PreviewImporter) -> (artifact id: '5514b7436b0fc191c87e629111acc0b3') in 0.0456522 seconds
Number of updated asset objects reloaded before import = 0Number of asset objects unloaded after import = 9

========================================================================
Received Import Request.
  Time since last request: 0.000038 seconds.
  path: Assets/Map Components/Low-Poly Medieval Market/Prefabs/Weapons/curved_dagger.prefab
  artifactKey: Guid(a2674319195dc7347bcebeb89032aca4) Importer(815301076,1909f56bfc062723c751e8b465ee728b)
Start importing Assets/Map Components/Low-Poly Medieval Market/Prefabs/Weapons/curved_dagger.prefab using Guid(a2674319195dc7347bcebeb89032aca4) Importer(815301076,1909f56bfc062723c751e8b465ee728b) (PreviewImporter) -> (artifact id: '4b4854b53e2a75b9c5b68c39685429a4') in 0.0489156 seconds
Number of updated asset objects reloaded before import = 0Number of asset objects unloaded after import = 9

========================================================================
Received Import Request.
  Time since last request: 0.000040 seconds.
  path: Assets/Map Components/Low-Poly Medieval Market/Prefabs/Weapons/long_bow.prefab
  artifactKey: Guid(72bda203642b55d448714d7c6b19aa75) Importer(815301076,1909f56bfc062723c751e8b465ee728b)
Start importing Assets/Map Components/Low-Poly Medieval Market/Prefabs/Weapons/long_bow.prefab using Guid(72bda203642b55d448714d7c6b19aa75) Importer(815301076,1909f56bfc062723c751e8b465ee728b) (PreviewImporter) -> (artifact id: 'a77749d5da715d8d630827295b744245') in 0.0520348 seconds
Number of updated asset objects reloaded before import = 0Number of asset objects unloaded after import = 14

========================================================================
Received Import Request.
  Time since last request: 1.304614 seconds.
  path: Assets/Map Components/Low-Poly Medieval Market/Prefabs/Fruits and vegetables
  artifactKey: Guid(9044947c42758154e8ea125c3cdceb18) Importer(815301076,1909f56bfc062723c751e8b465ee728b)
Start importing Assets/Map Components/Low-Poly Medieval Market/Prefabs/Fruits and vegetables using Guid(9044947c42758154e8ea125c3cdceb18) Importer(815301076,1909f56bfc062723c751e8b465ee728b) (PreviewImporter) -> (artifact id: 'ebd572b6a3e247f495b1104838a37eaf') in 0.0006985 seconds
Number of updated asset objects reloaded before import = 0Number of asset objects unloaded after import = 0

========================================================================
Received Import Request.
  Time since last request: 0.056486 seconds.
  path: Assets/Map Components/Low-Poly Medieval Market/Prefabs/Fruits and vegetables/apple_green.prefab
  artifactKey: Guid(43556b5539144a845b5edfb031914765) Importer(815301076,1909f56bfc062723c751e8b465ee728b)
Start importing Assets/Map Components/Low-Poly Medieval Market/Prefabs/Fruits and vegetables/apple_green.prefab using Guid(43556b5539144a845b5edfb031914765) Importer(815301076,1909f56bfc062723c751e8b465ee728b) (PreviewImporter) -> (artifact id: 'e83b82529284c33bcc649ceec073a06c') in 0.0782646 seconds
Number of updated asset objects reloaded before import = 0Number of asset objects unloaded after import = 9

========================================================================
Received Import Request.
  Time since last request: 0.000040 seconds.
  path: Assets/Map Components/Low-Poly Medieval Market/Prefabs/Fruits and vegetables/bananas.prefab
  artifactKey: Guid(2aea14354031de945a8280e4486ef3af) Importer(815301076,1909f56bfc062723c751e8b465ee728b)
Start importing Assets/Map Components/Low-Poly Medieval Market/Prefabs/Fruits and vegetables/bananas.prefab using Guid(2aea14354031de945a8280e4486ef3af) Importer(815301076,1909f56bfc062723c751e8b465ee728b) (PreviewImporter) -> (artifact id: 'dfea5334d6ae23a828acb3e5f66ef0df') in 0.0733983 seconds
Number of updated asset objects reloaded before import = 0Number of asset objects unloaded after import = 48

========================================================================
Received Import Request.
  Time since last request: 0.000053 seconds.
  path: Assets/Map Components/Low-Poly Medieval Market/Prefabs/Fruits and vegetables/onion.prefab
  artifactKey: Guid(1ef9cef6908c85e4ab01cd5bf9666027) Importer(815301076,1909f56bfc062723c751e8b465ee728b)
Start importing Assets/Map Components/Low-Poly Medieval Market/Prefabs/Fruits and vegetables/onion.prefab using Guid(1ef9cef6908c85e4ab01cd5bf9666027) Importer(815301076,1909f56bfc062723c751e8b465ee728b) (PreviewImporter) -> (artifact id: '1f16ef97423f25736d1d2d2c59615dc5') in 0.0634678 seconds
Number of updated asset objects reloaded before import = 0Number of asset objects unloaded after import = 9

========================================================================
Received Import Request.
  Time since last request: 0.000044 seconds.
  path: Assets/Map Components/Low-Poly Medieval Market/Prefabs/Fruits and vegetables/banana_connector.prefab
  artifactKey: Guid(538c8ff5c1fc93a4d979678be31d7563) Importer(815301076,1909f56bfc062723c751e8b465ee728b)
Start importing Assets/Map Components/Low-Poly Medieval Market/Prefabs/Fruits and vegetables/banana_connector.prefab using Guid(538c8ff5c1fc93a4d979678be31d7563) Importer(815301076,1909f56bfc062723c751e8b465ee728b) (PreviewImporter) -> (artifact id: 'f746ad8a98c144300cda8df31b8fab1c') in 0.0538724 seconds
Number of updated asset objects reloaded before import = 0Number of asset objects unloaded after import = 9

========================================================================
Received Import Request.
  Time since last request: 0.000041 seconds.
  path: Assets/Map Components/Low-Poly Medieval Market/Prefabs/Fruits and vegetables/cucumber.prefab
  artifactKey: Guid(0dd60896cc22bfa46bfd0a908da1b92b) Importer(815301076,1909f56bfc062723c751e8b465ee728b)
Start importing Assets/Map Components/Low-Poly Medieval Market/Prefabs/Fruits and vegetables/cucumber.prefab using Guid(0dd60896cc22bfa46bfd0a908da1b92b) Importer(815301076,1909f56bfc062723c751e8b465ee728b) (PreviewImporter) -> (artifact id: '726f45d03367a3e6e4ca37731b4eedf9') in 0.047427 seconds
Number of updated asset objects reloaded before import = 0Number of asset objects unloaded after import = 9

========================================================================
Received Import Request.
  Time since last request: 0.000048 seconds.
  path: Assets/Map Components/Low-Poly Medieval Market/Prefabs/Fruits and vegetables/beet.prefab
  artifactKey: Guid(acbc5754161cdcc4994e732bf0e9fd18) Importer(815301076,1909f56bfc062723c751e8b465ee728b)
Start importing Assets/Map Components/Low-Poly Medieval Market/Prefabs/Fruits and vegetables/beet.prefab using Guid(acbc5754161cdcc4994e732bf0e9fd18) Importer(815301076,1909f56bfc062723c751e8b465ee728b) (PreviewImporter) -> (artifact id: 'd7a814e9336c0a6f1825cccb61782b32') in 0.0507127 seconds
Number of updated asset objects reloaded before import = 0Number of asset objects unloaded after import = 9

========================================================================
Received Import Request.
  Time since last request: 11.691742 seconds.
  path: Assets/Map Components/Low-Poly Medieval Market/Prefabs/Armor
  artifactKey: Guid(6c5b815d81bac9d4f96ad40c3d1d3c6c) Importer(815301076,1909f56bfc062723c751e8b465ee728b)
Start importing Assets/Map Components/Low-Poly Medieval Market/Prefabs/Armor using Guid(6c5b815d81bac9d4f96ad40c3d1d3c6c) Importer(815301076,1909f56bfc062723c751e8b465ee728b) (PreviewImporter) -> (artifact id: 'aea9046b8e67567f2c0efa458dd304a1') in 0.0011329 seconds
Number of updated asset objects reloaded before import = 0Number of asset objects unloaded after import = 0

========================================================================
Received Import Request.
  Time since last request: 0.019377 seconds.
  path: Assets/Map Components/Low-Poly Medieval Market/Prefabs/Armor/armor.prefab
  artifactKey: Guid(991b236b43c591349b1df600c83ccde2) Importer(815301076,1909f56bfc062723c751e8b465ee728b)
Start importing Assets/Map Components/Low-Poly Medieval Market/Prefabs/Armor/armor.prefab using Guid(991b236b43c591349b1df600c83ccde2) Importer(815301076,1909f56bfc062723c751e8b465ee728b) (PreviewImporter) -> (artifact id: '2bf34989e3b4f38540d45c65cba99398') in 0.0609316 seconds
Number of updated asset objects reloaded before import = 0Number of asset objects unloaded after import = 9

========================================================================
Received Import Request.
  Time since last request: 0.000078 seconds.
  path: Assets/Map Components/Low-Poly Medieval Market/Prefabs/Armor/helmet_visor_solo.prefab
  artifactKey: Guid(9184adcc3e6a26d469539042e806b4c3) Importer(815301076,1909f56bfc062723c751e8b465ee728b)
Start importing Assets/Map Components/Low-Poly Medieval Market/Prefabs/Armor/helmet_visor_solo.prefab using Guid(9184adcc3e6a26d469539042e806b4c3) Importer(815301076,1909f56bfc062723c751e8b465ee728b) (PreviewImporter) -> (artifact id: 'd0dcc4209f81c1f7a3524c297e6ad6e2') in 0.0527729 seconds
Number of updated asset objects reloaded before import = 0Number of asset objects unloaded after import = 11

========================================================================
Received Import Request.
  Time since last request: 0.000059 seconds.
  path: Assets/Map Components/Low-Poly Medieval Market/Prefabs/Armor/armor_shoulder_pad_right.prefab
  artifactKey: Guid(38a7bdcbac06ce849976bd81b497725a) Importer(815301076,1909f56bfc062723c751e8b465ee728b)
Start importing Assets/Map Components/Low-Poly Medieval Market/Prefabs/Armor/armor_shoulder_pad_right.prefab using Guid(38a7bdcbac06ce849976bd81b497725a) Importer(815301076,1909f56bfc062723c751e8b465ee728b) (PreviewImporter) -> (artifact id: 'e5999b9eabbbfdb7abd6d5f39abd9f93') in 0.0864091 seconds
Number of updated asset objects reloaded before import = 0Number of asset objects unloaded after import = 9

========================================================================
Received Prepare
Begin MonoManager ReloadAssembly
- Loaded All Assemblies, in  0.713 seconds
Refreshing native plugins compatible for Editor in 0.60 ms, found 3 plugins.
Native extension for WindowsStandalone target not found
Mono: successfully reloaded assembly
- Finished resetting the current domain, in  0.868 seconds
Domain Reload Profiling: 1584ms
	BeginReloadAssembly (214ms)
		ExecutionOrderSort (0ms)
		DisableScriptedObjects (19ms)
		BackupInstance (0ms)
		ReleaseScriptingObjects (0ms)
		CreateAndSetChildDomain (62ms)
	RebuildCommonClasses (33ms)
	RebuildNativeTypeToScriptingClass (11ms)
	initialDomainReloadingComplete (27ms)
	LoadAllAssembliesAndSetupDomain (430ms)
		LoadAssemblies (312ms)
		RebuildTransferFunctionScriptingTraits (0ms)
		AnalyzeDomain (211ms)
			TypeCache.Refresh (7ms)
				TypeCache.ScanAssembly (0ms)
			BuildScriptInfoCaches (189ms)
			ResolveRequiredComponents (10ms)
	FinalizeReload (869ms)
		ReleaseScriptCaches (0ms)
		RebuildScriptCaches (0ms)
		SetupLoadedEditorAssemblies (567ms)
			LogAssemblyErrors (0ms)
			InitializePlatformSupportModulesInManaged (2ms)
			SetLoadedEditorAssemblies (5ms)
			BeforeProcessingInitializeOnLoad (60ms)
			ProcessInitializeOnLoadAttributes (442ms)
			ProcessInitializeOnLoadMethodAttributes (52ms)
			AfterProcessingInitializeOnLoad (5ms)
			EditorAssembliesLoaded (0ms)
		ExecutionOrderSort2 (0ms)
		AwakeInstancesAfterBackupRestoration (14ms)
Refreshing native plugins compatible for Editor in 1.05 ms, found 3 plugins.
Preloading 0 native plugins for Editor in 0.00 ms.
Unloading 22 Unused Serialized files (Serialized files now loaded: 0)
Unloading 5929 unused Assets / (4.5 MB). Loaded Objects now: 6746.
Memory consumption went from 172.5 MB to 168.0 MB.
Total: 11.819600 ms (FindLiveObjects: 0.790800 ms CreateObjectMapping: 0.787100 ms MarkObjects: 6.862700 ms  DeleteObjects: 3.376100 ms)

Prepare: number of updated asset objects reloaded= 0
========================================================================
Received Import Request.
  Time since last request: 335.443575 seconds.
  path: Assets/Prefabs/SaveRoom.prefab
  artifactKey: Guid(6371a2c82bf71094fbb31118e47a132b) Importer(815301076,1909f56bfc062723c751e8b465ee728b)
Start importing Assets/Prefabs/SaveRoom.prefab using Guid(6371a2c82bf71094fbb31118e47a132b) Importer(815301076,1909f56bfc062723c751e8b465ee728b) (PreviewImporter) -> (artifact id: '21c8bf30f258cb8468f28e9847077d20') in 0.6657667 seconds
Number of updated asset objects reloaded before import = 0Number of asset objects unloaded after import = 2414

========================================================================
Received Import Request.
  Time since last request: 310.772948 seconds.
  path: Assets/Map Components/Low-Poly Medieval Market/Prefabs/Environment/lamp_post.prefab
  artifactKey: Guid(3f3fe03e033d43a49ba2cfb47082b18f) Importer(815301076,1909f56bfc062723c751e8b465ee728b)
Start importing Assets/Map Components/Low-Poly Medieval Market/Prefabs/Environment/lamp_post.prefab using Guid(3f3fe03e033d43a49ba2cfb47082b18f) Importer(815301076,1909f56bfc062723c751e8b465ee728b) (PreviewImporter) -> (artifact id: 'b751a2d1a8f10ad001827b99315816f3') in 0.0302967 seconds
Number of updated asset objects reloaded before import = 0Number of asset objects unloaded after import = 14

========================================================================
Received Import Request.
  Time since last request: 1.767609 seconds.
  path: Assets/Map Components/Low-Poly Medieval Market/Materials
  artifactKey: Guid(d0234ba368eeec9418390da711bfdad0) Importer(815301076,1909f56bfc062723c751e8b465ee728b)
Start importing Assets/Map Components/Low-Poly Medieval Market/Materials using Guid(d0234ba368eeec9418390da711bfdad0) Importer(815301076,1909f56bfc062723c751e8b465ee728b) (PreviewImporter) -> (artifact id: 'e96eb5a4396099bbbcff4302b1ecb562') in 0.0008926 seconds
Number of updated asset objects reloaded before import = 0Number of asset objects unloaded after import = 0

========================================================================
Received Import Request.
  Time since last request: 3.187377 seconds.
  path: Assets/Map Components/Low-Poly Medieval Market/Readme
  artifactKey: Guid(be46e4703781542e7864733b75606d6d) Importer(815301076,1909f56bfc062723c751e8b465ee728b)
Start importing Assets/Map Components/Low-Poly Medieval Market/Readme using Guid(be46e4703781542e7864733b75606d6d) Importer(815301076,1909f56bfc062723c751e8b465ee728b) (PreviewImporter) -> (artifact id: '08b0ceec2e53ac1c515a7ea1c2e6a4f4') in 0.0006404 seconds
Number of updated asset objects reloaded before import = 0Number of asset objects unloaded after import = 0

========================================================================
Received Import Request.
  Time since last request: 280.665513 seconds.
  path: Assets/Weapons/3D Low-Poly Swords/Prefabs
  artifactKey: Guid(bfffd056970b4864586f687e595a3a21) Importer(815301076,1909f56bfc062723c751e8b465ee728b)
Start importing Assets/Weapons/3D Low-Poly Swords/Prefabs using Guid(bfffd056970b4864586f687e595a3a21) Importer(815301076,1909f56bfc062723c751e8b465ee728b) (PreviewImporter) -> (artifact id: 'c1af5432d8504a2554b6d35b2863c828') in 0.0010358 seconds
Number of updated asset objects reloaded before import = 0Number of asset objects unloaded after import = 0

========================================================================
Received Import Request.
  Time since last request: 0.062718 seconds.
  path: Assets/Weapons/3D Low-Poly Swords/Prefabs/Sword1.prefab
  artifactKey: Guid(7efe259af5fe2f14a90724d2c5bc60d5) Importer(815301076,1909f56bfc062723c751e8b465ee728b)
Start importing Assets/Weapons/3D Low-Poly Swords/Prefabs/Sword1.prefab using Guid(7efe259af5fe2f14a90724d2c5bc60d5) Importer(815301076,1909f56bfc062723c751e8b465ee728b) (PreviewImporter) -> (artifact id: '125eb2b998b2b00cae44c381e14fd333') in 0.0723494 seconds
Number of updated asset objects reloaded before import = 0Number of asset objects unloaded after import = 14

========================================================================
Received Import Request.
  Time since last request: 0.000035 seconds.
  path: Assets/Weapons/3D Low-Poly Swords/Prefabs/Sword2 Obj.prefab
  artifactKey: Guid(526521ab3f36c6747a14212f9f96e9b9) Importer(815301076,1909f56bfc062723c751e8b465ee728b)
Start importing Assets/Weapons/3D Low-Poly Swords/Prefabs/Sword2 Obj.prefab using Guid(526521ab3f36c6747a14212f9f96e9b9) Importer(815301076,1909f56bfc062723c751e8b465ee728b) (PreviewImporter) -> (artifact id: '0bedc0ec82d8c27f132767bf628bd835') in 0.064152 seconds
Number of updated asset objects reloaded before import = 0Number of asset objects unloaded after import = 16

========================================================================
Received Import Request.
  Time since last request: 0.000030 seconds.
  path: Assets/Weapons/3D Low-Poly Swords/Prefabs/Sword2.prefab
  artifactKey: Guid(3f7ed2a5772d4e541bf6187f56a3afa1) Importer(815301076,1909f56bfc062723c751e8b465ee728b)
Start importing Assets/Weapons/3D Low-Poly Swords/Prefabs/Sword2.prefab using Guid(3f7ed2a5772d4e541bf6187f56a3afa1) Importer(815301076,1909f56bfc062723c751e8b465ee728b) (PreviewImporter) -> (artifact id: '2f3205bb69ddba2a03a4ac218de76c59') in 0.0439336 seconds
Number of updated asset objects reloaded before import = 0Number of asset objects unloaded after import = 14

========================================================================
Received Import Request.
  Time since last request: 6.562263 seconds.
  path: Assets/Weapons/3D Low-Poly Swords/Textur/Sword1/AO Sword1.png
  artifactKey: Guid(00f631efea175e2449c32e8edda3eb2d) Importer(815301076,1909f56bfc062723c751e8b465ee728b)
Start importing Assets/Weapons/3D Low-Poly Swords/Textur/Sword1/AO Sword1.png using Guid(00f631efea175e2449c32e8edda3eb2d) Importer(815301076,1909f56bfc062723c751e8b465ee728b) (PreviewImporter) -> (artifact id: '45e535fdb53db42615904c0c09690fa7') in 0.0465731 seconds
Number of updated asset objects reloaded before import = 0Number of asset objects unloaded after import = 2

========================================================================
Received Import Request.
  Time since last request: 0.000034 seconds.
  path: Assets/Weapons/3D Low-Poly Swords/Textur/Sword1/Metall Sword1.png
  artifactKey: Guid(caac4eeca023e9a4988112950cf73fb3) Importer(815301076,1909f56bfc062723c751e8b465ee728b)
Start importing Assets/Weapons/3D Low-Poly Swords/Textur/Sword1/Metall Sword1.png using Guid(caac4eeca023e9a4988112950cf73fb3) Importer(815301076,1909f56bfc062723c751e8b465ee728b) (PreviewImporter) -> (artifact id: '5e351d40820219c867b503c044d9e25e') in 0.0392145 seconds
Number of updated asset objects reloaded before import = 0Number of asset objects unloaded after import = 2

========================================================================
Received Import Request.
  Time since last request: 0.000050 seconds.
  path: Assets/Weapons/3D Low-Poly Swords/Textur/Sword1/Normal Sword1.png
  artifactKey: Guid(2efe37b3c0d13044fb1daf5f4734c2ae) Importer(815301076,1909f56bfc062723c751e8b465ee728b)
Start importing Assets/Weapons/3D Low-Poly Swords/Textur/Sword1/Normal Sword1.png using Guid(2efe37b3c0d13044fb1daf5f4734c2ae) Importer(815301076,1909f56bfc062723c751e8b465ee728b) (PreviewImporter) -> (artifact id: '4352e88ac262cfa285060b15aecd9dac') in 0.052564 seconds
Number of updated asset objects reloaded before import = 0Number of asset objects unloaded after import = 2

========================================================================
Received Import Request.
  Time since last request: 1.676019 seconds.
  path: Assets/Weapons/3D Low-Poly Swords/Textur/Sword1/Unity HDRP URP/Sword1_SpecularSmoothness.png
  artifactKey: Guid(1058f0d21f7831d4680355e5f08eebf7) Importer(815301076,1909f56bfc062723c751e8b465ee728b)
Start importing Assets/Weapons/3D Low-Poly Swords/Textur/Sword1/Unity HDRP URP/Sword1_SpecularSmoothness.png using Guid(1058f0d21f7831d4680355e5f08eebf7) Importer(815301076,1909f56bfc062723c751e8b465ee728b) (PreviewImporter) -> (artifact id: '11633acfb90a16b3ee607a4b962d9153') in 0.0334154 seconds
Number of updated asset objects reloaded before import = 0Number of asset objects unloaded after import = 2

========================================================================
Received Import Request.
  Time since last request: 3.617661 seconds.
  path: Assets/Weapons/3D Low-Poly Swords/Materials/Sword2.mat
  artifactKey: Guid(28973ea662180e94aa6d2364e35fa489) Importer(815301076,1909f56bfc062723c751e8b465ee728b)
Start importing Assets/Weapons/3D Low-Poly Swords/Materials/Sword2.mat using Guid(28973ea662180e94aa6d2364e35fa489) Importer(815301076,1909f56bfc062723c751e8b465ee728b) (PreviewImporter) -> (artifact id: '6f9a34f2cae7d37c0d650c7618f9306d') in 0.0678988 seconds
Number of updated asset objects reloaded before import = 0Number of asset objects unloaded after import = 6

