Using pre-set license
Built from '6000.0/release' branch; Version is '6000.0.25f1 (4859ab7b5a49) revision 4741547'; Using compiler version '193933523'; Build Type 'Release'
OS: 'Windows 11  (10.0.26100) 64bit Professional' Language: 'ru' Physical Memory: 16076 MB
BatchMode: 1, IsHumanControllingUs: 0, StartBugReporterOnCrash: 0, Is64bit: 1, IsPro: 1

COMMAND LINE ARGUMENTS:
D:\IVAN FOLDER [basic]\UNITY\6000.0.25f1\Editor\Unity.exe
-adb2
-batchMode
-noUpm
-name
AssetImportWorker9
-projectPath
D:/IVAN FOLDER [basic]/UNITY/Projects/Shadow-of-the-Dungeon/Shadow of the Dungeon
-logFile
Logs/AssetImportWorker9.log
-srvPort
50611
-job-worker-count
5
-background-job-worker-count
8
-asset-garbage-collectors
1
Successfully changed project path to: D:/IVAN FOLDER [basic]/UNITY/Projects/Shadow-of-the-Dungeon/Shadow of the Dungeon
D:/IVAN FOLDER [basic]/UNITY/Projects/Shadow-of-the-Dungeon/Shadow of the Dungeon
[UnityMemory] Configuration Parameters - Can be set up in boot.config
    "memorysetup-bucket-allocator-granularity=16"
    "memorysetup-bucket-allocator-bucket-count=8"
    "memorysetup-bucket-allocator-block-size=33554432"
    "memorysetup-bucket-allocator-block-count=8"
    "memorysetup-main-allocator-block-size=16777216"
    "memorysetup-thread-allocator-block-size=16777216"
    "memorysetup-gfx-main-allocator-block-size=16777216"
    "memorysetup-gfx-thread-allocator-block-size=16777216"
    "memorysetup-cache-allocator-block-size=4194304"
    "memorysetup-typetree-allocator-block-size=2097152"
    "memorysetup-profiler-bucket-allocator-granularity=16"
    "memorysetup-profiler-bucket-allocator-bucket-count=8"
    "memorysetup-profiler-bucket-allocator-block-size=33554432"
    "memorysetup-profiler-bucket-allocator-block-count=8"
    "memorysetup-profiler-allocator-block-size=16777216"
    "memorysetup-profiler-editor-allocator-block-size=1048576"
    "memorysetup-temp-allocator-size-main=16777216"
    "memorysetup-job-temp-allocator-block-size=2097152"
    "memorysetup-job-temp-allocator-block-size-background=1048576"
    "memorysetup-job-temp-allocator-reduction-small-platforms=262144"
    "memorysetup-allocator-temp-initial-block-size-main=262144"
    "memorysetup-allocator-temp-initial-block-size-worker=262144"
    "memorysetup-temp-allocator-size-background-worker=32768"
    "memorysetup-temp-allocator-size-job-worker=262144"
    "memorysetup-temp-allocator-size-preload-manager=33554432"
    "memorysetup-temp-allocator-size-nav-mesh-worker=65536"
    "memorysetup-temp-allocator-size-audio-worker=65536"
    "memorysetup-temp-allocator-size-cloud-worker=32768"
    "memorysetup-temp-allocator-size-gi-baking-worker=262144"
    "memorysetup-temp-allocator-size-gi-baking-worker=262144"
    "memorysetup-temp-allocator-size-gi-baking-worker=262144"
    "memorysetup-temp-allocator-size-gi-baking-worker=262144"
    "memorysetup-temp-allocator-size-gi-baking-worker=262144"
    "memorysetup-temp-allocator-size-gfx=262144"
Player connection [1976]  Target information:

Player connection [1976]  * "[IP] 192.168.8.116 [Port] 0 [Flags] 2 [Guid] 3296204611 [EditorId] 3296204611 [Version] 1048832 [Id] WindowsEditor(7,DESKTOP-9J1EOIR) [Debug] 1 [PackageName] WindowsEditor [ProjectName] Editor" 

Player connection [1976] Host joined multi-casting on [225.0.0.222:54997]...
Player connection [1976] Host joined alternative multi-casting on [225.0.0.222:34997]...
JobSystem: Creating JobQueue using job-worker-count value 5
[Physics::Module] Initialized fallback backend.
[Physics::Module] Id: 0xdecafbad
Library Redirect Path: Library/
[Physics::Module] Selected backend.
[Physics::Module] Name: PhysX
[Physics::Module] Id: 0xf2b8ea05
[Physics::Module] SDK Version: 4.1.2
[Physics::Module] Integration Version: 1.0.0
[Physics::Module] Threading Mode: Multi-Threaded
Refreshing native plugins compatible for Editor in 1.61 ms, found 3 plugins.
Preloading 0 native plugins for Editor in 0.00 ms.
Initialize engine version: 6000.0.25f1 (4859ab7b5a49)
[Subsystems] Discovering subsystems at path D:/IVAN FOLDER [basic]/UNITY/6000.0.25f1/Editor/Data/Resources/UnitySubsystems
[Subsystems] Discovering subsystems at path D:/IVAN FOLDER [basic]/UNITY/Projects/Shadow-of-the-Dungeon/Shadow of the Dungeon/Assets
GfxDevice: creating device client; kGfxThreadingModeNonThreaded
Direct3D:
    Version:  Direct3D 11.0 [level 11.1]
    Renderer: Intel(R) UHD Graphics (ID=0x46a3)
    Vendor:   Intel
    VRAM:     8038 MB
    Driver:   32.0.101.5763
Initialize mono
Mono path[0] = 'D:/IVAN FOLDER [basic]/UNITY/6000.0.25f1/Editor/Data/Managed'
Mono path[1] = 'D:/IVAN FOLDER [basic]/UNITY/6000.0.25f1/Editor/Data/MonoBleedingEdge/lib/mono/unityjit-win32'
Mono config path = 'D:/IVAN FOLDER [basic]/UNITY/6000.0.25f1/Editor/Data/MonoBleedingEdge/etc'
Using monoOptions --debugger-agent=transport=dt_socket,embedding=1,server=y,suspend=n,address=127.0.0.1:56408
Begin MonoManager ReloadAssembly
Registering precompiled unity dll's ...
Register platform support module: D:/IVAN FOLDER [basic]/UNITY/6000.0.25f1/Editor/Data/PlaybackEngines/WindowsStandaloneSupport/UnityEditor.WindowsStandalone.Extensions.dll
Registered in 0.001346 seconds.
- Loaded All Assemblies, in  0.388 seconds
Native extension for WindowsStandalone target not found
Mono: successfully reloaded assembly
- Finished resetting the current domain, in  0.304 seconds
Domain Reload Profiling: 692ms
	BeginReloadAssembly (153ms)
		ExecutionOrderSort (0ms)
		DisableScriptedObjects (0ms)
		BackupInstance (0ms)
		ReleaseScriptingObjects (0ms)
		CreateAndSetChildDomain (1ms)
	RebuildCommonClasses (42ms)
	RebuildNativeTypeToScriptingClass (18ms)
	initialDomainReloadingComplete (44ms)
	LoadAllAssembliesAndSetupDomain (132ms)
		LoadAssemblies (151ms)
		RebuildTransferFunctionScriptingTraits (0ms)
		AnalyzeDomain (130ms)
			TypeCache.Refresh (128ms)
				TypeCache.ScanAssembly (117ms)
			BuildScriptInfoCaches (0ms)
			ResolveRequiredComponents (0ms)
	FinalizeReload (304ms)
		ReleaseScriptCaches (0ms)
		RebuildScriptCaches (0ms)
		SetupLoadedEditorAssemblies (264ms)
			LogAssemblyErrors (0ms)
			InitializePlatformSupportModulesInManaged (21ms)
			SetLoadedEditorAssemblies (5ms)
			BeforeProcessingInitializeOnLoad (6ms)
			ProcessInitializeOnLoadAttributes (182ms)
			ProcessInitializeOnLoadMethodAttributes (49ms)
			AfterProcessingInitializeOnLoad (2ms)
			EditorAssembliesLoaded (0ms)
		ExecutionOrderSort2 (0ms)
		AwakeInstancesAfterBackupRestoration (0ms)
========================================================================
Worker process is ready to serve import requests
Import Worker Mode flag is 0x00
Begin MonoManager ReloadAssembly
- Loaded All Assemblies, in  0.917 seconds
Refreshing native plugins compatible for Editor in 0.56 ms, found 3 plugins.
Native extension for WindowsStandalone target not found
Mono: successfully reloaded assembly
- Finished resetting the current domain, in  0.738 seconds
Domain Reload Profiling: 1656ms
	BeginReloadAssembly (370ms)
		ExecutionOrderSort (0ms)
		DisableScriptedObjects (5ms)
		BackupInstance (0ms)
		ReleaseScriptingObjects (0ms)
		CreateAndSetChildDomain (30ms)
	RebuildCommonClasses (34ms)
	RebuildNativeTypeToScriptingClass (10ms)
	initialDomainReloadingComplete (34ms)
	LoadAllAssembliesAndSetupDomain (468ms)
		LoadAssemblies (313ms)
		RebuildTransferFunctionScriptingTraits (0ms)
		AnalyzeDomain (247ms)
			TypeCache.Refresh (155ms)
				TypeCache.ScanAssembly (142ms)
			BuildScriptInfoCaches (78ms)
			ResolveRequiredComponents (10ms)
	FinalizeReload (739ms)
		ReleaseScriptCaches (0ms)
		RebuildScriptCaches (0ms)
		SetupLoadedEditorAssemblies (509ms)
			LogAssemblyErrors (0ms)
			InitializePlatformSupportModulesInManaged (3ms)
			SetLoadedEditorAssemblies (5ms)
			BeforeProcessingInitializeOnLoad (55ms)
			ProcessInitializeOnLoadAttributes (372ms)
			ProcessInitializeOnLoadMethodAttributes (68ms)
			AfterProcessingInitializeOnLoad (6ms)
			EditorAssembliesLoaded (0ms)
		ExecutionOrderSort2 (0ms)
		AwakeInstancesAfterBackupRestoration (5ms)
Launched and connected shader compiler UnityShaderCompiler.exe after 0.01 seconds
Refreshing native plugins compatible for Editor in 1.02 ms, found 3 plugins.
Preloading 0 native plugins for Editor in 0.00 ms.
Unloading 199 Unused Serialized files (Serialized files now loaded: 0)
Unloading 5930 unused Assets / (4.6 MB). Loaded Objects now: 6701.
Memory consumption went from 181.4 MB to 176.8 MB.
Total: 11.114500 ms (FindLiveObjects: 0.661400 ms CreateObjectMapping: 0.602000 ms MarkObjects: 7.545500 ms  DeleteObjects: 2.300600 ms)

========================================================================
Received Import Request.
  Time since last request: 19463.931357 seconds.
  path: Assets/Models/Kevin Iglesias/Characters/Humanoid Giant/Textures/Giant01_Flat/Giant01-Texture03_Flat.png
  artifactKey: Guid(7ef3356b31a285e4584999dd469ed81d) Importer(815301076,1909f56bfc062723c751e8b465ee728b)
Start importing Assets/Models/Kevin Iglesias/Characters/Humanoid Giant/Textures/Giant01_Flat/Giant01-Texture03_Flat.png using Guid(7ef3356b31a285e4584999dd469ed81d) Importer(815301076,1909f56bfc062723c751e8b465ee728b) (PreviewImporter) -> (artifact id: '2ceab3ad07c1bdfe7594a2abe9d98701') in 0.1254105 seconds
Number of updated asset objects reloaded before import = 0Number of asset objects unloaded after import = 2

========================================================================
Received Import Request.
  Time since last request: 10.569656 seconds.
  path: Assets/Models/Kevin Iglesias/Characters/Humanoid Giant/Textures/Giant01/Texture01/Giant01_Texture01-Metallic.png
  artifactKey: Guid(4581ad5e3c9f5264da00438082368174) Importer(815301076,1909f56bfc062723c751e8b465ee728b)
Start importing Assets/Models/Kevin Iglesias/Characters/Humanoid Giant/Textures/Giant01/Texture01/Giant01_Texture01-Metallic.png using Guid(4581ad5e3c9f5264da00438082368174) Importer(815301076,1909f56bfc062723c751e8b465ee728b) (PreviewImporter) -> (artifact id: '2c35237fc86430a4c35ddf5dc0036f15') in 0.0503737 seconds
Number of updated asset objects reloaded before import = 0Number of asset objects unloaded after import = 2

========================================================================
Received Prepare
Begin MonoManager ReloadAssembly
- Loaded All Assemblies, in  0.670 seconds
Refreshing native plugins compatible for Editor in 0.67 ms, found 3 plugins.
Native extension for WindowsStandalone target not found
Mono: successfully reloaded assembly
- Finished resetting the current domain, in  0.913 seconds
Domain Reload Profiling: 1586ms
	BeginReloadAssembly (219ms)
		ExecutionOrderSort (0ms)
		DisableScriptedObjects (7ms)
		BackupInstance (0ms)
		ReleaseScriptingObjects (0ms)
		CreateAndSetChildDomain (56ms)
	RebuildCommonClasses (31ms)
	RebuildNativeTypeToScriptingClass (11ms)
	initialDomainReloadingComplete (22ms)
	LoadAllAssembliesAndSetupDomain (389ms)
		LoadAssemblies (301ms)
		RebuildTransferFunctionScriptingTraits (0ms)
		AnalyzeDomain (196ms)
			TypeCache.Refresh (7ms)
				TypeCache.ScanAssembly (0ms)
			BuildScriptInfoCaches (175ms)
			ResolveRequiredComponents (10ms)
	FinalizeReload (914ms)
		ReleaseScriptCaches (0ms)
		RebuildScriptCaches (0ms)
		SetupLoadedEditorAssemblies (610ms)
			LogAssemblyErrors (0ms)
			InitializePlatformSupportModulesInManaged (2ms)
			SetLoadedEditorAssemblies (5ms)
			BeforeProcessingInitializeOnLoad (54ms)
			ProcessInitializeOnLoadAttributes (491ms)
			ProcessInitializeOnLoadMethodAttributes (52ms)
			AfterProcessingInitializeOnLoad (6ms)
			EditorAssembliesLoaded (0ms)
		ExecutionOrderSort2 (0ms)
		AwakeInstancesAfterBackupRestoration (12ms)
Refreshing native plugins compatible for Editor in 0.97 ms, found 3 plugins.
Preloading 0 native plugins for Editor in 0.00 ms.
Unloading 22 Unused Serialized files (Serialized files now loaded: 0)
Unloading 5928 unused Assets / (4.1 MB). Loaded Objects now: 6720.
Memory consumption went from 165.5 MB to 161.4 MB.
Total: 13.547500 ms (FindLiveObjects: 0.905900 ms CreateObjectMapping: 1.631600 ms MarkObjects: 6.690300 ms  DeleteObjects: 4.317400 ms)

Prepare: number of updated asset objects reloaded= 0
========================================================================
Received Import Request.
  Time since last request: 25.781827 seconds.
  path: Assets/Models/Kevin Iglesias/Characters/Humanoid Giant/Textures/Giant01/Texture01/Recolor/Giant01_Texture01-Recolor02.png
  artifactKey: Guid(a19a6cf6e664b164d9102c4af6ec947c) Importer(815301076,1909f56bfc062723c751e8b465ee728b)
Start importing Assets/Models/Kevin Iglesias/Characters/Humanoid Giant/Textures/Giant01/Texture01/Recolor/Giant01_Texture01-Recolor02.png using Guid(a19a6cf6e664b164d9102c4af6ec947c) Importer(815301076,1909f56bfc062723c751e8b465ee728b) (PreviewImporter) -> (artifact id: 'e5a05a36e77a62910791e4daf267871a') in 0.0874049 seconds
Number of updated asset objects reloaded before import = 0Number of asset objects unloaded after import = 2

========================================================================
Received Import Request.
  Time since last request: 0.000029 seconds.
  path: Assets/Models/Kevin Iglesias/Characters/Humanoid Giant/Textures/Giant01/Texture01/Recolor/Giant01_Texture01-Recolor03.png
  artifactKey: Guid(378f094dc82144647b285ea683c7a29e) Importer(815301076,1909f56bfc062723c751e8b465ee728b)
Start importing Assets/Models/Kevin Iglesias/Characters/Humanoid Giant/Textures/Giant01/Texture01/Recolor/Giant01_Texture01-Recolor03.png using Guid(378f094dc82144647b285ea683c7a29e) Importer(815301076,1909f56bfc062723c751e8b465ee728b) (PreviewImporter) -> (artifact id: '810fa6da334b49567bd3b037a5847d89') in 0.0281707 seconds
Number of updated asset objects reloaded before import = 0Number of asset objects unloaded after import = 2

========================================================================
Received Import Request.
  Time since last request: 13.062498 seconds.
  path: Assets/Models/minotaur1/Animations/minotaur1@attack3.fbx
  artifactKey: Guid(05590660f4e50e64687328f63b84c33c) Importer(815301076,1909f56bfc062723c751e8b465ee728b)
Start importing Assets/Models/minotaur1/Animations/minotaur1@attack3.fbx using Guid(05590660f4e50e64687328f63b84c33c) Importer(815301076,1909f56bfc062723c751e8b465ee728b) (PreviewImporter) -> (artifact id: '177f86fa1650df7248ac7130efb4035a') in 0.0151484 seconds
Number of updated asset objects reloaded before import = 0Number of asset objects unloaded after import = 137

========================================================================
Received Import Request.
  Time since last request: 0.000018 seconds.
  path: Assets/Models/minotaur1/Animations/minotaur1@death.fbx
  artifactKey: Guid(fcefcb225af888d48a34ad59a46f1be4) Importer(815301076,1909f56bfc062723c751e8b465ee728b)
Start importing Assets/Models/minotaur1/Animations/minotaur1@death.fbx using Guid(fcefcb225af888d48a34ad59a46f1be4) Importer(815301076,1909f56bfc062723c751e8b465ee728b) (PreviewImporter) -> (artifact id: '007cc44414bf01476b8fc0d43baada2b') in 0.0054431 seconds
Number of updated asset objects reloaded before import = 0Number of asset objects unloaded after import = 133

========================================================================
Received Import Request.
  Time since last request: 0.000026 seconds.
  path: Assets/Models/minotaur1/Animations/minotaur1@idle.fbx
  artifactKey: Guid(a889a04c29b15da44ba21bbb6f35ab61) Importer(815301076,1909f56bfc062723c751e8b465ee728b)
Start importing Assets/Models/minotaur1/Animations/minotaur1@idle.fbx using Guid(a889a04c29b15da44ba21bbb6f35ab61) Importer(815301076,1909f56bfc062723c751e8b465ee728b) (PreviewImporter) -> (artifact id: 'aacc4cdca9e5c43545562c9eb9456a0e') in 0.0041383 seconds
Number of updated asset objects reloaded before import = 0Number of asset objects unloaded after import = 133

========================================================================
Received Import Request.
  Time since last request: 0.000030 seconds.
  path: Assets/Models/minotaur1/Animations/minotaur1@walk_strafe_right45.fbx
  artifactKey: Guid(b68bf00b532c9444c9caa40411435233) Importer(815301076,1909f56bfc062723c751e8b465ee728b)
Start importing Assets/Models/minotaur1/Animations/minotaur1@walk_strafe_right45.fbx using Guid(b68bf00b532c9444c9caa40411435233) Importer(815301076,1909f56bfc062723c751e8b465ee728b) (PreviewImporter) -> (artifact id: '48b8a41eb92f2cf962534b3b46f55a2d') in 0.00653 seconds
Number of updated asset objects reloaded before import = 0Number of asset objects unloaded after import = 133

========================================================================
Received Import Request.
  Time since last request: 0.000030 seconds.
  path: Assets/Models/minotaur1/Animations/minotaur1@hit_2.fbx
  artifactKey: Guid(54af2e78347a4ff4ea36a48e2f5ad471) Importer(815301076,1909f56bfc062723c751e8b465ee728b)
Start importing Assets/Models/minotaur1/Animations/minotaur1@hit_2.fbx using Guid(54af2e78347a4ff4ea36a48e2f5ad471) Importer(815301076,1909f56bfc062723c751e8b465ee728b) (PreviewImporter) -> (artifact id: 'c34549e516474c0054593e1b581be5aa') in 0.0068829 seconds
Number of updated asset objects reloaded before import = 0Number of asset objects unloaded after import = 133

========================================================================
Received Import Request.
  Time since last request: 0.000022 seconds.
  path: Assets/Models/minotaur1/Animations/minotaur1@attack4_kick.fbx
  artifactKey: Guid(2266cfaabe6e767489b2331a158fe7d5) Importer(815301076,1909f56bfc062723c751e8b465ee728b)
Start importing Assets/Models/minotaur1/Animations/minotaur1@attack4_kick.fbx using Guid(2266cfaabe6e767489b2331a158fe7d5) Importer(815301076,1909f56bfc062723c751e8b465ee728b) (PreviewImporter) -> (artifact id: '2af0ca8965d05ce7875ed4adae712549') in 0.0062224 seconds
Number of updated asset objects reloaded before import = 0Number of asset objects unloaded after import = 137

========================================================================
Received Import Request.
  Time since last request: 306.516619 seconds.
  path: Assets/Models/DemonTree/Assets/Prefabs/Demon.prefab
  artifactKey: Guid(e57ff2a222c0ed44ea41cc22b40f0b81) Importer(815301076,1909f56bfc062723c751e8b465ee728b)
Start importing Assets/Models/DemonTree/Assets/Prefabs/Demon.prefab using Guid(e57ff2a222c0ed44ea41cc22b40f0b81) Importer(815301076,1909f56bfc062723c751e8b465ee728b) (PreviewImporter) -> (artifact id: 'e9ae06832dcc288aca130daeb353097d') in 0.5671671 seconds
Number of updated asset objects reloaded before import = 0Number of asset objects unloaded after import = 166

========================================================================
Received Import Request.
  Time since last request: 29.430529 seconds.
  path: Assets/Models/DemonTree/Assets/Textures/Demon/DemonTreeG_Demon_AO.tga
  artifactKey: Guid(d3735e4d471d47945860fb8877b7b0f6) Importer(815301076,1909f56bfc062723c751e8b465ee728b)
Start importing Assets/Models/DemonTree/Assets/Textures/Demon/DemonTreeG_Demon_AO.tga using Guid(d3735e4d471d47945860fb8877b7b0f6) Importer(815301076,1909f56bfc062723c751e8b465ee728b) (PreviewImporter) -> (artifact id: 'acadc50673381b6d474d4e2afb55f024') in 0.058111 seconds
Number of updated asset objects reloaded before import = 0Number of asset objects unloaded after import = 2

========================================================================
Received Import Request.
  Time since last request: 0.000044 seconds.
  path: Assets/Models/DemonTree/Assets/Textures/Demon/DemonTreeG_Demon_Emission.tga
  artifactKey: Guid(27b8fba8e5eb32b4ea2030aa201c08f9) Importer(815301076,1909f56bfc062723c751e8b465ee728b)
Start importing Assets/Models/DemonTree/Assets/Textures/Demon/DemonTreeG_Demon_Emission.tga using Guid(27b8fba8e5eb32b4ea2030aa201c08f9) Importer(815301076,1909f56bfc062723c751e8b465ee728b) (PreviewImporter) -> (artifact id: '3bf9c786fcc275d5fcfcedb08bf7b3c4') in 0.0334065 seconds
Number of updated asset objects reloaded before import = 0Number of asset objects unloaded after import = 2

========================================================================
Received Import Request.
  Time since last request: 0.000049 seconds.
  path: Assets/Models/DemonTree/Assets/Textures/Demon/DemonTreeG_Demon_Normal.tga
  artifactKey: Guid(c7d863961289c8d4180e345d816f0993) Importer(815301076,1909f56bfc062723c751e8b465ee728b)
Start importing Assets/Models/DemonTree/Assets/Textures/Demon/DemonTreeG_Demon_Normal.tga using Guid(c7d863961289c8d4180e345d816f0993) Importer(815301076,1909f56bfc062723c751e8b465ee728b) (PreviewImporter) -> (artifact id: 'fb4e332774d810e2a4db0c57fc502203') in 0.0361156 seconds
Number of updated asset objects reloaded before import = 0Number of asset objects unloaded after import = 2

========================================================================
Received Import Request.
  Time since last request: 3.172776 seconds.
  path: Assets/Models/DemonTree/Assets/Textures/Cocoon/DemonTreeG_Fetusb_AO.tga
  artifactKey: Guid(c02b213cccd06d547abbccd794bd1552) Importer(815301076,1909f56bfc062723c751e8b465ee728b)
Start importing Assets/Models/DemonTree/Assets/Textures/Cocoon/DemonTreeG_Fetusb_AO.tga using Guid(c02b213cccd06d547abbccd794bd1552) Importer(815301076,1909f56bfc062723c751e8b465ee728b) (PreviewImporter) -> (artifact id: '5b937f583f0a3e47fb149c794dd15d0e') in 0.050995 seconds
Number of updated asset objects reloaded before import = 0Number of asset objects unloaded after import = 2

========================================================================
Received Import Request.
  Time since last request: 0.000026 seconds.
  path: Assets/Models/DemonTree/Assets/Textures/Cocoon/DemonTreeG_Pod_AlbedoTransparency.tga
  artifactKey: Guid(2f33b380ab474454d809ee37156befac) Importer(815301076,1909f56bfc062723c751e8b465ee728b)
Start importing Assets/Models/DemonTree/Assets/Textures/Cocoon/DemonTreeG_Pod_AlbedoTransparency.tga using Guid(2f33b380ab474454d809ee37156befac) Importer(815301076,1909f56bfc062723c751e8b465ee728b) (PreviewImporter) -> (artifact id: '84db39790d488fcce374986add06eadc') in 0.0413259 seconds
Number of updated asset objects reloaded before import = 0Number of asset objects unloaded after import = 2

========================================================================
Received Import Request.
  Time since last request: 0.000033 seconds.
  path: Assets/Models/DemonTree/Assets/Textures/Cocoon/DemonTreeG_Pod_MetallicSmoothness.tga
  artifactKey: Guid(f7f68f41cb9a2df45aa634db96af2356) Importer(815301076,1909f56bfc062723c751e8b465ee728b)
Start importing Assets/Models/DemonTree/Assets/Textures/Cocoon/DemonTreeG_Pod_MetallicSmoothness.tga using Guid(f7f68f41cb9a2df45aa634db96af2356) Importer(815301076,1909f56bfc062723c751e8b465ee728b) (PreviewImporter) -> (artifact id: 'a9094b39826bf40523d75c99e6ffe25a') in 0.0139198 seconds
Number of updated asset objects reloaded before import = 0Number of asset objects unloaded after import = 2

========================================================================
Received Import Request.
  Time since last request: 0.000037 seconds.
  path: Assets/Models/DemonTree/Assets/Textures/Cocoon/DemonTreeG_Pod_AO.tga
  artifactKey: Guid(4179c2844e4b02b4f94a09ff7ef2f86c) Importer(815301076,1909f56bfc062723c751e8b465ee728b)
Start importing Assets/Models/DemonTree/Assets/Textures/Cocoon/DemonTreeG_Pod_AO.tga using Guid(4179c2844e4b02b4f94a09ff7ef2f86c) Importer(815301076,1909f56bfc062723c751e8b465ee728b) (PreviewImporter) -> (artifact id: 'b58d411f3e4c546365bfdeae4666a71e') in 0.0542523 seconds
Number of updated asset objects reloaded before import = 0Number of asset objects unloaded after import = 2

========================================================================
Received Import Request.
  Time since last request: 0.000030 seconds.
  path: Assets/Models/DemonTree/Assets/Textures/Cocoon/DemonTreeG_Pod_Normal.tga
  artifactKey: Guid(5878015105b585b438441f6031b554f8) Importer(815301076,1909f56bfc062723c751e8b465ee728b)
Start importing Assets/Models/DemonTree/Assets/Textures/Cocoon/DemonTreeG_Pod_Normal.tga using Guid(5878015105b585b438441f6031b554f8) Importer(815301076,1909f56bfc062723c751e8b465ee728b) (PreviewImporter) -> (artifact id: 'b41a6b5ffbfdb8108b7f24b6d7046346') in 0.0484903 seconds
Number of updated asset objects reloaded before import = 0Number of asset objects unloaded after import = 2

========================================================================
Received Import Request.
  Time since last request: 2.179730 seconds.
  path: Assets/Models/DemonTree/Assets/Materials/Fetus.mat
  artifactKey: Guid(aa9a5dc96d123a545afc3985b2f73211) Importer(815301076,1909f56bfc062723c751e8b465ee728b)
Start importing Assets/Models/DemonTree/Assets/Materials/Fetus.mat using Guid(aa9a5dc96d123a545afc3985b2f73211) Importer(815301076,1909f56bfc062723c751e8b465ee728b) (PreviewImporter) -> (artifact id: '1dc9b7e123ed8fea689b0312cbbddae9') in 0.0820931 seconds
Number of updated asset objects reloaded before import = 0Number of asset objects unloaded after import = 6

========================================================================
Received Import Request.
  Time since last request: 0.000037 seconds.
  path: Assets/Models/DemonTree/Assets/Materials/ground.mat
  artifactKey: Guid(140f05b8a66a5fe49926328c6a6ddc41) Importer(815301076,1909f56bfc062723c751e8b465ee728b)
Start importing Assets/Models/DemonTree/Assets/Materials/ground.mat using Guid(140f05b8a66a5fe49926328c6a6ddc41) Importer(815301076,1909f56bfc062723c751e8b465ee728b) (PreviewImporter) -> (artifact id: 'e63fe8098ff7c27bfe02475364bf7943') in 0.0219727 seconds
Number of updated asset objects reloaded before import = 0Number of asset objects unloaded after import = 4

Editor requested this worker to shutdown with reason: Scaling down because of idle timeout
AssetImportWorker is now disconnected from the server
Process exiting
Exiting without the bug reporter. Application will terminate with return code 0