Using pre-set license
Built from '6000.0/release' branch; Version is '6000.0.25f1 (4859ab7b5a49) revision 4741547'; Using compiler version '193933523'; Build Type 'Release'
OS: 'Windows 11  (10.0.26100) 64bit Professional' Language: 'ru' Physical Memory: 16076 MB
BatchMode: 1, IsHumanControllingUs: 0, StartBugReporterOnCrash: 0, Is64bit: 1, IsPro: 1

COMMAND LINE ARGUMENTS:
D:\IVAN FOLDER [basic]\UNITY\6000.0.25f1\Editor\Unity.exe
-adb2
-batchMode
-noUpm
-name
AssetImportWorker13
-projectPath
D:/IVAN FOLDER [basic]/UNITY/Projects/Shadow-of-the-Dungeon/Shadow of the Dungeon
-logFile
Logs/AssetImportWorker13.log
-srvPort
50611
-job-worker-count
5
-background-job-worker-count
8
-asset-garbage-collectors
1
Successfully changed project path to: D:/IVAN FOLDER [basic]/UNITY/Projects/Shadow-of-the-Dungeon/Shadow of the Dungeon
D:/IVAN FOLDER [basic]/UNITY/Projects/Shadow-of-the-Dungeon/Shadow of the Dungeon
[UnityMemory] Configuration Parameters - Can be set up in boot.config
    "memorysetup-bucket-allocator-granularity=16"
    "memorysetup-bucket-allocator-bucket-count=8"
    "memorysetup-bucket-allocator-block-size=33554432"
    "memorysetup-bucket-allocator-block-count=8"
    "memorysetup-main-allocator-block-size=16777216"
    "memorysetup-thread-allocator-block-size=16777216"
    "memorysetup-gfx-main-allocator-block-size=16777216"
    "memorysetup-gfx-thread-allocator-block-size=16777216"
    "memorysetup-cache-allocator-block-size=4194304"
    "memorysetup-typetree-allocator-block-size=2097152"
    "memorysetup-profiler-bucket-allocator-granularity=16"
    "memorysetup-profiler-bucket-allocator-bucket-count=8"
    "memorysetup-profiler-bucket-allocator-block-size=33554432"
    "memorysetup-profiler-bucket-allocator-block-count=8"
    "memorysetup-profiler-allocator-block-size=16777216"
    "memorysetup-profiler-editor-allocator-block-size=1048576"
    "memorysetup-temp-allocator-size-main=16777216"
    "memorysetup-job-temp-allocator-block-size=2097152"
    "memorysetup-job-temp-allocator-block-size-background=1048576"
    "memorysetup-job-temp-allocator-reduction-small-platforms=262144"
    "memorysetup-allocator-temp-initial-block-size-main=262144"
    "memorysetup-allocator-temp-initial-block-size-worker=262144"
    "memorysetup-temp-allocator-size-background-worker=32768"
    "memorysetup-temp-allocator-size-job-worker=262144"
    "memorysetup-temp-allocator-size-preload-manager=33554432"
    "memorysetup-temp-allocator-size-nav-mesh-worker=65536"
    "memorysetup-temp-allocator-size-audio-worker=65536"
    "memorysetup-temp-allocator-size-cloud-worker=32768"
    "memorysetup-temp-allocator-size-gi-baking-worker=262144"
    "memorysetup-temp-allocator-size-gi-baking-worker=262144"
    "memorysetup-temp-allocator-size-gi-baking-worker=262144"
    "memorysetup-temp-allocator-size-gi-baking-worker=262144"
    "memorysetup-temp-allocator-size-gi-baking-worker=262144"
    "memorysetup-temp-allocator-size-gfx=262144"
Player connection [13384]  Target information:

Player connection [13384]  * "[IP] 192.168.8.116 [Port] 0 [Flags] 2 [Guid] 1630047604 [EditorId] 1630047604 [Version] 1048832 [Id] WindowsEditor(7,DESKTOP-9J1EOIR) [Debug] 1 [PackageName] WindowsEditor [ProjectName] Editor" 

Player connection [13384] Host joined multi-casting on [225.0.0.222:54997]...
Player connection [13384] Host joined alternative multi-casting on [225.0.0.222:34997]...
JobSystem: Creating JobQueue using job-worker-count value 5
[Physics::Module] Initialized fallback backend.
[Physics::Module] Id: 0xdecafbad
Library Redirect Path: Library/
[Physics::Module] Selected backend.
[Physics::Module] Name: PhysX
[Physics::Module] Id: 0xf2b8ea05
[Physics::Module] SDK Version: 4.1.2
[Physics::Module] Integration Version: 1.0.0
[Physics::Module] Threading Mode: Multi-Threaded
Refreshing native plugins compatible for Editor in 1.54 ms, found 3 plugins.
Preloading 0 native plugins for Editor in 0.00 ms.
Initialize engine version: 6000.0.25f1 (4859ab7b5a49)
[Subsystems] Discovering subsystems at path D:/IVAN FOLDER [basic]/UNITY/6000.0.25f1/Editor/Data/Resources/UnitySubsystems
[Subsystems] Discovering subsystems at path D:/IVAN FOLDER [basic]/UNITY/Projects/Shadow-of-the-Dungeon/Shadow of the Dungeon/Assets
GfxDevice: creating device client; kGfxThreadingModeNonThreaded
Direct3D:
    Version:  Direct3D 11.0 [level 11.1]
    Renderer: Intel(R) UHD Graphics (ID=0x46a3)
    Vendor:   Intel
    VRAM:     8038 MB
    Driver:   32.0.101.5763
Initialize mono
Mono path[0] = 'D:/IVAN FOLDER [basic]/UNITY/6000.0.25f1/Editor/Data/Managed'
Mono path[1] = 'D:/IVAN FOLDER [basic]/UNITY/6000.0.25f1/Editor/Data/MonoBleedingEdge/lib/mono/unityjit-win32'
Mono config path = 'D:/IVAN FOLDER [basic]/UNITY/6000.0.25f1/Editor/Data/MonoBleedingEdge/etc'
Using monoOptions --debugger-agent=transport=dt_socket,embedding=1,server=y,suspend=n,address=127.0.0.1:56448
Begin MonoManager ReloadAssembly
Registering precompiled unity dll's ...
Register platform support module: D:/IVAN FOLDER [basic]/UNITY/6000.0.25f1/Editor/Data/PlaybackEngines/WindowsStandaloneSupport/UnityEditor.WindowsStandalone.Extensions.dll
Registered in 0.001808 seconds.
- Loaded All Assemblies, in  0.412 seconds
Native extension for WindowsStandalone target not found
Mono: successfully reloaded assembly
- Finished resetting the current domain, in  0.317 seconds
Domain Reload Profiling: 729ms
	BeginReloadAssembly (166ms)
		ExecutionOrderSort (0ms)
		DisableScriptedObjects (0ms)
		BackupInstance (0ms)
		ReleaseScriptingObjects (0ms)
		CreateAndSetChildDomain (1ms)
	RebuildCommonClasses (49ms)
	RebuildNativeTypeToScriptingClass (12ms)
	initialDomainReloadingComplete (45ms)
	LoadAllAssembliesAndSetupDomain (139ms)
		LoadAssemblies (164ms)
		RebuildTransferFunctionScriptingTraits (0ms)
		AnalyzeDomain (136ms)
			TypeCache.Refresh (134ms)
				TypeCache.ScanAssembly (123ms)
			BuildScriptInfoCaches (0ms)
			ResolveRequiredComponents (0ms)
	FinalizeReload (317ms)
		ReleaseScriptCaches (0ms)
		RebuildScriptCaches (0ms)
		SetupLoadedEditorAssemblies (273ms)
			LogAssemblyErrors (0ms)
			InitializePlatformSupportModulesInManaged (23ms)
			SetLoadedEditorAssemblies (5ms)
			BeforeProcessingInitializeOnLoad (7ms)
			ProcessInitializeOnLoadAttributes (184ms)
			ProcessInitializeOnLoadMethodAttributes (51ms)
			AfterProcessingInitializeOnLoad (2ms)
			EditorAssembliesLoaded (0ms)
		ExecutionOrderSort2 (0ms)
		AwakeInstancesAfterBackupRestoration (0ms)
========================================================================
Worker process is ready to serve import requests
Import Worker Mode flag is 0x00
Begin MonoManager ReloadAssembly
- Loaded All Assemblies, in  0.958 seconds
Refreshing native plugins compatible for Editor in 1.14 ms, found 3 plugins.
Native extension for WindowsStandalone target not found
Mono: successfully reloaded assembly
- Finished resetting the current domain, in  0.875 seconds
Domain Reload Profiling: 1833ms
	BeginReloadAssembly (391ms)
		ExecutionOrderSort (0ms)
		DisableScriptedObjects (6ms)
		BackupInstance (0ms)
		ReleaseScriptingObjects (0ms)
		CreateAndSetChildDomain (36ms)
	RebuildCommonClasses (34ms)
	RebuildNativeTypeToScriptingClass (9ms)
	initialDomainReloadingComplete (36ms)
	LoadAllAssembliesAndSetupDomain (487ms)
		LoadAssemblies (320ms)
		RebuildTransferFunctionScriptingTraits (0ms)
		AnalyzeDomain (264ms)
			TypeCache.Refresh (171ms)
				TypeCache.ScanAssembly (154ms)
			BuildScriptInfoCaches (77ms)
			ResolveRequiredComponents (11ms)
	FinalizeReload (876ms)
		ReleaseScriptCaches (0ms)
		RebuildScriptCaches (0ms)
		SetupLoadedEditorAssemblies (623ms)
			LogAssemblyErrors (0ms)
			InitializePlatformSupportModulesInManaged (2ms)
			SetLoadedEditorAssemblies (5ms)
			BeforeProcessingInitializeOnLoad (66ms)
			ProcessInitializeOnLoadAttributes (460ms)
			ProcessInitializeOnLoadMethodAttributes (85ms)
			AfterProcessingInitializeOnLoad (4ms)
			EditorAssembliesLoaded (0ms)
		ExecutionOrderSort2 (0ms)
		AwakeInstancesAfterBackupRestoration (6ms)
Launched and connected shader compiler UnityShaderCompiler.exe after 0.01 seconds
Refreshing native plugins compatible for Editor in 0.66 ms, found 3 plugins.
Preloading 0 native plugins for Editor in 0.00 ms.
Unloading 199 Unused Serialized files (Serialized files now loaded: 0)
Unloading 5930 unused Assets / (4.1 MB). Loaded Objects now: 6701.
Memory consumption went from 183.4 MB to 179.3 MB.
Total: 11.079300 ms (FindLiveObjects: 0.860400 ms CreateObjectMapping: 0.605800 ms MarkObjects: 7.096600 ms  DeleteObjects: 2.513100 ms)

========================================================================
Received Import Request.
  Time since last request: 21352.995976 seconds.
  path: Assets/Map Components/Low-Poly Medieval Market/Prefabs/Weapons/axe.prefab
  artifactKey: Guid(8b8e806db3adde3489409c3768a42f9a) Importer(815301076,1909f56bfc062723c751e8b465ee728b)
Start importing Assets/Map Components/Low-Poly Medieval Market/Prefabs/Weapons/axe.prefab using Guid(8b8e806db3adde3489409c3768a42f9a) Importer(815301076,1909f56bfc062723c751e8b465ee728b) (PreviewImporter) -> (artifact id: '4e1299e312ee28411cebe350ce0ebf3f') in 0.7385897 seconds
Number of updated asset objects reloaded before import = 0Number of asset objects unloaded after import = 9

========================================================================
Received Import Request.
  Time since last request: 0.000042 seconds.
  path: Assets/Map Components/Low-Poly Medieval Market/Prefabs/Weapons/shield_02.prefab
  artifactKey: Guid(44e79123abd9236488753ed07fadb5db) Importer(815301076,1909f56bfc062723c751e8b465ee728b)
Start importing Assets/Map Components/Low-Poly Medieval Market/Prefabs/Weapons/shield_02.prefab using Guid(44e79123abd9236488753ed07fadb5db) Importer(815301076,1909f56bfc062723c751e8b465ee728b) (PreviewImporter) -> (artifact id: '202632425e7607742450def452acf1e0') in 0.0493305 seconds
Number of updated asset objects reloaded before import = 0Number of asset objects unloaded after import = 9

========================================================================
Received Import Request.
  Time since last request: 0.000047 seconds.
  path: Assets/Map Components/Low-Poly Medieval Market/Prefabs/Weapons/short_sword.prefab
  artifactKey: Guid(999f1c6fc24d87c459f66a5e2b19e6fb) Importer(815301076,1909f56bfc062723c751e8b465ee728b)
Start importing Assets/Map Components/Low-Poly Medieval Market/Prefabs/Weapons/short_sword.prefab using Guid(999f1c6fc24d87c459f66a5e2b19e6fb) Importer(815301076,1909f56bfc062723c751e8b465ee728b) (PreviewImporter) -> (artifact id: '809f456e16bd71be0d9fa361911f4e0e') in 0.0514481 seconds
Number of updated asset objects reloaded before import = 0Number of asset objects unloaded after import = 9

========================================================================
Received Import Request.
  Time since last request: 0.000033 seconds.
  path: Assets/Map Components/Low-Poly Medieval Market/Prefabs/Weapons/blacksmith_hammer.prefab
  artifactKey: Guid(bceb571a8d099a343a86ddb624f88303) Importer(815301076,1909f56bfc062723c751e8b465ee728b)
Start importing Assets/Map Components/Low-Poly Medieval Market/Prefabs/Weapons/blacksmith_hammer.prefab using Guid(bceb571a8d099a343a86ddb624f88303) Importer(815301076,1909f56bfc062723c751e8b465ee728b) (PreviewImporter) -> (artifact id: '434bc3f9481db86d28025dea978c9ed1') in 0.0505022 seconds
Number of updated asset objects reloaded before import = 0Number of asset objects unloaded after import = 9

========================================================================
Received Import Request.
  Time since last request: 0.000042 seconds.
  path: Assets/Map Components/Low-Poly Medieval Market/Prefabs/Weapons/short_bow.prefab
  artifactKey: Guid(b37d60f5221e08e4bb26a1a6a00c5bf8) Importer(815301076,1909f56bfc062723c751e8b465ee728b)
Start importing Assets/Map Components/Low-Poly Medieval Market/Prefabs/Weapons/short_bow.prefab using Guid(b37d60f5221e08e4bb26a1a6a00c5bf8) Importer(815301076,1909f56bfc062723c751e8b465ee728b) (PreviewImporter) -> (artifact id: '9ed2756525f88ca4d0cb3095b29b3e1f') in 0.0508189 seconds
Number of updated asset objects reloaded before import = 0Number of asset objects unloaded after import = 14

========================================================================
Received Import Request.
  Time since last request: 1.323244 seconds.
  path: Assets/Map Components/Low-Poly Medieval Market/Prefabs/Fruits and vegetables/apple_red.prefab
  artifactKey: Guid(10e1618a04997b9449183bad8d969464) Importer(815301076,1909f56bfc062723c751e8b465ee728b)
Start importing Assets/Map Components/Low-Poly Medieval Market/Prefabs/Fruits and vegetables/apple_red.prefab using Guid(10e1618a04997b9449183bad8d969464) Importer(815301076,1909f56bfc062723c751e8b465ee728b) (PreviewImporter) -> (artifact id: 'fcffc8b7745e8388aba72fd33d470683') in 0.0769368 seconds
Number of updated asset objects reloaded before import = 0Number of asset objects unloaded after import = 9

========================================================================
Received Import Request.
  Time since last request: 0.000033 seconds.
  path: Assets/Map Components/Low-Poly Medieval Market/Prefabs/Fruits and vegetables/tomato.prefab
  artifactKey: Guid(ba0a31dc656c679499efa3bb7dba1d5c) Importer(815301076,1909f56bfc062723c751e8b465ee728b)
Start importing Assets/Map Components/Low-Poly Medieval Market/Prefabs/Fruits and vegetables/tomato.prefab using Guid(ba0a31dc656c679499efa3bb7dba1d5c) Importer(815301076,1909f56bfc062723c751e8b465ee728b) (PreviewImporter) -> (artifact id: '9a6cbb9db59f6d5dac38ba1846bd793d') in 0.0663405 seconds
Number of updated asset objects reloaded before import = 0Number of asset objects unloaded after import = 9

========================================================================
Received Import Request.
  Time since last request: 0.000035 seconds.
  path: Assets/Map Components/Low-Poly Medieval Market/Prefabs/Fruits and vegetables/carrot.prefab
  artifactKey: Guid(9540292a453dac645bad435792805b94) Importer(815301076,1909f56bfc062723c751e8b465ee728b)
Start importing Assets/Map Components/Low-Poly Medieval Market/Prefabs/Fruits and vegetables/carrot.prefab using Guid(9540292a453dac645bad435792805b94) Importer(815301076,1909f56bfc062723c751e8b465ee728b) (PreviewImporter) -> (artifact id: '1c3e93077bbad474df0b55c2a9b212ab') in 0.0688947 seconds
Number of updated asset objects reloaded before import = 0Number of asset objects unloaded after import = 9

========================================================================
Received Import Request.
  Time since last request: 0.000047 seconds.
  path: Assets/Map Components/Low-Poly Medieval Market/Prefabs/Fruits and vegetables/banana.prefab
  artifactKey: Guid(7b7a60980f07021488b8f2c94a96f93c) Importer(815301076,1909f56bfc062723c751e8b465ee728b)
Start importing Assets/Map Components/Low-Poly Medieval Market/Prefabs/Fruits and vegetables/banana.prefab using Guid(7b7a60980f07021488b8f2c94a96f93c) Importer(815301076,1909f56bfc062723c751e8b465ee728b) (PreviewImporter) -> (artifact id: 'a45b12f74f19bb8f5967eef2432040dc') in 0.0443203 seconds
Number of updated asset objects reloaded before import = 0Number of asset objects unloaded after import = 9

========================================================================
Received Import Request.
  Time since last request: 0.000033 seconds.
  path: Assets/Map Components/Low-Poly Medieval Market/Prefabs/Fruits and vegetables/eggplant.prefab
  artifactKey: Guid(2c9250409c4a1004eb1f70829a95d3d3) Importer(815301076,1909f56bfc062723c751e8b465ee728b)
Start importing Assets/Map Components/Low-Poly Medieval Market/Prefabs/Fruits and vegetables/eggplant.prefab using Guid(2c9250409c4a1004eb1f70829a95d3d3) Importer(815301076,1909f56bfc062723c751e8b465ee728b) (PreviewImporter) -> (artifact id: 'd02756b4a78fbc61b9fabe3f30911607') in 0.0492199 seconds
Number of updated asset objects reloaded before import = 0Number of asset objects unloaded after import = 9

========================================================================
Received Import Request.
  Time since last request: 0.000124 seconds.
  path: Assets/Map Components/Low-Poly Medieval Market/Prefabs/Fruits and vegetables/apple_yellow.prefab
  artifactKey: Guid(ec69acfba609a0f4a931eb6ac24f3d4f) Importer(815301076,1909f56bfc062723c751e8b465ee728b)
Start importing Assets/Map Components/Low-Poly Medieval Market/Prefabs/Fruits and vegetables/apple_yellow.prefab using Guid(ec69acfba609a0f4a931eb6ac24f3d4f) Importer(815301076,1909f56bfc062723c751e8b465ee728b) (PreviewImporter) -> (artifact id: '24de7ccdce9c702661d1ab13cfba7329') in 0.045615 seconds
Number of updated asset objects reloaded before import = 0Number of asset objects unloaded after import = 9

========================================================================
Received Import Request.
  Time since last request: 0.000041 seconds.
  path: Assets/Map Components/Low-Poly Medieval Market/Prefabs/Fruits and vegetables/watermelon.prefab
  artifactKey: Guid(3436223d709f61749afb4adc7dbbc63e) Importer(815301076,1909f56bfc062723c751e8b465ee728b)
Start importing Assets/Map Components/Low-Poly Medieval Market/Prefabs/Fruits and vegetables/watermelon.prefab using Guid(3436223d709f61749afb4adc7dbbc63e) Importer(815301076,1909f56bfc062723c751e8b465ee728b) (PreviewImporter) -> (artifact id: 'd984f858fcdab8dd9fab1d02725d58be') in 0.0501017 seconds
Number of updated asset objects reloaded before import = 0Number of asset objects unloaded after import = 9

========================================================================
Received Import Request.
  Time since last request: 11.681366 seconds.
  path: Assets/Map Components/Low-Poly Medieval Market/Prefabs/Armor/armor_gorget.prefab
  artifactKey: Guid(d98fe039e4090f94199ba56a4bb4386d) Importer(815301076,1909f56bfc062723c751e8b465ee728b)
Start importing Assets/Map Components/Low-Poly Medieval Market/Prefabs/Armor/armor_gorget.prefab using Guid(d98fe039e4090f94199ba56a4bb4386d) Importer(815301076,1909f56bfc062723c751e8b465ee728b) (PreviewImporter) -> (artifact id: 'f2b76fb4c70cc720f4ea41b389e58b21') in 0.0640107 seconds
Number of updated asset objects reloaded before import = 0Number of asset objects unloaded after import = 9

========================================================================
Received Import Request.
  Time since last request: 0.000037 seconds.
  path: Assets/Map Components/Low-Poly Medieval Market/Prefabs/Armor/armor_shoulder_pad_left.prefab
  artifactKey: Guid(10e8cf21e9b399041a71d0e64c904b32) Importer(815301076,1909f56bfc062723c751e8b465ee728b)
Start importing Assets/Map Components/Low-Poly Medieval Market/Prefabs/Armor/armor_shoulder_pad_left.prefab using Guid(10e8cf21e9b399041a71d0e64c904b32) Importer(815301076,1909f56bfc062723c751e8b465ee728b) (PreviewImporter) -> (artifact id: '9af942e38e9654d8304e56d18644b109') in 0.0594828 seconds
Number of updated asset objects reloaded before import = 0Number of asset objects unloaded after import = 9

========================================================================
Received Import Request.
  Time since last request: 0.000047 seconds.
  path: Assets/Map Components/Low-Poly Medieval Market/Prefabs/Armor/helmet_armor_solo.prefab
  artifactKey: Guid(bc479138ddc4e3c4786488d101bfd3fe) Importer(815301076,1909f56bfc062723c751e8b465ee728b)
Start importing Assets/Map Components/Low-Poly Medieval Market/Prefabs/Armor/helmet_armor_solo.prefab using Guid(bc479138ddc4e3c4786488d101bfd3fe) Importer(815301076,1909f56bfc062723c751e8b465ee728b) (PreviewImporter) -> (artifact id: '07a39652b8fc5d0fae6ab806d4f9b57e') in 0.0551185 seconds
Number of updated asset objects reloaded before import = 0Number of asset objects unloaded after import = 11

Editor requested this worker to shutdown with reason: Scaling down because of idle timeout
AssetImportWorker is now disconnected from the server
Process exiting
Exiting without the bug reporter. Application will terminate with return code 0