Using pre-set license
Built from '6000.0/staging' branch; Version is '6000.0.36f1 (9fe3b5f71dbb) revision 10478517'; Using compiler version '193933523'; Build Type 'Release'
OS: 'Windows 11  (10.0.26100) 64bit Professional' Language: 'ru' Physical Memory: 16076 MB
BatchMode: 1, IsHumanControllingUs: 0, StartBugReporterOnCrash: 0, Is64bit: 1, IsPro: 1

COMMAND LINE ARGUMENTS:
D:\IVAN\UNITYEDITOR\6000.0.36f1\Editor\Unity.exe
-adb2
-batchMode
-noUpm
-name
AssetImportWorker0
-projectPath
D:/IVAN/UnityPROJECTS/Shadow-of-the-Dungeon/Shadow of the Dungeon
-logFile
Logs/AssetImportWorker0.log
-srvPort
54196
-job-worker-count
5
-background-job-worker-count
8
-gc-helper-count
1
Successfully changed project path to: D:/IVAN/UnityPROJECTS/Shadow-of-the-Dungeon/Shadow of the Dungeon
D:/IVAN/UnityPROJECTS/Shadow-of-the-Dungeon/Shadow of the Dungeon
[UnityMemory] Configuration Parameters - Can be set up in boot.config
    "memorysetup-bucket-allocator-granularity=16"
    "memorysetup-bucket-allocator-bucket-count=8"
    "memorysetup-bucket-allocator-block-size=33554432"
    "memorysetup-bucket-allocator-block-count=8"
    "memorysetup-main-allocator-block-size=16777216"
    "memorysetup-thread-allocator-block-size=16777216"
    "memorysetup-gfx-main-allocator-block-size=16777216"
    "memorysetup-gfx-thread-allocator-block-size=16777216"
    "memorysetup-cache-allocator-block-size=4194304"
    "memorysetup-typetree-allocator-block-size=2097152"
    "memorysetup-profiler-bucket-allocator-granularity=16"
    "memorysetup-profiler-bucket-allocator-bucket-count=8"
    "memorysetup-profiler-bucket-allocator-block-size=33554432"
    "memorysetup-profiler-bucket-allocator-block-count=8"
    "memorysetup-profiler-allocator-block-size=16777216"
    "memorysetup-profiler-editor-allocator-block-size=1048576"
    "memorysetup-temp-allocator-size-main=16777216"
    "memorysetup-job-temp-allocator-block-size=2097152"
    "memorysetup-job-temp-allocator-block-size-background=1048576"
    "memorysetup-job-temp-allocator-reduction-small-platforms=262144"
    "memorysetup-allocator-temp-initial-block-size-main=262144"
    "memorysetup-allocator-temp-initial-block-size-worker=262144"
    "memorysetup-temp-allocator-size-background-worker=32768"
    "memorysetup-temp-allocator-size-job-worker=262144"
    "memorysetup-temp-allocator-size-preload-manager=33554432"
    "memorysetup-temp-allocator-size-nav-mesh-worker=65536"
    "memorysetup-temp-allocator-size-audio-worker=65536"
    "memorysetup-temp-allocator-size-cloud-worker=32768"
    "memorysetup-temp-allocator-size-gi-baking-worker=262144"
    "memorysetup-temp-allocator-size-gi-baking-worker=262144"
    "memorysetup-temp-allocator-size-gi-baking-worker=262144"
    "memorysetup-temp-allocator-size-gi-baking-worker=262144"
    "memorysetup-temp-allocator-size-gi-baking-worker=262144"
    "memorysetup-temp-allocator-size-gfx=262144"
Player connection [7824]  Target information:

Player connection [7824]  * "[IP] 192.168.8.109 [Port] 0 [Flags] 2 [Guid] 2522187314 [EditorId] 2522187314 [Version] 1048832 [Id] WindowsEditor(7,DESKTOP-9J1EOIR) [Debug] 1 [PackageName] WindowsEditor [ProjectName] Editor" 

Player connection [7824] Host joined multi-casting on [225.0.0.222:54997]...
Player connection [7824] Host joined alternative multi-casting on [225.0.0.222:34997]...
JobSystem: Creating JobQueue using job-worker-count value 5
Input System module state changed to: Initialized.
[Physics::Module] Initialized fallback backend.
[Physics::Module] Id: 0xdecafbad
Library Redirect Path: Library/
[Physics::Module] Selected backend.
[Physics::Module] Name: PhysX
[Physics::Module] Id: 0xf2b8ea05
[Physics::Module] SDK Version: 4.1.2
[Physics::Module] Integration Version: 1.0.0
[Physics::Module] Threading Mode: Multi-Threaded
Refreshing native plugins compatible for Editor in 9.72 ms, found 9 plugins.
Preloading 0 native plugins for Editor in 0.00 ms.
Initialize engine version: 6000.0.36f1 (9fe3b5f71dbb)
[Subsystems] Discovering subsystems at path D:/IVAN/UNITYEDITOR/6000.0.36f1/Editor/Data/Resources/UnitySubsystems
[Subsystems] Discovering subsystems at path D:/IVAN/UnityPROJECTS/Shadow-of-the-Dungeon/Shadow of the Dungeon/Assets
GfxDevice: creating device client; kGfxThreadingModeNonThreaded
Direct3D:
    Version:  Direct3D 11.0 [level 11.1]
    Renderer: Intel(R) UHD Graphics (ID=0x46a3)
    Vendor:   Intel
    VRAM:     8038 MB
    Driver:   32.0.101.6129
Initialize mono
Mono path[0] = 'D:/IVAN/UNITYEDITOR/6000.0.36f1/Editor/Data/Managed'
Mono path[1] = 'D:/IVAN/UNITYEDITOR/6000.0.36f1/Editor/Data/MonoBleedingEdge/lib/mono/unityjit-win32'
Mono config path = 'D:/IVAN/UNITYEDITOR/6000.0.36f1/Editor/Data/MonoBleedingEdge/etc'
Using monoOptions --debugger-agent=transport=dt_socket,embedding=1,server=y,suspend=n,address=127.0.0.1:56896
Begin MonoManager ReloadAssembly
Registering precompiled unity dll's ...
Register platform support module: D:/IVAN/UNITYEDITOR/6000.0.36f1/Editor/Data/PlaybackEngines/WindowsStandaloneSupport/UnityEditor.WindowsStandalone.Extensions.dll
Register platform support module: D:/IVAN/UNITYEDITOR/6000.0.36f1/Editor/Data/PlaybackEngines/MetroSupport/UnityEditor.UWP.Extensions.dll
Register platform support module: D:/IVAN/UNITYEDITOR/6000.0.36f1/Editor/Data/PlaybackEngines/AndroidPlayer/UnityEditor.Android.Extensions.dll
Registered in 0.002836 seconds.
- Loaded All Assemblies, in  0.427 seconds
Native extension for Android target not found
Android Extension - Scanning For ADB Devices 291 ms
Native extension for UWP target not found
Native extension for WindowsStandalone target not found
Mono: successfully reloaded assembly
- Finished resetting the current domain, in  0.736 seconds
Domain Reload Profiling: 1163ms
	BeginReloadAssembly (156ms)
		ExecutionOrderSort (0ms)
		DisableScriptedObjects (0ms)
		BackupInstance (0ms)
		ReleaseScriptingObjects (0ms)
		CreateAndSetChildDomain (1ms)
	RebuildCommonClasses (39ms)
	RebuildNativeTypeToScriptingClass (12ms)
	initialDomainReloadingComplete (54ms)
	LoadAllAssembliesAndSetupDomain (165ms)
		LoadAssemblies (155ms)
		RebuildTransferFunctionScriptingTraits (0ms)
		AnalyzeDomain (160ms)
			TypeCache.Refresh (159ms)
				TypeCache.ScanAssembly (146ms)
			BuildScriptInfoCaches (0ms)
			ResolveRequiredComponents (1ms)
	FinalizeReload (737ms)
		ReleaseScriptCaches (0ms)
		RebuildScriptCaches (0ms)
		SetupLoadedEditorAssemblies (686ms)
			LogAssemblyErrors (0ms)
			InitializePlatformSupportModulesInManaged (383ms)
			SetLoadedEditorAssemblies (6ms)
			BeforeProcessingInitializeOnLoad (63ms)
			ProcessInitializeOnLoadAttributes (158ms)
			ProcessInitializeOnLoadMethodAttributes (77ms)
			AfterProcessingInitializeOnLoad (0ms)
			EditorAssembliesLoaded (0ms)
		ExecutionOrderSort2 (0ms)
		AwakeInstancesAfterBackupRestoration (0ms)
========================================================================
Worker process is ready to serve import requests
Import Worker Mode flag is 0x00
Begin MonoManager ReloadAssembly
- Loaded All Assemblies, in  0.907 seconds
'Packages/com.unity.xr.openxr/Runtime/OpenXRLoader.cs' contains partial class of Unity.Object, exactly 1 of the partial classes needs to be in a file with the same filename. This is to know the one that can be referenced from ie. GameObjects
'Packages/com.unity.xr.openxr/Runtime/OpenXRLoaderInternal.cs' contains partial class of Unity.Object, exactly 1 of the partial classes needs to be in a file with the same filename. This is to know the one that can be referenced from ie. GameObjects
Refreshing native plugins compatible for Editor in 4.20 ms, found 9 plugins.
Native extension for Android target not found
Native extension for UWP target not found
Native extension for WindowsStandalone target not found
Package Manager log level set to [2]
[Package Manager] Failed to launch server process. Reason: Unity was launched with the -noUpm command-line argument
[Package Manager] Unable to send message (not connected to server process).
[Package Manager] Cannot connect to Unity Package Manager local server
System.NullReferenceException: Object reference not set to an instance of an object
  at UnityEditor.XR.Interaction.Toolkit.Analytics.XRIAnalytics..cctor () [0x00000] in .\Library\PackageCache\com.unity.xr.interaction.toolkit@9b07900cb163\Editor\Analytics\XRIAnalytics.cs:32 
UnityEngine.Debug:ExtractStackTraceNoAlloc (byte*,int,string)
UnityEngine.StackTraceUtility:ExtractStackTrace ()
UnityEngine.DebugLogHandler:Internal_Log (UnityEngine.LogType,UnityEngine.LogOption,string,UnityEngine.Object)
UnityEngine.DebugLogHandler:LogFormat (UnityEngine.LogType,UnityEngine.Object,string,object[])
UnityEngine.Logger:Log (UnityEngine.LogType,object)
UnityEngine.Debug:LogError (object)
UnityEditor.EditorAssemblies:ProcessInitializeOnLoadAttributes (System.Type[])

Mono: successfully reloaded assembly
[Package Manager] Failed to launch server process. Reason: Unity was launched with the -noUpm command-line argument
[Package Manager] Unable to send message (not connected to server process).
[Package Manager] Cannot connect to Unity Package Manager local server
[Package Manager] Failed to launch server process. Reason: Unity was launched with the -noUpm command-line argument
[Package Manager] Unable to send message (not connected to server process).
[Package Manager] Cannot connect to Unity Package Manager local server
- Finished resetting the current domain, in  1.048 seconds
Domain Reload Profiling: 1954ms
	BeginReloadAssembly (175ms)
		ExecutionOrderSort (0ms)
		DisableScriptedObjects (9ms)
		BackupInstance (0ms)
		ReleaseScriptingObjects (0ms)
		CreateAndSetChildDomain (33ms)
	RebuildCommonClasses (33ms)
	RebuildNativeTypeToScriptingClass (10ms)
	initialDomainReloadingComplete (35ms)
	LoadAllAssembliesAndSetupDomain (653ms)
		LoadAssemblies (465ms)
		RebuildTransferFunctionScriptingTraits (0ms)
		AnalyzeDomain (289ms)
			TypeCache.Refresh (202ms)
				TypeCache.ScanAssembly (182ms)
			BuildScriptInfoCaches (69ms)
			ResolveRequiredComponents (15ms)
	FinalizeReload (1048ms)
		ReleaseScriptCaches (0ms)
		RebuildScriptCaches (0ms)
		SetupLoadedEditorAssemblies (884ms)
			LogAssemblyErrors (0ms)
			InitializePlatformSupportModulesInManaged (12ms)
			SetLoadedEditorAssemblies (6ms)
			BeforeProcessingInitializeOnLoad (214ms)
			ProcessInitializeOnLoadAttributes (508ms)
			ProcessInitializeOnLoadMethodAttributes (143ms)
			AfterProcessingInitializeOnLoad (1ms)
			EditorAssembliesLoaded (0ms)
		ExecutionOrderSort2 (0ms)
		AwakeInstancesAfterBackupRestoration (5ms)
Launched and connected shader compiler UnityShaderCompiler.exe after 0.01 seconds
Refreshing native plugins compatible for Editor in 5.54 ms, found 9 plugins.
Preloading 0 native plugins for Editor in 0.00 ms.
Unloading 230 Unused Serialized files (Serialized files now loaded: 0)
Unloading 6916 unused Assets / (4.2 MB). Loaded Objects now: 7652.
Memory consumption went from 172.1 MB to 167.9 MB.
Total: 8.187900 ms (FindLiveObjects: 0.616900 ms CreateObjectMapping: 0.611400 ms MarkObjects: 4.624300 ms  DeleteObjects: 2.333800 ms)

========================================================================
Received Import Request.
  Time since last request: 611200.006270 seconds.
  path: Assets/Map Components/Low-Poly Medieval Market/Prefabs/meat_with_bone.prefab
  artifactKey: Guid(5293305630d1f7549ad019ca86b95661) Importer(815301076,1909f56bfc062723c751e8b465ee728b)
Start importing Assets/Map Components/Low-Poly Medieval Market/Prefabs/meat_with_bone.prefab using Guid(5293305630d1f7549ad019ca86b95661) Importer(815301076,1909f56bfc062723c751e8b465ee728b) (PreviewImporter) -> (artifact id: '49c2aa9c04718a2483b8683226c056cd') in 0.625509 seconds
Number of updated asset objects reloaded before import = 0Number of asset objects unloaded after import = 9

========================================================================
Received Import Request.
  Time since last request: 0.000044 seconds.
  path: Assets/Map Components/Low-Poly Medieval Market/Prefabs/rack_with_weapon.prefab
  artifactKey: Guid(555dea38b26cb1d4780cf84a97993bd2) Importer(815301076,1909f56bfc062723c751e8b465ee728b)
Start importing Assets/Map Components/Low-Poly Medieval Market/Prefabs/rack_with_weapon.prefab using Guid(555dea38b26cb1d4780cf84a97993bd2) Importer(815301076,1909f56bfc062723c751e8b465ee728b) (PreviewImporter) -> (artifact id: '58f2c00a9e63f315c46de55f0bb30950') in 0.1170121 seconds
Number of updated asset objects reloaded before import = 0Number of asset objects unloaded after import = 46

========================================================================
Received Import Request.
  Time since last request: 0.000086 seconds.
  path: Assets/Map Components/Low-Poly Medieval Market/Prefabs/Weapon_Market_with_objects.prefab
  artifactKey: Guid(6eef9e580c001db45934a1ce61d95a7b) Importer(815301076,1909f56bfc062723c751e8b465ee728b)
Start importing Assets/Map Components/Low-Poly Medieval Market/Prefabs/Weapon_Market_with_objects.prefab using Guid(6eef9e580c001db45934a1ce61d95a7b) Importer(815301076,1909f56bfc062723c751e8b465ee728b) (PreviewImporter) -> (artifact id: 'd21c42572e143dcdda1f7e04f4f3ea15') in 0.0737626 seconds
Number of updated asset objects reloaded before import = 0Number of asset objects unloaded after import = 528

========================================================================
Received Import Request.
  Time since last request: 0.000037 seconds.
  path: Assets/Map Components/Low-Poly Medieval Market/Prefabs/basket_01.prefab
  artifactKey: Guid(e5af6012e68646a41bccc9e94919379e) Importer(815301076,1909f56bfc062723c751e8b465ee728b)
Start importing Assets/Map Components/Low-Poly Medieval Market/Prefabs/basket_01.prefab using Guid(e5af6012e68646a41bccc9e94919379e) Importer(815301076,1909f56bfc062723c751e8b465ee728b) (PreviewImporter) -> (artifact id: 'e9a0c1705f37c5a1ae3ab8dfcd77238b') in 0.0474317 seconds
Number of updated asset objects reloaded before import = 0Number of asset objects unloaded after import = 9

========================================================================
Received Import Request.
  Time since last request: 0.000032 seconds.
  path: Assets/Map Components/Low-Poly Medieval Market/Prefabs/section_06.prefab
  artifactKey: Guid(b5143ad07080ff841b5a6b60c1c0e1db) Importer(815301076,1909f56bfc062723c751e8b465ee728b)
Start importing Assets/Map Components/Low-Poly Medieval Market/Prefabs/section_06.prefab using Guid(b5143ad07080ff841b5a6b60c1c0e1db) Importer(815301076,1909f56bfc062723c751e8b465ee728b) (PreviewImporter) -> (artifact id: '8bd313e18061a0d2c2d7b70085ce033d') in 0.0471321 seconds
Number of updated asset objects reloaded before import = 0Number of asset objects unloaded after import = 9

========================================================================
Received Import Request.
  Time since last request: 0.000055 seconds.
  path: Assets/Map Components/Low-Poly Medieval Market/Prefabs/candy_jar.prefab
  artifactKey: Guid(cc636e0732ee2af4a9d048b3539a69e1) Importer(815301076,1909f56bfc062723c751e8b465ee728b)
Start importing Assets/Map Components/Low-Poly Medieval Market/Prefabs/candy_jar.prefab using Guid(cc636e0732ee2af4a9d048b3539a69e1) Importer(815301076,1909f56bfc062723c751e8b465ee728b) (PreviewImporter) -> (artifact id: '31c953670d331c04b6eb907d7f1a3839') in 0.0411345 seconds
Number of updated asset objects reloaded before import = 0Number of asset objects unloaded after import = 9

========================================================================
Received Import Request.
  Time since last request: 0.000055 seconds.
  path: Assets/Map Components/Low-Poly Medieval Market/Prefabs/pretzel_box.prefab
  artifactKey: Guid(c13aa8e236f8e5c43bcd9dc7046042fd) Importer(815301076,1909f56bfc062723c751e8b465ee728b)
Start importing Assets/Map Components/Low-Poly Medieval Market/Prefabs/pretzel_box.prefab using Guid(c13aa8e236f8e5c43bcd9dc7046042fd) Importer(815301076,1909f56bfc062723c751e8b465ee728b) (PreviewImporter) -> (artifact id: '1558adc31a906b57edf5998db7fd41f1') in 0.0826546 seconds
Number of updated asset objects reloaded before import = 0Number of asset objects unloaded after import = 70

========================================================================
Received Import Request.
  Time since last request: 0.000037 seconds.
  path: Assets/Map Components/Low-Poly Medieval Market/Prefabs/VegetableMarket.prefab
  artifactKey: Guid(f4b5311c4144f604eb483b849c8e96c9) Importer(815301076,1909f56bfc062723c751e8b465ee728b)
Start importing Assets/Map Components/Low-Poly Medieval Market/Prefabs/VegetableMarket.prefab using Guid(f4b5311c4144f604eb483b849c8e96c9) Importer(815301076,1909f56bfc062723c751e8b465ee728b) (PreviewImporter) -> (artifact id: 'ffb5da9953a39086ed642a666d9d7859') in 0.0435916 seconds
Number of updated asset objects reloaded before import = 0Number of asset objects unloaded after import = 9

========================================================================
Received Import Request.
  Time since last request: 0.000031 seconds.
  path: Assets/Map Components/Low-Poly Medieval Market/Prefabs/sausages_hanging.prefab
  artifactKey: Guid(2397942164dda9244a32b8d0fbebc32b) Importer(815301076,1909f56bfc062723c751e8b465ee728b)
Start importing Assets/Map Components/Low-Poly Medieval Market/Prefabs/sausages_hanging.prefab using Guid(2397942164dda9244a32b8d0fbebc32b) Importer(815301076,1909f56bfc062723c751e8b465ee728b) (PreviewImporter) -> (artifact id: 'e50a9436ba1c6349e7c9f465c3c98eba') in 0.0703954 seconds
Number of updated asset objects reloaded before import = 0Number of asset objects unloaded after import = 9

========================================================================
Received Import Request.
  Time since last request: 0.000036 seconds.
  path: Assets/Map Components/Low-Poly Medieval Market/Prefabs/section_04_with_fish.prefab
  artifactKey: Guid(11e3612d3f8c37144a094049eced224e) Importer(815301076,1909f56bfc062723c751e8b465ee728b)
Start importing Assets/Map Components/Low-Poly Medieval Market/Prefabs/section_04_with_fish.prefab using Guid(11e3612d3f8c37144a094049eced224e) Importer(815301076,1909f56bfc062723c751e8b465ee728b) (PreviewImporter) -> (artifact id: '5e05ccd74d612c39ceb84ab28ef35ea1') in 0.0395437 seconds
Number of updated asset objects reloaded before import = 0Number of asset objects unloaded after import = 83

========================================================================
Received Import Request.
  Time since last request: 0.000043 seconds.
  path: Assets/Map Components/Low-Poly Medieval Market/Prefabs/basin_with_meat.prefab
  artifactKey: Guid(8e76eadee9b185f4fa619417a094e0cd) Importer(815301076,1909f56bfc062723c751e8b465ee728b)
Start importing Assets/Map Components/Low-Poly Medieval Market/Prefabs/basin_with_meat.prefab using Guid(8e76eadee9b185f4fa619417a094e0cd) Importer(815301076,1909f56bfc062723c751e8b465ee728b) (PreviewImporter) -> (artifact id: '06af47a6f608bc2bf6a5e24899000557') in 0.0708471 seconds
Number of updated asset objects reloaded before import = 0Number of asset objects unloaded after import = 60

========================================================================
Received Import Request.
  Time since last request: 0.000033 seconds.
  path: Assets/Map Components/Low-Poly Medieval Market/Prefabs/Table_with_weapon.prefab
  artifactKey: Guid(52eff72d3b1cec44ebdcabc26791c5b6) Importer(815301076,1909f56bfc062723c751e8b465ee728b)
Start importing Assets/Map Components/Low-Poly Medieval Market/Prefabs/Table_with_weapon.prefab using Guid(52eff72d3b1cec44ebdcabc26791c5b6) Importer(815301076,1909f56bfc062723c751e8b465ee728b) (PreviewImporter) -> (artifact id: '05125bc5c20e3a33b55d25261c719483') in 0.1266727 seconds
Number of updated asset objects reloaded before import = 0Number of asset objects unloaded after import = 118

========================================================================
Received Import Request.
  Time since last request: 0.000044 seconds.
  path: Assets/Map Components/Low-Poly Medieval Market/Prefabs/watermelon_box.prefab
  artifactKey: Guid(4501448e1127cb043afc064a66502fda) Importer(815301076,1909f56bfc062723c751e8b465ee728b)
Start importing Assets/Map Components/Low-Poly Medieval Market/Prefabs/watermelon_box.prefab using Guid(4501448e1127cb043afc064a66502fda) Importer(815301076,1909f56bfc062723c751e8b465ee728b) (PreviewImporter) -> (artifact id: 'a1e882c9013f3ea6cc96cd9f45e17943') in 0.0456598 seconds
Number of updated asset objects reloaded before import = 0Number of asset objects unloaded after import = 53

========================================================================
Received Import Request.
  Time since last request: 0.000082 seconds.
  path: Assets/Map Components/Low-Poly Medieval Market/Prefabs/meat_hanger_sausage.prefab
  artifactKey: Guid(5dec8fc8d6610fc41993a2270e013c7d) Importer(815301076,1909f56bfc062723c751e8b465ee728b)
Start importing Assets/Map Components/Low-Poly Medieval Market/Prefabs/meat_hanger_sausage.prefab using Guid(5dec8fc8d6610fc41993a2270e013c7d) Importer(815301076,1909f56bfc062723c751e8b465ee728b) (PreviewImporter) -> (artifact id: '2d41d1939970f9f40159e0c813e040b4') in 0.0477262 seconds
Number of updated asset objects reloaded before import = 0Number of asset objects unloaded after import = 58

========================================================================
Received Import Request.
  Time since last request: 0.000026 seconds.
  path: Assets/Map Components/Low-Poly Medieval Market/Prefabs/pastry.prefab
  artifactKey: Guid(837819cd64a76a44aa33dc4d23d05a4a) Importer(815301076,1909f56bfc062723c751e8b465ee728b)
Start importing Assets/Map Components/Low-Poly Medieval Market/Prefabs/pastry.prefab using Guid(837819cd64a76a44aa33dc4d23d05a4a) Importer(815301076,1909f56bfc062723c751e8b465ee728b) (PreviewImporter) -> (artifact id: '70165bcd22a64bbf343ca60c3ad8fa2a') in 0.0391558 seconds
Number of updated asset objects reloaded before import = 0Number of asset objects unloaded after import = 9

========================================================================
Received Import Request.
  Time since last request: 0.000032 seconds.
  path: Assets/Map Components/Low-Poly Medieval Market/Prefabs/long_loaf.prefab
  artifactKey: Guid(2befa64bbbc90b74ea420e65a1e92b49) Importer(815301076,1909f56bfc062723c751e8b465ee728b)
Start importing Assets/Map Components/Low-Poly Medieval Market/Prefabs/long_loaf.prefab using Guid(2befa64bbbc90b74ea420e65a1e92b49) Importer(815301076,1909f56bfc062723c751e8b465ee728b) (PreviewImporter) -> (artifact id: 'ce10cd9b021eaaa6ef7e9131133ca466') in 0.0380631 seconds
Number of updated asset objects reloaded before import = 0Number of asset objects unloaded after import = 9

========================================================================
Received Import Request.
  Time since last request: 0.000047 seconds.
  path: Assets/Map Components/Low-Poly Medieval Market/Prefabs/cake.prefab
  artifactKey: Guid(42b20d68150a40f44ac9cd9a29123d7e) Importer(815301076,1909f56bfc062723c751e8b465ee728b)
Start importing Assets/Map Components/Low-Poly Medieval Market/Prefabs/cake.prefab using Guid(42b20d68150a40f44ac9cd9a29123d7e) Importer(815301076,1909f56bfc062723c751e8b465ee728b) (PreviewImporter) -> (artifact id: '696d55b3c89345d9eb8760a9d2acaaec') in 0.0683881 seconds
Number of updated asset objects reloaded before import = 0Number of asset objects unloaded after import = 9

========================================================================
Received Import Request.
  Time since last request: 0.000041 seconds.
  path: Assets/Map Components/Low-Poly Medieval Market/Prefabs/leather_dressing_frame.prefab
  artifactKey: Guid(67b057dff1beeba43bfbf108efc29593) Importer(815301076,1909f56bfc062723c751e8b465ee728b)
Start importing Assets/Map Components/Low-Poly Medieval Market/Prefabs/leather_dressing_frame.prefab using Guid(67b057dff1beeba43bfbf108efc29593) Importer(815301076,1909f56bfc062723c751e8b465ee728b) (PreviewImporter) -> (artifact id: '2b8880892f6c3a415a08579ed059d3de') in 0.039971 seconds
Number of updated asset objects reloaded before import = 0Number of asset objects unloaded after import = 9

========================================================================
Received Import Request.
  Time since last request: 0.000028 seconds.
  path: Assets/Map Components/Low-Poly Medieval Market/Prefabs/fish.prefab
  artifactKey: Guid(a0345e1ce04d44947b508fbb0489ea35) Importer(815301076,1909f56bfc062723c751e8b465ee728b)
Start importing Assets/Map Components/Low-Poly Medieval Market/Prefabs/fish.prefab using Guid(a0345e1ce04d44947b508fbb0489ea35) Importer(815301076,1909f56bfc062723c751e8b465ee728b) (PreviewImporter) -> (artifact id: '29aa9b1c05623432f8cbff5d25788557') in 0.0434849 seconds
Number of updated asset objects reloaded before import = 0Number of asset objects unloaded after import = 9

========================================================================
Received Import Request.
  Time since last request: 0.000037 seconds.
  path: Assets/Map Components/Low-Poly Medieval Market/Prefabs/table_01.prefab
  artifactKey: Guid(c9d6f1f953461324e8292a881aca9254) Importer(815301076,1909f56bfc062723c751e8b465ee728b)
Start importing Assets/Map Components/Low-Poly Medieval Market/Prefabs/table_01.prefab using Guid(c9d6f1f953461324e8292a881aca9254) Importer(815301076,1909f56bfc062723c751e8b465ee728b) (PreviewImporter) -> (artifact id: 'b82fee811b0408eb7b16b333b0e74585') in 0.0343309 seconds
Number of updated asset objects reloaded before import = 0Number of asset objects unloaded after import = 9

========================================================================
Received Import Request.
  Time since last request: 0.000063 seconds.
  path: Assets/Map Components/Low-Poly Medieval Market/Prefabs/vegetable_section_01.prefab
  artifactKey: Guid(5c10f8d63a7712a44af108b5729df76a) Importer(815301076,1909f56bfc062723c751e8b465ee728b)
Start importing Assets/Map Components/Low-Poly Medieval Market/Prefabs/vegetable_section_01.prefab using Guid(5c10f8d63a7712a44af108b5729df76a) Importer(815301076,1909f56bfc062723c751e8b465ee728b) (PreviewImporter) -> (artifact id: '65b2ed386ff46eb2299617f1529d78f8') in 0.1159074 seconds
Number of updated asset objects reloaded before import = 0Number of asset objects unloaded after import = 179

========================================================================
Received Import Request.
  Time since last request: 0.000035 seconds.
  path: Assets/Map Components/Low-Poly Medieval Market/Prefabs/pretzel.prefab
  artifactKey: Guid(ea07fea80b930b245b670b1d1ded20d8) Importer(815301076,1909f56bfc062723c751e8b465ee728b)
Start importing Assets/Map Components/Low-Poly Medieval Market/Prefabs/pretzel.prefab using Guid(ea07fea80b930b245b670b1d1ded20d8) Importer(815301076,1909f56bfc062723c751e8b465ee728b) (PreviewImporter) -> (artifact id: '4322f47a7e495f4691de8c182e5f13ec') in 0.0461698 seconds
Number of updated asset objects reloaded before import = 0Number of asset objects unloaded after import = 9

========================================================================
Received Import Request.
  Time since last request: 0.000050 seconds.
  path: Assets/Map Components/Low-Poly Medieval Market/Prefabs/wall_axes.prefab
  artifactKey: Guid(a5ac0ea15b990ca45b36fec1464a9f2f) Importer(815301076,1909f56bfc062723c751e8b465ee728b)
Start importing Assets/Map Components/Low-Poly Medieval Market/Prefabs/wall_axes.prefab using Guid(a5ac0ea15b990ca45b36fec1464a9f2f) Importer(815301076,1909f56bfc062723c751e8b465ee728b) (PreviewImporter) -> (artifact id: '0261edfd2d3af4cd07d47f9b95f378fa') in 0.0495971 seconds
Number of updated asset objects reloaded before import = 0Number of asset objects unloaded after import = 20

========================================================================
Received Import Request.
  Time since last request: 0.000031 seconds.
  path: Assets/Map Components/Low-Poly Medieval Market/Prefabs/wall_swords.prefab
  artifactKey: Guid(f9ff7942b0a38aa49b165bfbf1372e4e) Importer(815301076,1909f56bfc062723c751e8b465ee728b)
Start importing Assets/Map Components/Low-Poly Medieval Market/Prefabs/wall_swords.prefab using Guid(f9ff7942b0a38aa49b165bfbf1372e4e) Importer(815301076,1909f56bfc062723c751e8b465ee728b) (PreviewImporter) -> (artifact id: '118794817fe9a4720c5552a3bf2a033d') in 0.0812203 seconds
Number of updated asset objects reloaded before import = 0Number of asset objects unloaded after import = 33

========================================================================
Received Import Request.
  Time since last request: 0.000032 seconds.
  path: Assets/Map Components/Low-Poly Medieval Market/Prefabs/small_meat.prefab
  artifactKey: Guid(96c31d99e8d69a04b9eb26a5942a33c2) Importer(815301076,1909f56bfc062723c751e8b465ee728b)
Start importing Assets/Map Components/Low-Poly Medieval Market/Prefabs/small_meat.prefab using Guid(96c31d99e8d69a04b9eb26a5942a33c2) Importer(815301076,1909f56bfc062723c751e8b465ee728b) (PreviewImporter) -> (artifact id: 'f5b5c321498923e0719314e26a2c0de0') in 0.0405139 seconds
Number of updated asset objects reloaded before import = 0Number of asset objects unloaded after import = 9

========================================================================
Received Import Request.
  Time since last request: 0.000038 seconds.
  path: Assets/Map Components/Low-Poly Medieval Market/Prefabs/wooden_basin.prefab
  artifactKey: Guid(49db4bdf073f5fe4b8d6d01bad6f7e42) Importer(815301076,1909f56bfc062723c751e8b465ee728b)
Start importing Assets/Map Components/Low-Poly Medieval Market/Prefabs/wooden_basin.prefab using Guid(49db4bdf073f5fe4b8d6d01bad6f7e42) Importer(815301076,1909f56bfc062723c751e8b465ee728b) (PreviewImporter) -> (artifact id: 'c35859069f10d086e72c92ca12e8bf91') in 0.0422501 seconds
Number of updated asset objects reloaded before import = 0Number of asset objects unloaded after import = 9

========================================================================
Received Import Request.
  Time since last request: 0.000046 seconds.
  path: Assets/Map Components/Low-Poly Medieval Market/Prefabs/section_01.prefab
  artifactKey: Guid(3337e494fa27d754cb3c069a8a7e6bc8) Importer(815301076,1909f56bfc062723c751e8b465ee728b)
Start importing Assets/Map Components/Low-Poly Medieval Market/Prefabs/section_01.prefab using Guid(3337e494fa27d754cb3c069a8a7e6bc8) Importer(815301076,1909f56bfc062723c751e8b465ee728b) (PreviewImporter) -> (artifact id: '4bed94db291b4983805050e007aec8f1') in 0.0563758 seconds
Number of updated asset objects reloaded before import = 0Number of asset objects unloaded after import = 9

========================================================================
Received Import Request.
  Time since last request: 0.000028 seconds.
  path: Assets/Map Components/Low-Poly Medieval Market/Prefabs/wooden_jar.prefab
  artifactKey: Guid(cf8f0cbe61db7ce42b6daa86ca71892e) Importer(815301076,1909f56bfc062723c751e8b465ee728b)
Start importing Assets/Map Components/Low-Poly Medieval Market/Prefabs/wooden_jar.prefab using Guid(cf8f0cbe61db7ce42b6daa86ca71892e) Importer(815301076,1909f56bfc062723c751e8b465ee728b) (PreviewImporter) -> (artifact id: 'df49607f818f4fa249cb2b1b26bd4e3f') in 0.0406162 seconds
Number of updated asset objects reloaded before import = 0Number of asset objects unloaded after import = 9

========================================================================
Received Import Request.
  Time since last request: 0.000041 seconds.
  path: Assets/Map Components/Low-Poly Medieval Market/Prefabs/cookie.prefab
  artifactKey: Guid(46125fc5251e14f4692a5a3c3f4841c0) Importer(815301076,1909f56bfc062723c751e8b465ee728b)
Start importing Assets/Map Components/Low-Poly Medieval Market/Prefabs/cookie.prefab using Guid(46125fc5251e14f4692a5a3c3f4841c0) Importer(815301076,1909f56bfc062723c751e8b465ee728b) (PreviewImporter) -> (artifact id: '84767319ad9c2cbc2535f1b38584a678') in 0.05743 seconds
Number of updated asset objects reloaded before import = 0Number of asset objects unloaded after import = 9

========================================================================
Received Import Request.
  Time since last request: 0.000038 seconds.
  path: Assets/Map Components/Low-Poly Medieval Market/Prefabs/section_03.prefab
  artifactKey: Guid(2fae3373bd8c2a44ba7afa3ba44e47b4) Importer(815301076,1909f56bfc062723c751e8b465ee728b)
Start importing Assets/Map Components/Low-Poly Medieval Market/Prefabs/section_03.prefab using Guid(2fae3373bd8c2a44ba7afa3ba44e47b4) Importer(815301076,1909f56bfc062723c751e8b465ee728b) (PreviewImporter) -> (artifact id: '17d592734f0fc3535fc5e2bafac2a6dd') in 0.044919 seconds
Number of updated asset objects reloaded before import = 0Number of asset objects unloaded after import = 9

========================================================================
Received Import Request.
  Time since last request: 11.700635 seconds.
  path: Assets/Map Components/Low-Poly Medieval Market/Prefabs/bag.prefab
  artifactKey: Guid(e75203ad640d6aa4890f0c17e26e0046) Importer(815301076,1909f56bfc062723c751e8b465ee728b)
Start importing Assets/Map Components/Low-Poly Medieval Market/Prefabs/bag.prefab using Guid(e75203ad640d6aa4890f0c17e26e0046) Importer(815301076,1909f56bfc062723c751e8b465ee728b) (PreviewImporter) -> (artifact id: '42713a92eda379d6aadd1dc72c5b44ab') in 0.070093 seconds
Number of updated asset objects reloaded before import = 0Number of asset objects unloaded after import = 9

========================================================================
Received Import Request.
  Time since last request: 0.000065 seconds.
  path: Assets/Map Components/Low-Poly Medieval Market/Prefabs/BakeryMarket_no_dop.prefab
  artifactKey: Guid(9cafa2109de9ae34db13b9d62a853d48) Importer(815301076,1909f56bfc062723c751e8b465ee728b)
Start importing Assets/Map Components/Low-Poly Medieval Market/Prefabs/BakeryMarket_no_dop.prefab using Guid(9cafa2109de9ae34db13b9d62a853d48) Importer(815301076,1909f56bfc062723c751e8b465ee728b) (PreviewImporter) -> (artifact id: '14de0753a296416ca3847f2daa822d76') in 0.0581093 seconds
Number of updated asset objects reloaded before import = 0Number of asset objects unloaded after import = 9

========================================================================
Received Import Request.
  Time since last request: 0.000078 seconds.
  path: Assets/Map Components/Low-Poly Medieval Market/Prefabs/Bakery_market_with_food.prefab
  artifactKey: Guid(c3f576fec9299524b91ef6107359f09e) Importer(815301076,1909f56bfc062723c751e8b465ee728b)
Start importing Assets/Map Components/Low-Poly Medieval Market/Prefabs/Bakery_market_with_food.prefab using Guid(c3f576fec9299524b91ef6107359f09e) Importer(815301076,1909f56bfc062723c751e8b465ee728b) (PreviewImporter) -> (artifact id: '215dc07f529987ca3533cde501dad0fe') in 0.0516183 seconds
Number of updated asset objects reloaded before import = 0Number of asset objects unloaded after import = 333

========================================================================
Received Import Request.
  Time since last request: 4.873654 seconds.
  path: Assets/Map Components/Low-Poly Medieval Market/Prefabs/Environment/bush_02.prefab
  artifactKey: Guid(19029c1e7c9031d4bb5273374fc0dc4e) Importer(815301076,1909f56bfc062723c751e8b465ee728b)
Start importing Assets/Map Components/Low-Poly Medieval Market/Prefabs/Environment/bush_02.prefab using Guid(19029c1e7c9031d4bb5273374fc0dc4e) Importer(815301076,1909f56bfc062723c751e8b465ee728b) (PreviewImporter) -> (artifact id: '31d2b5c63b226266436f12c75d73ed84') in 0.0584104 seconds
Number of updated asset objects reloaded before import = 0Number of asset objects unloaded after import = 9

========================================================================
Received Import Request.
  Time since last request: 0.000024 seconds.
  path: Assets/Map Components/Low-Poly Medieval Market/Prefabs/Environment/Island.prefab
  artifactKey: Guid(f373940ce5f864d44aa0b05696fa9211) Importer(815301076,1909f56bfc062723c751e8b465ee728b)
Start importing Assets/Map Components/Low-Poly Medieval Market/Prefabs/Environment/Island.prefab using Guid(f373940ce5f864d44aa0b05696fa9211) Importer(815301076,1909f56bfc062723c751e8b465ee728b) (PreviewImporter) -> (artifact id: 'bfc9e5ad04bf0a41472cc22ae005820c') in 0.0390777 seconds
Number of updated asset objects reloaded before import = 0Number of asset objects unloaded after import = 10

========================================================================
Received Import Request.
  Time since last request: 0.000040 seconds.
  path: Assets/Map Components/Low-Poly Medieval Market/Prefabs/Environment/stone_pillar.prefab
  artifactKey: Guid(db8edc7562833af4b9eebea07c69d5d9) Importer(815301076,1909f56bfc062723c751e8b465ee728b)
Start importing Assets/Map Components/Low-Poly Medieval Market/Prefabs/Environment/stone_pillar.prefab using Guid(db8edc7562833af4b9eebea07c69d5d9) Importer(815301076,1909f56bfc062723c751e8b465ee728b) (PreviewImporter) -> (artifact id: 'cada4e3a7d80a44ac6074ce289b54973') in 0.0317231 seconds
Number of updated asset objects reloaded before import = 0Number of asset objects unloaded after import = 9

========================================================================
Received Import Request.
  Time since last request: 0.000036 seconds.
  path: Assets/Map Components/Low-Poly Medieval Market/Prefabs/Environment/tree_02.prefab
  artifactKey: Guid(ea1d9040b339d034abaa12dd47062386) Importer(815301076,1909f56bfc062723c751e8b465ee728b)
Start importing Assets/Map Components/Low-Poly Medieval Market/Prefabs/Environment/tree_02.prefab using Guid(ea1d9040b339d034abaa12dd47062386) Importer(815301076,1909f56bfc062723c751e8b465ee728b) (PreviewImporter) -> (artifact id: '71978c71a55d67598d4a92e5edffec46') in 0.0480282 seconds
Number of updated asset objects reloaded before import = 0Number of asset objects unloaded after import = 9

========================================================================
Received Import Request.
  Time since last request: 0.000039 seconds.
  path: Assets/Map Components/Low-Poly Medieval Market/Prefabs/Environment/tree_01.prefab
  artifactKey: Guid(b69c35c4f3d673e4f85004d0581f9105) Importer(815301076,1909f56bfc062723c751e8b465ee728b)
Start importing Assets/Map Components/Low-Poly Medieval Market/Prefabs/Environment/tree_01.prefab using Guid(b69c35c4f3d673e4f85004d0581f9105) Importer(815301076,1909f56bfc062723c751e8b465ee728b) (PreviewImporter) -> (artifact id: '85a80cd82437b06767fcf0fd6c87d7ca') in 0.0671415 seconds
Number of updated asset objects reloaded before import = 0Number of asset objects unloaded after import = 9

========================================================================
Received Import Request.
  Time since last request: 0.000039 seconds.
  path: Assets/Map Components/Low-Poly Medieval Market/Prefabs/Environment/grass_02.prefab
  artifactKey: Guid(88b403a665be9744f971d6bc4e878f0e) Importer(815301076,1909f56bfc062723c751e8b465ee728b)
Start importing Assets/Map Components/Low-Poly Medieval Market/Prefabs/Environment/grass_02.prefab using Guid(88b403a665be9744f971d6bc4e878f0e) Importer(815301076,1909f56bfc062723c751e8b465ee728b) (PreviewImporter) -> (artifact id: '5400401dbb91c6eeb92ba02289c6a0fc') in 0.06103 seconds
Number of updated asset objects reloaded before import = 0Number of asset objects unloaded after import = 9

========================================================================
Received Import Request.
  Time since last request: 0.000035 seconds.
  path: Assets/Map Components/Low-Poly Medieval Market/Prefabs/Environment/trailway_02.prefab
  artifactKey: Guid(94f6ad5cbfa2225449f7a5b5cac83d5f) Importer(815301076,1909f56bfc062723c751e8b465ee728b)
Start importing Assets/Map Components/Low-Poly Medieval Market/Prefabs/Environment/trailway_02.prefab using Guid(94f6ad5cbfa2225449f7a5b5cac83d5f) Importer(815301076,1909f56bfc062723c751e8b465ee728b) (PreviewImporter) -> (artifact id: 'bf5e55f6392c8299b91aa8b4dc7318e5') in 0.0587028 seconds
Number of updated asset objects reloaded before import = 0Number of asset objects unloaded after import = 9

========================================================================
Received Import Request.
  Time since last request: 65.544243 seconds.
  path: Assets/Map Components/Low-Poly Medieval Market/Prefabs/Armor
  artifactKey: Guid(6c5b815d81bac9d4f96ad40c3d1d3c6c) Importer(815301076,1909f56bfc062723c751e8b465ee728b)
Start importing Assets/Map Components/Low-Poly Medieval Market/Prefabs/Armor using Guid(6c5b815d81bac9d4f96ad40c3d1d3c6c) Importer(815301076,1909f56bfc062723c751e8b465ee728b) (PreviewImporter) -> (artifact id: '3e3b95784357ef5bd360db25df225c73') in 0.0008818 seconds
Number of updated asset objects reloaded before import = 0Number of asset objects unloaded after import = 0

========================================================================
Received Import Request.
  Time since last request: 0.127786 seconds.
  path: Assets/Map Components/Low-Poly Medieval Market/Prefabs/Armor/armor.prefab
  artifactKey: Guid(991b236b43c591349b1df600c83ccde2) Importer(815301076,1909f56bfc062723c751e8b465ee728b)
Start importing Assets/Map Components/Low-Poly Medieval Market/Prefabs/Armor/armor.prefab using Guid(991b236b43c591349b1df600c83ccde2) Importer(815301076,1909f56bfc062723c751e8b465ee728b) (PreviewImporter) -> (artifact id: '73d7bc98480aea96b59830db008cd8e4') in 0.0532167 seconds
Number of updated asset objects reloaded before import = 0Number of asset objects unloaded after import = 9

========================================================================
Received Import Request.
  Time since last request: 0.000043 seconds.
  path: Assets/Map Components/Low-Poly Medieval Market/Prefabs/Armor/armor_shoulder_pad_left.prefab
  artifactKey: Guid(10e8cf21e9b399041a71d0e64c904b32) Importer(815301076,1909f56bfc062723c751e8b465ee728b)
Start importing Assets/Map Components/Low-Poly Medieval Market/Prefabs/Armor/armor_shoulder_pad_left.prefab using Guid(10e8cf21e9b399041a71d0e64c904b32) Importer(815301076,1909f56bfc062723c751e8b465ee728b) (PreviewImporter) -> (artifact id: 'be3fc88aa9da2e7758d501af5a8dbe88') in 0.0518563 seconds
Number of updated asset objects reloaded before import = 0Number of asset objects unloaded after import = 9

========================================================================
Received Import Request.
  Time since last request: 0.000028 seconds.
  path: Assets/Map Components/Low-Poly Medieval Market/Prefabs/Armor/armor_shoulder_pad_right.prefab
  artifactKey: Guid(38a7bdcbac06ce849976bd81b497725a) Importer(815301076,1909f56bfc062723c751e8b465ee728b)
Start importing Assets/Map Components/Low-Poly Medieval Market/Prefabs/Armor/armor_shoulder_pad_right.prefab using Guid(38a7bdcbac06ce849976bd81b497725a) Importer(815301076,1909f56bfc062723c751e8b465ee728b) (PreviewImporter) -> (artifact id: 'cfcec2a327017524b57cbf4886e874b3') in 0.0712666 seconds
Number of updated asset objects reloaded before import = 0Number of asset objects unloaded after import = 9

========================================================================
Received Import Request.
  Time since last request: 3.283127 seconds.
  path: Assets/Map Components/Low-Poly Medieval Market/Prefabs/Weapons
  artifactKey: Guid(84dbbad5109291245afd7cc5e503694f) Importer(815301076,1909f56bfc062723c751e8b465ee728b)
Start importing Assets/Map Components/Low-Poly Medieval Market/Prefabs/Weapons using Guid(84dbbad5109291245afd7cc5e503694f) Importer(815301076,1909f56bfc062723c751e8b465ee728b) (PreviewImporter) -> (artifact id: '38d23e0793f4dd35d981eb8c643bd22f') in 0.0012259 seconds
Number of updated asset objects reloaded before import = 0Number of asset objects unloaded after import = 0

========================================================================
Received Import Request.
  Time since last request: 0.039592 seconds.
  path: Assets/Map Components/Low-Poly Medieval Market/Prefabs/Weapons/arrow.prefab
  artifactKey: Guid(4484866c96f56bb47ac5474f112aad57) Importer(815301076,1909f56bfc062723c751e8b465ee728b)
Start importing Assets/Map Components/Low-Poly Medieval Market/Prefabs/Weapons/arrow.prefab using Guid(4484866c96f56bb47ac5474f112aad57) Importer(815301076,1909f56bfc062723c751e8b465ee728b) (PreviewImporter) -> (artifact id: '0162c0d004aaa27b5b89010137dd49b0') in 0.041146 seconds
Number of updated asset objects reloaded before import = 0Number of asset objects unloaded after import = 9

========================================================================
Received Import Request.
  Time since last request: 0.000031 seconds.
  path: Assets/Map Components/Low-Poly Medieval Market/Prefabs/Weapons/crossbow_bolt.prefab
  artifactKey: Guid(3016a9d029c6aeb4b85502f71532780b) Importer(815301076,1909f56bfc062723c751e8b465ee728b)
Start importing Assets/Map Components/Low-Poly Medieval Market/Prefabs/Weapons/crossbow_bolt.prefab using Guid(3016a9d029c6aeb4b85502f71532780b) Importer(815301076,1909f56bfc062723c751e8b465ee728b) (PreviewImporter) -> (artifact id: 'c83c0f24ca05546321bccea76dc0532f') in 0.0472929 seconds
Number of updated asset objects reloaded before import = 0Number of asset objects unloaded after import = 9

========================================================================
Received Import Request.
  Time since last request: 0.000046 seconds.
  path: Assets/Map Components/Low-Poly Medieval Market/Prefabs/Weapons/shield_01.prefab
  artifactKey: Guid(d6fdb1e4c30f266459d2118f85d3f2aa) Importer(815301076,1909f56bfc062723c751e8b465ee728b)
Start importing Assets/Map Components/Low-Poly Medieval Market/Prefabs/Weapons/shield_01.prefab using Guid(d6fdb1e4c30f266459d2118f85d3f2aa) Importer(815301076,1909f56bfc062723c751e8b465ee728b) (PreviewImporter) -> (artifact id: 'd356fb6eeaacabea8cca9945b365a0a9') in 0.0474042 seconds
Number of updated asset objects reloaded before import = 0Number of asset objects unloaded after import = 9

========================================================================
Received Import Request.
  Time since last request: 0.000042 seconds.
  path: Assets/Map Components/Low-Poly Medieval Market/Prefabs/Weapons/short_bow.prefab
  artifactKey: Guid(b37d60f5221e08e4bb26a1a6a00c5bf8) Importer(815301076,1909f56bfc062723c751e8b465ee728b)
Start importing Assets/Map Components/Low-Poly Medieval Market/Prefabs/Weapons/short_bow.prefab using Guid(b37d60f5221e08e4bb26a1a6a00c5bf8) Importer(815301076,1909f56bfc062723c751e8b465ee728b) (PreviewImporter) -> (artifact id: 'f2d16de2e4924b5d9cb5a10ac351ea13') in 0.0488758 seconds
Number of updated asset objects reloaded before import = 0Number of asset objects unloaded after import = 14

========================================================================
Received Import Request.
  Time since last request: 0.000048 seconds.
  path: Assets/Map Components/Low-Poly Medieval Market/Prefabs/Weapons/dagger.prefab
  artifactKey: Guid(0118f73dbd62e9a48a59bb12475c9a5f) Importer(815301076,1909f56bfc062723c751e8b465ee728b)
Start importing Assets/Map Components/Low-Poly Medieval Market/Prefabs/Weapons/dagger.prefab using Guid(0118f73dbd62e9a48a59bb12475c9a5f) Importer(815301076,1909f56bfc062723c751e8b465ee728b) (PreviewImporter) -> (artifact id: '8aaac2e2e8ab2360acac39b7ffc92f31') in 0.0450496 seconds
Number of updated asset objects reloaded before import = 0Number of asset objects unloaded after import = 9

========================================================================
Received Import Request.
  Time since last request: 0.000042 seconds.
  path: Assets/Map Components/Low-Poly Medieval Market/Prefabs/Weapons/long_bow.prefab
  artifactKey: Guid(72bda203642b55d448714d7c6b19aa75) Importer(815301076,1909f56bfc062723c751e8b465ee728b)
Start importing Assets/Map Components/Low-Poly Medieval Market/Prefabs/Weapons/long_bow.prefab using Guid(72bda203642b55d448714d7c6b19aa75) Importer(815301076,1909f56bfc062723c751e8b465ee728b) (PreviewImporter) -> (artifact id: '0a3bb955d152918c05651669afa81b22') in 0.0457806 seconds
Number of updated asset objects reloaded before import = 0Number of asset objects unloaded after import = 14

========================================================================
Received Import Request.
  Time since last request: 0.000040 seconds.
  path: Assets/Map Components/Low-Poly Medieval Market/Prefabs/Weapons/short_sword.prefab
  artifactKey: Guid(999f1c6fc24d87c459f66a5e2b19e6fb) Importer(815301076,1909f56bfc062723c751e8b465ee728b)
Start importing Assets/Map Components/Low-Poly Medieval Market/Prefabs/Weapons/short_sword.prefab using Guid(999f1c6fc24d87c459f66a5e2b19e6fb) Importer(815301076,1909f56bfc062723c751e8b465ee728b) (PreviewImporter) -> (artifact id: '2f0c4bd2fe0c8894dc82a61694deb96e') in 0.0480316 seconds
Number of updated asset objects reloaded before import = 0Number of asset objects unloaded after import = 9

========================================================================
Received Import Request.
  Time since last request: 0.000060 seconds.
  path: Assets/Map Components/Low-Poly Medieval Market/Prefabs/Weapons/two_handed_hammer.prefab
  artifactKey: Guid(e32d34c22f62e884195484260ddba41c) Importer(815301076,1909f56bfc062723c751e8b465ee728b)
Start importing Assets/Map Components/Low-Poly Medieval Market/Prefabs/Weapons/two_handed_hammer.prefab using Guid(e32d34c22f62e884195484260ddba41c) Importer(815301076,1909f56bfc062723c751e8b465ee728b) (PreviewImporter) -> (artifact id: '0e00e1419e82cdbab8be42e1517edff2') in 0.0442721 seconds
Number of updated asset objects reloaded before import = 0Number of asset objects unloaded after import = 9

========================================================================
Received Import Request.
  Time since last request: 0.000049 seconds.
  path: Assets/Map Components/Low-Poly Medieval Market/Prefabs/Weapons/spear.prefab
  artifactKey: Guid(c64b2f9a2c80825418e67c7593456e1b) Importer(815301076,1909f56bfc062723c751e8b465ee728b)
Start importing Assets/Map Components/Low-Poly Medieval Market/Prefabs/Weapons/spear.prefab using Guid(c64b2f9a2c80825418e67c7593456e1b) Importer(815301076,1909f56bfc062723c751e8b465ee728b) (PreviewImporter) -> (artifact id: 'c2fa1494c2099484521f47b4618284c8') in 0.0465886 seconds
Number of updated asset objects reloaded before import = 0Number of asset objects unloaded after import = 9

========================================================================
Received Import Request.
  Time since last request: 3.764318 seconds.
  path: Assets/Map Components/Low-Poly Medieval Market/Prefabs/Fruits and vegetables
  artifactKey: Guid(9044947c42758154e8ea125c3cdceb18) Importer(815301076,1909f56bfc062723c751e8b465ee728b)
Start importing Assets/Map Components/Low-Poly Medieval Market/Prefabs/Fruits and vegetables using Guid(9044947c42758154e8ea125c3cdceb18) Importer(815301076,1909f56bfc062723c751e8b465ee728b) (PreviewImporter) -> (artifact id: 'a955cc4d82a861bc0a69b83583ab8e56') in 0.0011162 seconds
Number of updated asset objects reloaded before import = 0Number of asset objects unloaded after import = 0

========================================================================
Received Import Request.
  Time since last request: 0.080461 seconds.
  path: Assets/Map Components/Low-Poly Medieval Market/Prefabs/Fruits and vegetables/apple_yellow.prefab
  artifactKey: Guid(ec69acfba609a0f4a931eb6ac24f3d4f) Importer(815301076,1909f56bfc062723c751e8b465ee728b)
Start importing Assets/Map Components/Low-Poly Medieval Market/Prefabs/Fruits and vegetables/apple_yellow.prefab using Guid(ec69acfba609a0f4a931eb6ac24f3d4f) Importer(815301076,1909f56bfc062723c751e8b465ee728b) (PreviewImporter) -> (artifact id: '5f023712a80fa8c692f4ca61d2341016') in 0.0757904 seconds
Number of updated asset objects reloaded before import = 0Number of asset objects unloaded after import = 9

========================================================================
Received Import Request.
  Time since last request: 0.000032 seconds.
  path: Assets/Map Components/Low-Poly Medieval Market/Prefabs/Fruits and vegetables/tomato.prefab
  artifactKey: Guid(ba0a31dc656c679499efa3bb7dba1d5c) Importer(815301076,1909f56bfc062723c751e8b465ee728b)
Start importing Assets/Map Components/Low-Poly Medieval Market/Prefabs/Fruits and vegetables/tomato.prefab using Guid(ba0a31dc656c679499efa3bb7dba1d5c) Importer(815301076,1909f56bfc062723c751e8b465ee728b) (PreviewImporter) -> (artifact id: '0cf353774271b4168d64f76c004bf2e6') in 0.0433611 seconds
Number of updated asset objects reloaded before import = 0Number of asset objects unloaded after import = 9

========================================================================
Received Import Request.
  Time since last request: 0.000032 seconds.
  path: Assets/Map Components/Low-Poly Medieval Market/Prefabs/Fruits and vegetables/carrot.prefab
  artifactKey: Guid(9540292a453dac645bad435792805b94) Importer(815301076,1909f56bfc062723c751e8b465ee728b)
Start importing Assets/Map Components/Low-Poly Medieval Market/Prefabs/Fruits and vegetables/carrot.prefab using Guid(9540292a453dac645bad435792805b94) Importer(815301076,1909f56bfc062723c751e8b465ee728b) (PreviewImporter) -> (artifact id: '9e781af3c8d050ac8212cd8ab3416866') in 0.0819118 seconds
Number of updated asset objects reloaded before import = 0Number of asset objects unloaded after import = 9

========================================================================
Received Import Request.
  Time since last request: 0.000034 seconds.
  path: Assets/Map Components/Low-Poly Medieval Market/Prefabs/Fruits and vegetables/eggplant.prefab
  artifactKey: Guid(2c9250409c4a1004eb1f70829a95d3d3) Importer(815301076,1909f56bfc062723c751e8b465ee728b)
Start importing Assets/Map Components/Low-Poly Medieval Market/Prefabs/Fruits and vegetables/eggplant.prefab using Guid(2c9250409c4a1004eb1f70829a95d3d3) Importer(815301076,1909f56bfc062723c751e8b465ee728b) (PreviewImporter) -> (artifact id: '85f3944d600e54ae35205824f3995a3d') in 0.0810095 seconds
Number of updated asset objects reloaded before import = 0Number of asset objects unloaded after import = 9

Editor requested this worker to shutdown with reason: Scaling down because of idle timeout
AssetImportWorker is now disconnected from the server
Process exiting
Exiting without the bug reporter. Application will terminate with return code 0