Using pre-set license
Built from '6000.0/staging' branch; Version is '6000.0.36f1 (9fe3b5f71dbb) revision 10478517'; Using compiler version '193933523'; Build Type 'Release'
OS: 'Windows 11  (10.0.26100) 64bit Professional' Language: 'ru' Physical Memory: 16076 MB
BatchMode: 1, IsHumanControllingUs: 0, StartBugReporterOnCrash: 0, Is64bit: 1, IsPro: 1

COMMAND LINE ARGUMENTS:
D:\IVAN\UNITYEDITOR\6000.0.36f1\Editor\Unity.exe
-adb2
-batchMode
-noUpm
-name
AssetImportWorker1
-projectPath
D:/IVAN/UnityPROJECTS/Shadow-of-the-Dungeon/Shadow of the Dungeon
-logFile
Logs/AssetImportWorker1.log
-srvPort
54196
-job-worker-count
5
-background-job-worker-count
8
-gc-helper-count
1
Successfully changed project path to: D:/IVAN/UnityPROJECTS/Shadow-of-the-Dungeon/Shadow of the Dungeon
D:/IVAN/UnityPROJECTS/Shadow-of-the-Dungeon/Shadow of the Dungeon
[UnityMemory] Configuration Parameters - Can be set up in boot.config
    "memorysetup-bucket-allocator-granularity=16"
    "memorysetup-bucket-allocator-bucket-count=8"
    "memorysetup-bucket-allocator-block-size=33554432"
    "memorysetup-bucket-allocator-block-count=8"
    "memorysetup-main-allocator-block-size=16777216"
    "memorysetup-thread-allocator-block-size=16777216"
    "memorysetup-gfx-main-allocator-block-size=16777216"
    "memorysetup-gfx-thread-allocator-block-size=16777216"
    "memorysetup-cache-allocator-block-size=4194304"
    "memorysetup-typetree-allocator-block-size=2097152"
    "memorysetup-profiler-bucket-allocator-granularity=16"
    "memorysetup-profiler-bucket-allocator-bucket-count=8"
    "memorysetup-profiler-bucket-allocator-block-size=33554432"
    "memorysetup-profiler-bucket-allocator-block-count=8"
    "memorysetup-profiler-allocator-block-size=16777216"
    "memorysetup-profiler-editor-allocator-block-size=1048576"
    "memorysetup-temp-allocator-size-main=16777216"
    "memorysetup-job-temp-allocator-block-size=2097152"
    "memorysetup-job-temp-allocator-block-size-background=1048576"
    "memorysetup-job-temp-allocator-reduction-small-platforms=262144"
    "memorysetup-allocator-temp-initial-block-size-main=262144"
    "memorysetup-allocator-temp-initial-block-size-worker=262144"
    "memorysetup-temp-allocator-size-background-worker=32768"
    "memorysetup-temp-allocator-size-job-worker=262144"
    "memorysetup-temp-allocator-size-preload-manager=33554432"
    "memorysetup-temp-allocator-size-nav-mesh-worker=65536"
    "memorysetup-temp-allocator-size-audio-worker=65536"
    "memorysetup-temp-allocator-size-cloud-worker=32768"
    "memorysetup-temp-allocator-size-gi-baking-worker=262144"
    "memorysetup-temp-allocator-size-gi-baking-worker=262144"
    "memorysetup-temp-allocator-size-gi-baking-worker=262144"
    "memorysetup-temp-allocator-size-gi-baking-worker=262144"
    "memorysetup-temp-allocator-size-gi-baking-worker=262144"
    "memorysetup-temp-allocator-size-gfx=262144"
Player connection [15996]  Target information:

Player connection [15996]  * "[IP] 192.168.8.109 [Port] 0 [Flags] 2 [Guid] 4029341199 [EditorId] 4029341199 [Version] 1048832 [Id] WindowsEditor(7,DESKTOP-9J1EOIR) [Debug] 1 [PackageName] WindowsEditor [ProjectName] Editor" 

Player connection [15996] Host joined multi-casting on [225.0.0.222:54997]...
Player connection [15996] Host joined alternative multi-casting on [225.0.0.222:34997]...
JobSystem: Creating JobQueue using job-worker-count value 5
Input System module state changed to: Initialized.
[Physics::Module] Initialized fallback backend.
[Physics::Module] Id: 0xdecafbad
Library Redirect Path: Library/
[Physics::Module] Selected backend.
[Physics::Module] Name: PhysX
[Physics::Module] Id: 0xf2b8ea05
[Physics::Module] SDK Version: 4.1.2
[Physics::Module] Integration Version: 1.0.0
[Physics::Module] Threading Mode: Multi-Threaded
Refreshing native plugins compatible for Editor in 10.12 ms, found 9 plugins.
Preloading 0 native plugins for Editor in 0.00 ms.
Initialize engine version: 6000.0.36f1 (9fe3b5f71dbb)
[Subsystems] Discovering subsystems at path D:/IVAN/UNITYEDITOR/6000.0.36f1/Editor/Data/Resources/UnitySubsystems
[Subsystems] Discovering subsystems at path D:/IVAN/UnityPROJECTS/Shadow-of-the-Dungeon/Shadow of the Dungeon/Assets
GfxDevice: creating device client; kGfxThreadingModeNonThreaded
Direct3D:
    Version:  Direct3D 11.0 [level 11.1]
    Renderer: Intel(R) UHD Graphics (ID=0x46a3)
    Vendor:   Intel
    VRAM:     8038 MB
    Driver:   32.0.101.6129
Initialize mono
Mono path[0] = 'D:/IVAN/UNITYEDITOR/6000.0.36f1/Editor/Data/Managed'
Mono path[1] = 'D:/IVAN/UNITYEDITOR/6000.0.36f1/Editor/Data/MonoBleedingEdge/lib/mono/unityjit-win32'
Mono config path = 'D:/IVAN/UNITYEDITOR/6000.0.36f1/Editor/Data/MonoBleedingEdge/etc'
Using monoOptions --debugger-agent=transport=dt_socket,embedding=1,server=y,suspend=n,address=127.0.0.1:56760
Begin MonoManager ReloadAssembly
Registering precompiled unity dll's ...
Register platform support module: D:/IVAN/UNITYEDITOR/6000.0.36f1/Editor/Data/PlaybackEngines/WindowsStandaloneSupport/UnityEditor.WindowsStandalone.Extensions.dll
Register platform support module: D:/IVAN/UNITYEDITOR/6000.0.36f1/Editor/Data/PlaybackEngines/MetroSupport/UnityEditor.UWP.Extensions.dll
Register platform support module: D:/IVAN/UNITYEDITOR/6000.0.36f1/Editor/Data/PlaybackEngines/AndroidPlayer/UnityEditor.Android.Extensions.dll
Registered in 0.002920 seconds.
- Loaded All Assemblies, in  0.449 seconds
Native extension for Android target not found
Android Extension - Scanning For ADB Devices 285 ms
Native extension for UWP target not found
Native extension for WindowsStandalone target not found
Mono: successfully reloaded assembly
- Finished resetting the current domain, in  0.724 seconds
Domain Reload Profiling: 1173ms
	BeginReloadAssembly (162ms)
		ExecutionOrderSort (0ms)
		DisableScriptedObjects (0ms)
		BackupInstance (0ms)
		ReleaseScriptingObjects (0ms)
		CreateAndSetChildDomain (1ms)
	RebuildCommonClasses (43ms)
	RebuildNativeTypeToScriptingClass (16ms)
	initialDomainReloadingComplete (57ms)
	LoadAllAssembliesAndSetupDomain (169ms)
		LoadAssemblies (161ms)
		RebuildTransferFunctionScriptingTraits (0ms)
		AnalyzeDomain (166ms)
			TypeCache.Refresh (164ms)
				TypeCache.ScanAssembly (151ms)
			BuildScriptInfoCaches (0ms)
			ResolveRequiredComponents (0ms)
	FinalizeReload (725ms)
		ReleaseScriptCaches (0ms)
		RebuildScriptCaches (0ms)
		SetupLoadedEditorAssemblies (678ms)
			LogAssemblyErrors (0ms)
			InitializePlatformSupportModulesInManaged (383ms)
			SetLoadedEditorAssemblies (5ms)
			BeforeProcessingInitializeOnLoad (60ms)
			ProcessInitializeOnLoadAttributes (156ms)
			ProcessInitializeOnLoadMethodAttributes (74ms)
			AfterProcessingInitializeOnLoad (0ms)
			EditorAssembliesLoaded (0ms)
		ExecutionOrderSort2 (0ms)
		AwakeInstancesAfterBackupRestoration (0ms)
========================================================================
Worker process is ready to serve import requests
Import Worker Mode flag is 0x00
Begin MonoManager ReloadAssembly
- Loaded All Assemblies, in  0.896 seconds
'Packages/com.unity.xr.openxr/Runtime/OpenXRLoader.cs' contains partial class of Unity.Object, exactly 1 of the partial classes needs to be in a file with the same filename. This is to know the one that can be referenced from ie. GameObjects
'Packages/com.unity.xr.openxr/Runtime/OpenXRLoaderInternal.cs' contains partial class of Unity.Object, exactly 1 of the partial classes needs to be in a file with the same filename. This is to know the one that can be referenced from ie. GameObjects
Refreshing native plugins compatible for Editor in 4.08 ms, found 9 plugins.
Native extension for Android target not found
Native extension for UWP target not found
Native extension for WindowsStandalone target not found
Package Manager log level set to [2]
[Package Manager] Failed to launch server process. Reason: Unity was launched with the -noUpm command-line argument
[Package Manager] Unable to send message (not connected to server process).
[Package Manager] Cannot connect to Unity Package Manager local server
System.NullReferenceException: Object reference not set to an instance of an object
  at UnityEditor.XR.Interaction.Toolkit.Analytics.XRIAnalytics..cctor () [0x00000] in .\Library\PackageCache\com.unity.xr.interaction.toolkit@9b07900cb163\Editor\Analytics\XRIAnalytics.cs:32 
UnityEngine.Debug:ExtractStackTraceNoAlloc (byte*,int,string)
UnityEngine.StackTraceUtility:ExtractStackTrace ()
UnityEngine.DebugLogHandler:Internal_Log (UnityEngine.LogType,UnityEngine.LogOption,string,UnityEngine.Object)
UnityEngine.DebugLogHandler:LogFormat (UnityEngine.LogType,UnityEngine.Object,string,object[])
UnityEngine.Logger:Log (UnityEngine.LogType,object)
UnityEngine.Debug:LogError (object)
UnityEditor.EditorAssemblies:ProcessInitializeOnLoadAttributes (System.Type[])

Mono: successfully reloaded assembly
[Package Manager] Failed to launch server process. Reason: Unity was launched with the -noUpm command-line argument
[Package Manager] Unable to send message (not connected to server process).
[Package Manager] Cannot connect to Unity Package Manager local server
[Package Manager] Failed to launch server process. Reason: Unity was launched with the -noUpm command-line argument
[Package Manager] Unable to send message (not connected to server process).
[Package Manager] Cannot connect to Unity Package Manager local server
- Finished resetting the current domain, in  1.032 seconds
Domain Reload Profiling: 1926ms
	BeginReloadAssembly (171ms)
		ExecutionOrderSort (0ms)
		DisableScriptedObjects (6ms)
		BackupInstance (0ms)
		ReleaseScriptingObjects (0ms)
		CreateAndSetChildDomain (32ms)
	RebuildCommonClasses (34ms)
	RebuildNativeTypeToScriptingClass (10ms)
	initialDomainReloadingComplete (36ms)
	LoadAllAssembliesAndSetupDomain (643ms)
		LoadAssemblies (471ms)
		RebuildTransferFunctionScriptingTraits (0ms)
		AnalyzeDomain (275ms)
			TypeCache.Refresh (199ms)
				TypeCache.ScanAssembly (180ms)
			BuildScriptInfoCaches (60ms)
			ResolveRequiredComponents (13ms)
	FinalizeReload (1032ms)
		ReleaseScriptCaches (0ms)
		RebuildScriptCaches (0ms)
		SetupLoadedEditorAssemblies (861ms)
			LogAssemblyErrors (0ms)
			InitializePlatformSupportModulesInManaged (11ms)
			SetLoadedEditorAssemblies (5ms)
			BeforeProcessingInitializeOnLoad (205ms)
			ProcessInitializeOnLoadAttributes (501ms)
			ProcessInitializeOnLoadMethodAttributes (137ms)
			AfterProcessingInitializeOnLoad (1ms)
			EditorAssembliesLoaded (0ms)
		ExecutionOrderSort2 (0ms)
		AwakeInstancesAfterBackupRestoration (6ms)
Launched and connected shader compiler UnityShaderCompiler.exe after 0.02 seconds
Refreshing native plugins compatible for Editor in 4.35 ms, found 9 plugins.
Preloading 0 native plugins for Editor in 0.00 ms.
Unloading 230 Unused Serialized files (Serialized files now loaded: 0)
Unloading 6916 unused Assets / (5.5 MB). Loaded Objects now: 7652.
Memory consumption went from 171.9 MB to 166.4 MB.
Total: 10.576000 ms (FindLiveObjects: 0.669300 ms CreateObjectMapping: 0.681300 ms MarkObjects: 5.366900 ms  DeleteObjects: 3.856900 ms)

========================================================================
Received Import Request.
  Time since last request: 611199.959652 seconds.
  path: Assets/Map Components/Low-Poly Medieval Market/Prefabs/cleaver.prefab
  artifactKey: Guid(5a520c173ee63aa478171f69422ddc10) Importer(815301076,1909f56bfc062723c751e8b465ee728b)
Start importing Assets/Map Components/Low-Poly Medieval Market/Prefabs/cleaver.prefab using Guid(5a520c173ee63aa478171f69422ddc10) Importer(815301076,1909f56bfc062723c751e8b465ee728b) (PreviewImporter) -> (artifact id: 'e7dbd73f926242a1173b7c9581b271d1') in 0.6733455 seconds
Number of updated asset objects reloaded before import = 0Number of asset objects unloaded after import = 9

========================================================================
Received Import Request.
  Time since last request: 0.000046 seconds.
  path: Assets/Map Components/Low-Poly Medieval Market/Prefabs/potato.prefab
  artifactKey: Guid(7649949d33b773446a1c67c81dc75379) Importer(815301076,1909f56bfc062723c751e8b465ee728b)
Start importing Assets/Map Components/Low-Poly Medieval Market/Prefabs/potato.prefab using Guid(7649949d33b773446a1c67c81dc75379) Importer(815301076,1909f56bfc062723c751e8b465ee728b) (PreviewImporter) -> (artifact id: '0e32a1c970746747d258d1c1191c1d46') in 0.1018324 seconds
Number of updated asset objects reloaded before import = 0Number of asset objects unloaded after import = 9

========================================================================
Received Import Request.
  Time since last request: 0.000054 seconds.
  path: Assets/Map Components/Low-Poly Medieval Market/Prefabs/loaf_basket.prefab
  artifactKey: Guid(4b7f7bf8cd0125243a6a457c53fc1b90) Importer(815301076,1909f56bfc062723c751e8b465ee728b)
Start importing Assets/Map Components/Low-Poly Medieval Market/Prefabs/loaf_basket.prefab using Guid(4b7f7bf8cd0125243a6a457c53fc1b90) Importer(815301076,1909f56bfc062723c751e8b465ee728b) (PreviewImporter) -> (artifact id: 'd7f88f0463b057705d2eb01fd4cb0567') in 0.0700248 seconds
Number of updated asset objects reloaded before import = 0Number of asset objects unloaded after import = 28

========================================================================
Received Import Request.
  Time since last request: 0.000034 seconds.
  path: Assets/Map Components/Low-Poly Medieval Market/Prefabs/swordfish.prefab
  artifactKey: Guid(8c40448a6e292ce4aa884b48a55cfc10) Importer(815301076,1909f56bfc062723c751e8b465ee728b)
Start importing Assets/Map Components/Low-Poly Medieval Market/Prefabs/swordfish.prefab using Guid(8c40448a6e292ce4aa884b48a55cfc10) Importer(815301076,1909f56bfc062723c751e8b465ee728b) (PreviewImporter) -> (artifact id: 'd1782db54f6919c21cccd04950c0df18') in 0.0742302 seconds
Number of updated asset objects reloaded before import = 0Number of asset objects unloaded after import = 9

========================================================================
Received Import Request.
  Time since last request: 0.000033 seconds.
  path: Assets/Map Components/Low-Poly Medieval Market/Prefabs/Fish_market_with_sections.prefab
  artifactKey: Guid(5ed459fa9af3cc54a8803d749f445718) Importer(815301076,1909f56bfc062723c751e8b465ee728b)
Start importing Assets/Map Components/Low-Poly Medieval Market/Prefabs/Fish_market_with_sections.prefab using Guid(5ed459fa9af3cc54a8803d749f445718) Importer(815301076,1909f56bfc062723c751e8b465ee728b) (PreviewImporter) -> (artifact id: '93ef123f7295d0ad77d0f3e8e7fd491b') in 0.2063738 seconds
Number of updated asset objects reloaded before import = 0Number of asset objects unloaded after import = 378

========================================================================
Received Import Request.
  Time since last request: 0.000037 seconds.
  path: Assets/Map Components/Low-Poly Medieval Market/Prefabs/fish_twisted_02.prefab
  artifactKey: Guid(25cf72de2a9eff945a3eea4ee1c034af) Importer(815301076,1909f56bfc062723c751e8b465ee728b)
Start importing Assets/Map Components/Low-Poly Medieval Market/Prefabs/fish_twisted_02.prefab using Guid(25cf72de2a9eff945a3eea4ee1c034af) Importer(815301076,1909f56bfc062723c751e8b465ee728b) (PreviewImporter) -> (artifact id: '6ae7a154dbc4b3e9f5a58c0b00571b7d') in 0.0472431 seconds
Number of updated asset objects reloaded before import = 0Number of asset objects unloaded after import = 9

========================================================================
Received Import Request.
  Time since last request: 0.000056 seconds.
  path: Assets/Map Components/Low-Poly Medieval Market/Prefabs/section_with_objects_01.prefab
  artifactKey: Guid(da97b80dc8fb25c42a1174c05c382bf5) Importer(815301076,1909f56bfc062723c751e8b465ee728b)
Start importing Assets/Map Components/Low-Poly Medieval Market/Prefabs/section_with_objects_01.prefab using Guid(da97b80dc8fb25c42a1174c05c382bf5) Importer(815301076,1909f56bfc062723c751e8b465ee728b) (PreviewImporter) -> (artifact id: '7b3d0b1208ced191f0f5cc69666ea996') in 0.0396576 seconds
Number of updated asset objects reloaded before import = 0Number of asset objects unloaded after import = 173

========================================================================
Received Import Request.
  Time since last request: 0.000035 seconds.
  path: Assets/Map Components/Low-Poly Medieval Market/Prefabs/table_with_meat_chease.prefab
  artifactKey: Guid(0c54d0bf7635644479ee2a6d05ee16d2) Importer(815301076,1909f56bfc062723c751e8b465ee728b)
Start importing Assets/Map Components/Low-Poly Medieval Market/Prefabs/table_with_meat_chease.prefab using Guid(0c54d0bf7635644479ee2a6d05ee16d2) Importer(815301076,1909f56bfc062723c751e8b465ee728b) (PreviewImporter) -> (artifact id: '735d92aa72a5be793dbeb4d7f47be6f1') in 0.1523642 seconds
Number of updated asset objects reloaded before import = 0Number of asset objects unloaded after import = 78

========================================================================
Received Import Request.
  Time since last request: 0.000038 seconds.
  path: Assets/Map Components/Low-Poly Medieval Market/Prefabs/coin.prefab
  artifactKey: Guid(74aaf32e479743b44a6c0abdd1c1ed35) Importer(815301076,1909f56bfc062723c751e8b465ee728b)
Start importing Assets/Map Components/Low-Poly Medieval Market/Prefabs/coin.prefab using Guid(74aaf32e479743b44a6c0abdd1c1ed35) Importer(815301076,1909f56bfc062723c751e8b465ee728b) (PreviewImporter) -> (artifact id: '6366adbc9eb3787efbd0a321b7434aa8') in 0.0438972 seconds
Number of updated asset objects reloaded before import = 0Number of asset objects unloaded after import = 9

========================================================================
Received Import Request.
  Time since last request: 0.000054 seconds.
  path: Assets/Map Components/Low-Poly Medieval Market/Prefabs/cutting_board.prefab
  artifactKey: Guid(b9a4d5ebb017da24099508f9580133f8) Importer(815301076,1909f56bfc062723c751e8b465ee728b)
Start importing Assets/Map Components/Low-Poly Medieval Market/Prefabs/cutting_board.prefab using Guid(b9a4d5ebb017da24099508f9580133f8) Importer(815301076,1909f56bfc062723c751e8b465ee728b) (PreviewImporter) -> (artifact id: 'ba9f214014ff3399aa9fe2427832f098') in 0.0429835 seconds
Number of updated asset objects reloaded before import = 0Number of asset objects unloaded after import = 9

========================================================================
Received Import Request.
  Time since last request: 0.000053 seconds.
  path: Assets/Map Components/Low-Poly Medieval Market/Prefabs/weapon_rack.prefab
  artifactKey: Guid(e276291d65c5b3f4b8af3da2ec2d9690) Importer(815301076,1909f56bfc062723c751e8b465ee728b)
Start importing Assets/Map Components/Low-Poly Medieval Market/Prefabs/weapon_rack.prefab using Guid(e276291d65c5b3f4b8af3da2ec2d9690) Importer(815301076,1909f56bfc062723c751e8b465ee728b) (PreviewImporter) -> (artifact id: '739d1783de14cd40e3e4b881678874af') in 0.0596012 seconds
Number of updated asset objects reloaded before import = 0Number of asset objects unloaded after import = 9

========================================================================
Received Import Request.
  Time since last request: 0.000022 seconds.
  path: Assets/Map Components/Low-Poly Medieval Market/Prefabs/fish_twisted_01.prefab
  artifactKey: Guid(bb4733244fed04042aa0b1ed0b0aea72) Importer(815301076,1909f56bfc062723c751e8b465ee728b)
Start importing Assets/Map Components/Low-Poly Medieval Market/Prefabs/fish_twisted_01.prefab using Guid(bb4733244fed04042aa0b1ed0b0aea72) Importer(815301076,1909f56bfc062723c751e8b465ee728b) (PreviewImporter) -> (artifact id: 'b83704cccab9eecb76149dcf97f785c8') in 0.0463754 seconds
Number of updated asset objects reloaded before import = 0Number of asset objects unloaded after import = 9

========================================================================
Received Import Request.
  Time since last request: 0.000032 seconds.
  path: Assets/Map Components/Low-Poly Medieval Market/Prefabs/wooden_box_destroyed.prefab
  artifactKey: Guid(b82d9969aedb66c4b998ad0627711207) Importer(815301076,1909f56bfc062723c751e8b465ee728b)
Start importing Assets/Map Components/Low-Poly Medieval Market/Prefabs/wooden_box_destroyed.prefab using Guid(b82d9969aedb66c4b998ad0627711207) Importer(815301076,1909f56bfc062723c751e8b465ee728b) (PreviewImporter) -> (artifact id: 'd74af2fb1a8d07986ba48317681aa868') in 0.0702697 seconds
Number of updated asset objects reloaded before import = 0Number of asset objects unloaded after import = 9

========================================================================
Received Import Request.
  Time since last request: 0.000056 seconds.
  path: Assets/Map Components/Low-Poly Medieval Market/Prefabs/table_03.prefab
  artifactKey: Guid(38d4e31a986a6df45a81e209af43aa08) Importer(815301076,1909f56bfc062723c751e8b465ee728b)
Start importing Assets/Map Components/Low-Poly Medieval Market/Prefabs/table_03.prefab using Guid(38d4e31a986a6df45a81e209af43aa08) Importer(815301076,1909f56bfc062723c751e8b465ee728b) (PreviewImporter) -> (artifact id: '213f00b6ab3267649168d45fe332d73e') in 0.0476221 seconds
Number of updated asset objects reloaded before import = 0Number of asset objects unloaded after import = 13

========================================================================
Received Import Request.
  Time since last request: 0.000035 seconds.
  path: Assets/Map Components/Low-Poly Medieval Market/Prefabs/table_02.prefab
  artifactKey: Guid(98c36059c3fc374479c36f64599c6ef3) Importer(815301076,1909f56bfc062723c751e8b465ee728b)
Start importing Assets/Map Components/Low-Poly Medieval Market/Prefabs/table_02.prefab using Guid(98c36059c3fc374479c36f64599c6ef3) Importer(815301076,1909f56bfc062723c751e8b465ee728b) (PreviewImporter) -> (artifact id: '1472d750cdd9f1be605e0d538435b149') in 0.0370727 seconds
Number of updated asset objects reloaded before import = 0Number of asset objects unloaded after import = 9

========================================================================
Received Import Request.
  Time since last request: 0.000039 seconds.
  path: Assets/Map Components/Low-Poly Medieval Market/Prefabs/round_cheese.prefab
  artifactKey: Guid(24a49be23fa523947bf8c260956b7043) Importer(815301076,1909f56bfc062723c751e8b465ee728b)
Start importing Assets/Map Components/Low-Poly Medieval Market/Prefabs/round_cheese.prefab using Guid(24a49be23fa523947bf8c260956b7043) Importer(815301076,1909f56bfc062723c751e8b465ee728b) (PreviewImporter) -> (artifact id: '085d1347bfa570c71faaa325dcc4e98b') in 0.0397832 seconds
Number of updated asset objects reloaded before import = 0Number of asset objects unloaded after import = 9

========================================================================
Received Import Request.
  Time since last request: 0.000031 seconds.
  path: Assets/Map Components/Low-Poly Medieval Market/Prefabs/stand_02.prefab
  artifactKey: Guid(1cfe0aebf2d528e41a25542addfe8364) Importer(815301076,1909f56bfc062723c751e8b465ee728b)
Start importing Assets/Map Components/Low-Poly Medieval Market/Prefabs/stand_02.prefab using Guid(1cfe0aebf2d528e41a25542addfe8364) Importer(815301076,1909f56bfc062723c751e8b465ee728b) (PreviewImporter) -> (artifact id: 'eaa83566e379a0691952c1f760261677') in 0.1510178 seconds
Number of updated asset objects reloaded before import = 0Number of asset objects unloaded after import = 195

========================================================================
Received Import Request.
  Time since last request: 0.000040 seconds.
  path: Assets/Map Components/Low-Poly Medieval Market/Prefabs/coins.prefab
  artifactKey: Guid(2a5990f46a7520d4bbc7fa6274caf1a2) Importer(815301076,1909f56bfc062723c751e8b465ee728b)
Start importing Assets/Map Components/Low-Poly Medieval Market/Prefabs/coins.prefab using Guid(2a5990f46a7520d4bbc7fa6274caf1a2) Importer(815301076,1909f56bfc062723c751e8b465ee728b) (PreviewImporter) -> (artifact id: '4631c3f3965e34b57b0a10c2ed8745aa') in 0.0470731 seconds
Number of updated asset objects reloaded before import = 0Number of asset objects unloaded after import = 9

========================================================================
Received Import Request.
  Time since last request: 0.000050 seconds.
  path: Assets/Map Components/Low-Poly Medieval Market/Prefabs/hanger_with_meat (1).prefab
  artifactKey: Guid(80eeb85a0b1e81740af342fb5ac20c1b) Importer(815301076,1909f56bfc062723c751e8b465ee728b)
Start importing Assets/Map Components/Low-Poly Medieval Market/Prefabs/hanger_with_meat (1).prefab using Guid(80eeb85a0b1e81740af342fb5ac20c1b) Importer(815301076,1909f56bfc062723c751e8b465ee728b) (PreviewImporter) -> (artifact id: '8200f253c19ed7690fa74f89f8371b69') in 0.0426703 seconds
Number of updated asset objects reloaded before import = 0Number of asset objects unloaded after import = 49

========================================================================
Received Import Request.
  Time since last request: 0.000039 seconds.
  path: Assets/Map Components/Low-Poly Medieval Market/Prefabs/sausage_on_surface.prefab
  artifactKey: Guid(53646a4941d5a754ba7fa7664f325dea) Importer(815301076,1909f56bfc062723c751e8b465ee728b)
Start importing Assets/Map Components/Low-Poly Medieval Market/Prefabs/sausage_on_surface.prefab using Guid(53646a4941d5a754ba7fa7664f325dea) Importer(815301076,1909f56bfc062723c751e8b465ee728b) (PreviewImporter) -> (artifact id: 'a7c616377ef5e8bb1c093f66622b16e6') in 0.0379809 seconds
Number of updated asset objects reloaded before import = 0Number of asset objects unloaded after import = 9

========================================================================
Received Import Request.
  Time since last request: 0.000026 seconds.
  path: Assets/Map Components/Low-Poly Medieval Market/Prefabs/wooden_bowl_02.prefab
  artifactKey: Guid(aa5b129a96531904680cf344db456eea) Importer(815301076,1909f56bfc062723c751e8b465ee728b)
Start importing Assets/Map Components/Low-Poly Medieval Market/Prefabs/wooden_bowl_02.prefab using Guid(aa5b129a96531904680cf344db456eea) Importer(815301076,1909f56bfc062723c751e8b465ee728b) (PreviewImporter) -> (artifact id: '82b25a56d40e16560075a0e1e99c4dc6') in 0.0421691 seconds
Number of updated asset objects reloaded before import = 0Number of asset objects unloaded after import = 9

========================================================================
Received Import Request.
  Time since last request: 0.000037 seconds.
  path: Assets/Map Components/Low-Poly Medieval Market/Prefabs/fish_market.prefab
  artifactKey: Guid(c702d9f2cdb3c5c4e8c8c1b713a0881b) Importer(815301076,1909f56bfc062723c751e8b465ee728b)
Start importing Assets/Map Components/Low-Poly Medieval Market/Prefabs/fish_market.prefab using Guid(c702d9f2cdb3c5c4e8c8c1b713a0881b) Importer(815301076,1909f56bfc062723c751e8b465ee728b) (PreviewImporter) -> (artifact id: '0f1b741f520c364d4afed6e84323d4e3') in 0.0527652 seconds
Number of updated asset objects reloaded before import = 0Number of asset objects unloaded after import = 9

========================================================================
Received Import Request.
  Time since last request: 0.000034 seconds.
  path: Assets/Map Components/Low-Poly Medieval Market/Prefabs/section_04.prefab
  artifactKey: Guid(ad0aefc10a9ff4d428d2540ce49529d1) Importer(815301076,1909f56bfc062723c751e8b465ee728b)
Start importing Assets/Map Components/Low-Poly Medieval Market/Prefabs/section_04.prefab using Guid(ad0aefc10a9ff4d428d2540ce49529d1) Importer(815301076,1909f56bfc062723c751e8b465ee728b) (PreviewImporter) -> (artifact id: '54a5d20f88ecc1c8c1d27def03f8d49c') in 0.0498552 seconds
Number of updated asset objects reloaded before import = 0Number of asset objects unloaded after import = 9

========================================================================
Received Import Request.
  Time since last request: 0.000060 seconds.
  path: Assets/Map Components/Low-Poly Medieval Market/Prefabs/round_bread.prefab
  artifactKey: Guid(3d4423e72eabf19439fa6b367a803a32) Importer(815301076,1909f56bfc062723c751e8b465ee728b)
Start importing Assets/Map Components/Low-Poly Medieval Market/Prefabs/round_bread.prefab using Guid(3d4423e72eabf19439fa6b367a803a32) Importer(815301076,1909f56bfc062723c751e8b465ee728b) (PreviewImporter) -> (artifact id: 'f79ccf3596a80b670cff53e14a57078b') in 0.0381006 seconds
Number of updated asset objects reloaded before import = 0Number of asset objects unloaded after import = 9

========================================================================
Received Import Request.
  Time since last request: 0.000029 seconds.
  path: Assets/Map Components/Low-Poly Medieval Market/Prefabs/fish_knife.prefab
  artifactKey: Guid(343d04653a7bd604f91f1395a049ba38) Importer(815301076,1909f56bfc062723c751e8b465ee728b)
Start importing Assets/Map Components/Low-Poly Medieval Market/Prefabs/fish_knife.prefab using Guid(343d04653a7bd604f91f1395a049ba38) Importer(815301076,1909f56bfc062723c751e8b465ee728b) (PreviewImporter) -> (artifact id: '7d7ebc9a066b9a1d92af7e3a9060ab1f') in 0.0490312 seconds
Number of updated asset objects reloaded before import = 0Number of asset objects unloaded after import = 9

========================================================================
Received Import Request.
  Time since last request: 0.000032 seconds.
  path: Assets/Map Components/Low-Poly Medieval Market/Prefabs/weapon_market.prefab
  artifactKey: Guid(bdb02f806a3b44c4bba3eb022914c075) Importer(815301076,1909f56bfc062723c751e8b465ee728b)
Start importing Assets/Map Components/Low-Poly Medieval Market/Prefabs/weapon_market.prefab using Guid(bdb02f806a3b44c4bba3eb022914c075) Importer(815301076,1909f56bfc062723c751e8b465ee728b) (PreviewImporter) -> (artifact id: '99fb1eb3a0ee67f08ccef05cad4a77bd') in 0.0491058 seconds
Number of updated asset objects reloaded before import = 0Number of asset objects unloaded after import = 9

========================================================================
Received Import Request.
  Time since last request: 0.000029 seconds.
  path: Assets/Map Components/Low-Poly Medieval Market/Prefabs/wooden_bowl_01.prefab
  artifactKey: Guid(3be4f1eccf329f241a51b9fc1dce06be) Importer(815301076,1909f56bfc062723c751e8b465ee728b)
Start importing Assets/Map Components/Low-Poly Medieval Market/Prefabs/wooden_bowl_01.prefab using Guid(3be4f1eccf329f241a51b9fc1dce06be) Importer(815301076,1909f56bfc062723c751e8b465ee728b) (PreviewImporter) -> (artifact id: 'e673e003744f658fd8da60c4c2bb5aff') in 0.0551236 seconds
Number of updated asset objects reloaded before import = 0Number of asset objects unloaded after import = 9

========================================================================
Received Import Request.
  Time since last request: 11.773939 seconds.
  path: Assets/Map Components/Low-Poly Medieval Market/Prefabs/bag_of_gold.prefab
  artifactKey: Guid(7c6a89aa75c99bc4cbf5e6213b60b6ed) Importer(815301076,1909f56bfc062723c751e8b465ee728b)
Start importing Assets/Map Components/Low-Poly Medieval Market/Prefabs/bag_of_gold.prefab using Guid(7c6a89aa75c99bc4cbf5e6213b60b6ed) Importer(815301076,1909f56bfc062723c751e8b465ee728b) (PreviewImporter) -> (artifact id: '8766e75cc201cdd8c537a2be91013bef') in 0.0754581 seconds
Number of updated asset objects reloaded before import = 0Number of asset objects unloaded after import = 9

========================================================================
Received Import Request.
  Time since last request: 0.000036 seconds.
  path: Assets/Map Components/Low-Poly Medieval Market/Prefabs/bag_open.prefab
  artifactKey: Guid(f74b0d6b21a350347aa1f01ddb3448fc) Importer(815301076,1909f56bfc062723c751e8b465ee728b)
Start importing Assets/Map Components/Low-Poly Medieval Market/Prefabs/bag_open.prefab using Guid(f74b0d6b21a350347aa1f01ddb3448fc) Importer(815301076,1909f56bfc062723c751e8b465ee728b) (PreviewImporter) -> (artifact id: 'fa280f2243a97b670c8c42c5f25867e9') in 0.0884514 seconds
Number of updated asset objects reloaded before import = 0Number of asset objects unloaded after import = 9

========================================================================
Received Import Request.
  Time since last request: 4.916668 seconds.
  path: Assets/Map Components/Low-Poly Medieval Market/Prefabs/Environment/fence_circle_01.prefab
  artifactKey: Guid(dcff8628b1c734747a290d43987dcbad) Importer(815301076,1909f56bfc062723c751e8b465ee728b)
Start importing Assets/Map Components/Low-Poly Medieval Market/Prefabs/Environment/fence_circle_01.prefab using Guid(dcff8628b1c734747a290d43987dcbad) Importer(815301076,1909f56bfc062723c751e8b465ee728b) (PreviewImporter) -> (artifact id: 'ca9bcfdd58bc355154d9a69ecafaceec') in 0.0515287 seconds
Number of updated asset objects reloaded before import = 0Number of asset objects unloaded after import = 40

========================================================================
Received Import Request.
  Time since last request: 0.000028 seconds.
  path: Assets/Map Components/Low-Poly Medieval Market/Prefabs/Environment/stone_fence_02.prefab
  artifactKey: Guid(7a529b20e0299d54e8a27a8499ab7f81) Importer(815301076,1909f56bfc062723c751e8b465ee728b)
Start importing Assets/Map Components/Low-Poly Medieval Market/Prefabs/Environment/stone_fence_02.prefab using Guid(7a529b20e0299d54e8a27a8499ab7f81) Importer(815301076,1909f56bfc062723c751e8b465ee728b) (PreviewImporter) -> (artifact id: '14d642f8823084942be2af762b199990') in 0.0354652 seconds
Number of updated asset objects reloaded before import = 0Number of asset objects unloaded after import = 9

========================================================================
Received Import Request.
  Time since last request: 0.000044 seconds.
  path: Assets/Map Components/Low-Poly Medieval Market/Prefabs/Environment/stone_fence_03.prefab
  artifactKey: Guid(7ae44cce9c551704984deac91f767c88) Importer(815301076,1909f56bfc062723c751e8b465ee728b)
Start importing Assets/Map Components/Low-Poly Medieval Market/Prefabs/Environment/stone_fence_03.prefab using Guid(7ae44cce9c551704984deac91f767c88) Importer(815301076,1909f56bfc062723c751e8b465ee728b) (PreviewImporter) -> (artifact id: '7ebabbe53fd146f2fd7992c19aeb0e54') in 0.0309923 seconds
Number of updated asset objects reloaded before import = 0Number of asset objects unloaded after import = 9

========================================================================
Received Import Request.
  Time since last request: 0.000033 seconds.
  path: Assets/Map Components/Low-Poly Medieval Market/Prefabs/Environment/trailway_03.prefab
  artifactKey: Guid(10348d885afc4924e9daa5d07655d02e) Importer(815301076,1909f56bfc062723c751e8b465ee728b)
Start importing Assets/Map Components/Low-Poly Medieval Market/Prefabs/Environment/trailway_03.prefab using Guid(10348d885afc4924e9daa5d07655d02e) Importer(815301076,1909f56bfc062723c751e8b465ee728b) (PreviewImporter) -> (artifact id: '8c0f7a934dd2d03610209710af87a189') in 0.0494848 seconds
Number of updated asset objects reloaded before import = 0Number of asset objects unloaded after import = 9

========================================================================
Received Import Request.
  Time since last request: 0.000024 seconds.
  path: Assets/Map Components/Low-Poly Medieval Market/Prefabs/Environment/lamp_post.prefab
  artifactKey: Guid(3f3fe03e033d43a49ba2cfb47082b18f) Importer(815301076,1909f56bfc062723c751e8b465ee728b)
Start importing Assets/Map Components/Low-Poly Medieval Market/Prefabs/Environment/lamp_post.prefab using Guid(3f3fe03e033d43a49ba2cfb47082b18f) Importer(815301076,1909f56bfc062723c751e8b465ee728b) (PreviewImporter) -> (artifact id: '649614d7a3c877d593a14a4e040fb58b') in 0.0325062 seconds
Number of updated asset objects reloaded before import = 0Number of asset objects unloaded after import = 15

========================================================================
Received Import Request.
  Time since last request: 0.000037 seconds.
  path: Assets/Map Components/Low-Poly Medieval Market/Prefabs/Environment/grass_03.prefab
  artifactKey: Guid(ffacc465341324446990e4db47402106) Importer(815301076,1909f56bfc062723c751e8b465ee728b)
Start importing Assets/Map Components/Low-Poly Medieval Market/Prefabs/Environment/grass_03.prefab using Guid(ffacc465341324446990e4db47402106) Importer(815301076,1909f56bfc062723c751e8b465ee728b) (PreviewImporter) -> (artifact id: '1daeb627369c34817c57647a5cd907a4') in 0.0603109 seconds
Number of updated asset objects reloaded before import = 0Number of asset objects unloaded after import = 10

========================================================================
Received Import Request.
  Time since last request: 0.000032 seconds.
  path: Assets/Map Components/Low-Poly Medieval Market/Prefabs/Environment/grass_01.prefab
  artifactKey: Guid(31b38e2e572cb2840bb6d968ffe63240) Importer(815301076,1909f56bfc062723c751e8b465ee728b)
Start importing Assets/Map Components/Low-Poly Medieval Market/Prefabs/Environment/grass_01.prefab using Guid(31b38e2e572cb2840bb6d968ffe63240) Importer(815301076,1909f56bfc062723c751e8b465ee728b) (PreviewImporter) -> (artifact id: '58b996e4247959d63889bfc2fea3f270') in 0.0566757 seconds
Number of updated asset objects reloaded before import = 0Number of asset objects unloaded after import = 9

========================================================================
Received Import Request.
  Time since last request: 65.737257 seconds.
  path: Assets/Map Components/Low-Poly Medieval Market/Prefabs/Armor/armor_gorget.prefab
  artifactKey: Guid(d98fe039e4090f94199ba56a4bb4386d) Importer(815301076,1909f56bfc062723c751e8b465ee728b)
Start importing Assets/Map Components/Low-Poly Medieval Market/Prefabs/Armor/armor_gorget.prefab using Guid(d98fe039e4090f94199ba56a4bb4386d) Importer(815301076,1909f56bfc062723c751e8b465ee728b) (PreviewImporter) -> (artifact id: 'a2f05ca749d8c875aeec8b13982004c3') in 0.0577599 seconds
Number of updated asset objects reloaded before import = 0Number of asset objects unloaded after import = 9

========================================================================
Received Import Request.
  Time since last request: 0.000032 seconds.
  path: Assets/Map Components/Low-Poly Medieval Market/Prefabs/Armor/helmet_armor_solo.prefab
  artifactKey: Guid(bc479138ddc4e3c4786488d101bfd3fe) Importer(815301076,1909f56bfc062723c751e8b465ee728b)
Start importing Assets/Map Components/Low-Poly Medieval Market/Prefabs/Armor/helmet_armor_solo.prefab using Guid(bc479138ddc4e3c4786488d101bfd3fe) Importer(815301076,1909f56bfc062723c751e8b465ee728b) (PreviewImporter) -> (artifact id: '213dd7d960b8ec17bfc99beef2763b39') in 0.0502335 seconds
Number of updated asset objects reloaded before import = 0Number of asset objects unloaded after import = 11

========================================================================
Received Import Request.
  Time since last request: 0.000048 seconds.
  path: Assets/Map Components/Low-Poly Medieval Market/Prefabs/Armor/helmet_visor_solo.prefab
  artifactKey: Guid(9184adcc3e6a26d469539042e806b4c3) Importer(815301076,1909f56bfc062723c751e8b465ee728b)
Start importing Assets/Map Components/Low-Poly Medieval Market/Prefabs/Armor/helmet_visor_solo.prefab using Guid(9184adcc3e6a26d469539042e806b4c3) Importer(815301076,1909f56bfc062723c751e8b465ee728b) (PreviewImporter) -> (artifact id: 'aac2937ae7a035c4b8592fce17ebafac') in 0.0718675 seconds
Number of updated asset objects reloaded before import = 0Number of asset objects unloaded after import = 11

========================================================================
Received Import Request.
  Time since last request: 0.000053 seconds.
  path: Assets/Map Components/Low-Poly Medieval Market/Prefabs/Armor/armor_helmet.prefab
  artifactKey: Guid(9d86cdb8206f52740a841d7a8860c89b) Importer(815301076,1909f56bfc062723c751e8b465ee728b)
Start importing Assets/Map Components/Low-Poly Medieval Market/Prefabs/Armor/armor_helmet.prefab using Guid(9d86cdb8206f52740a841d7a8860c89b) Importer(815301076,1909f56bfc062723c751e8b465ee728b) (PreviewImporter) -> (artifact id: '8d3443641c34f51212bff196147312f9') in 0.0475535 seconds
Number of updated asset objects reloaded before import = 0Number of asset objects unloaded after import = 19

========================================================================
Received Import Request.
  Time since last request: 3.312605 seconds.
  path: Assets/Map Components/Low-Poly Medieval Market/Prefabs/Weapons/blacksmith_hammer.prefab
  artifactKey: Guid(bceb571a8d099a343a86ddb624f88303) Importer(815301076,1909f56bfc062723c751e8b465ee728b)
Start importing Assets/Map Components/Low-Poly Medieval Market/Prefabs/Weapons/blacksmith_hammer.prefab using Guid(bceb571a8d099a343a86ddb624f88303) Importer(815301076,1909f56bfc062723c751e8b465ee728b) (PreviewImporter) -> (artifact id: '9277544a9681388714f54baacb2dde39') in 0.0446994 seconds
Number of updated asset objects reloaded before import = 0Number of asset objects unloaded after import = 9

========================================================================
Received Import Request.
  Time since last request: 0.000037 seconds.
  path: Assets/Map Components/Low-Poly Medieval Market/Prefabs/Weapons/one_handed_sword.prefab
  artifactKey: Guid(a262d897f717f8f4f8c816f018cf988c) Importer(815301076,1909f56bfc062723c751e8b465ee728b)
Start importing Assets/Map Components/Low-Poly Medieval Market/Prefabs/Weapons/one_handed_sword.prefab using Guid(a262d897f717f8f4f8c816f018cf988c) Importer(815301076,1909f56bfc062723c751e8b465ee728b) (PreviewImporter) -> (artifact id: 'e1920c9cbf5a6bd312f168cc74afd347') in 0.0532599 seconds
Number of updated asset objects reloaded before import = 0Number of asset objects unloaded after import = 9

========================================================================
Received Import Request.
  Time since last request: 0.000044 seconds.
  path: Assets/Map Components/Low-Poly Medieval Market/Prefabs/Weapons/curved_dagger.prefab
  artifactKey: Guid(a2674319195dc7347bcebeb89032aca4) Importer(815301076,1909f56bfc062723c751e8b465ee728b)
Start importing Assets/Map Components/Low-Poly Medieval Market/Prefabs/Weapons/curved_dagger.prefab using Guid(a2674319195dc7347bcebeb89032aca4) Importer(815301076,1909f56bfc062723c751e8b465ee728b) (PreviewImporter) -> (artifact id: '7179ead7efb65fcc11cb88eeb1fab725') in 0.0511589 seconds
Number of updated asset objects reloaded before import = 0Number of asset objects unloaded after import = 9

========================================================================
Received Import Request.
  Time since last request: 0.000063 seconds.
  path: Assets/Map Components/Low-Poly Medieval Market/Prefabs/Weapons/two_handed_axe.prefab
  artifactKey: Guid(05b7ed5f67e74a640a9c53e965cd9d12) Importer(815301076,1909f56bfc062723c751e8b465ee728b)
Start importing Assets/Map Components/Low-Poly Medieval Market/Prefabs/Weapons/two_handed_axe.prefab using Guid(05b7ed5f67e74a640a9c53e965cd9d12) Importer(815301076,1909f56bfc062723c751e8b465ee728b) (PreviewImporter) -> (artifact id: '3a4799bf4543640af6dc9786a1d01788') in 0.0504062 seconds
Number of updated asset objects reloaded before import = 0Number of asset objects unloaded after import = 9

========================================================================
Received Import Request.
  Time since last request: 0.000034 seconds.
  path: Assets/Map Components/Low-Poly Medieval Market/Prefabs/Weapons/shield_02.prefab
  artifactKey: Guid(44e79123abd9236488753ed07fadb5db) Importer(815301076,1909f56bfc062723c751e8b465ee728b)
Start importing Assets/Map Components/Low-Poly Medieval Market/Prefabs/Weapons/shield_02.prefab using Guid(44e79123abd9236488753ed07fadb5db) Importer(815301076,1909f56bfc062723c751e8b465ee728b) (PreviewImporter) -> (artifact id: '448d6c927a7d6bca348d71e7bceb1907') in 0.0448793 seconds
Number of updated asset objects reloaded before import = 0Number of asset objects unloaded after import = 9

========================================================================
Received Import Request.
  Time since last request: 0.000039 seconds.
  path: Assets/Map Components/Low-Poly Medieval Market/Prefabs/Weapons/two_handed_sword.prefab
  artifactKey: Guid(18316d8df39495b44ab8d0fcea434874) Importer(815301076,1909f56bfc062723c751e8b465ee728b)
Start importing Assets/Map Components/Low-Poly Medieval Market/Prefabs/Weapons/two_handed_sword.prefab using Guid(18316d8df39495b44ab8d0fcea434874) Importer(815301076,1909f56bfc062723c751e8b465ee728b) (PreviewImporter) -> (artifact id: 'bc547707d9736ceb443a6af5aedb2282') in 0.0444376 seconds
Number of updated asset objects reloaded before import = 0Number of asset objects unloaded after import = 9

========================================================================
Received Import Request.
  Time since last request: 0.000052 seconds.
  path: Assets/Map Components/Low-Poly Medieval Market/Prefabs/Weapons/crossbow.prefab
  artifactKey: Guid(8d5cf3cf8ffea8644b3a44cd6870c703) Importer(815301076,1909f56bfc062723c751e8b465ee728b)
Start importing Assets/Map Components/Low-Poly Medieval Market/Prefabs/Weapons/crossbow.prefab using Guid(8d5cf3cf8ffea8644b3a44cd6870c703) Importer(815301076,1909f56bfc062723c751e8b465ee728b) (PreviewImporter) -> (artifact id: 'eebf449a5642a6f120cceff7fac9ac5e') in 0.0461034 seconds
Number of updated asset objects reloaded before import = 0Number of asset objects unloaded after import = 24

========================================================================
Received Import Request.
  Time since last request: 0.000057 seconds.
  path: Assets/Map Components/Low-Poly Medieval Market/Prefabs/Weapons/mace.prefab
  artifactKey: Guid(93b246921b0fb3d4fa054186c3505528) Importer(815301076,1909f56bfc062723c751e8b465ee728b)
Start importing Assets/Map Components/Low-Poly Medieval Market/Prefabs/Weapons/mace.prefab using Guid(93b246921b0fb3d4fa054186c3505528) Importer(815301076,1909f56bfc062723c751e8b465ee728b) (PreviewImporter) -> (artifact id: '9192c5c491558cd6944839b126990862') in 0.0525115 seconds
Number of updated asset objects reloaded before import = 0Number of asset objects unloaded after import = 9

========================================================================
Received Import Request.
  Time since last request: 3.898973 seconds.
  path: Assets/Map Components/Low-Poly Medieval Market/Prefabs/Fruits and vegetables/banana.prefab
  artifactKey: Guid(7b7a60980f07021488b8f2c94a96f93c) Importer(815301076,1909f56bfc062723c751e8b465ee728b)
Start importing Assets/Map Components/Low-Poly Medieval Market/Prefabs/Fruits and vegetables/banana.prefab using Guid(7b7a60980f07021488b8f2c94a96f93c) Importer(815301076,1909f56bfc062723c751e8b465ee728b) (PreviewImporter) -> (artifact id: '52e7c18907a4d1fab3479be00dd7432b') in 0.0814546 seconds
Number of updated asset objects reloaded before import = 0Number of asset objects unloaded after import = 9

========================================================================
Received Import Request.
  Time since last request: 0.000031 seconds.
  path: Assets/Map Components/Low-Poly Medieval Market/Prefabs/Fruits and vegetables/bananas.prefab
  artifactKey: Guid(2aea14354031de945a8280e4486ef3af) Importer(815301076,1909f56bfc062723c751e8b465ee728b)
Start importing Assets/Map Components/Low-Poly Medieval Market/Prefabs/Fruits and vegetables/bananas.prefab using Guid(2aea14354031de945a8280e4486ef3af) Importer(815301076,1909f56bfc062723c751e8b465ee728b) (PreviewImporter) -> (artifact id: 'f9ef845d911e20c5bbb907225e01ea2b') in 0.0429597 seconds
Number of updated asset objects reloaded before import = 0Number of asset objects unloaded after import = 48

========================================================================
Received Import Request.
  Time since last request: 0.000045 seconds.
  path: Assets/Map Components/Low-Poly Medieval Market/Prefabs/Fruits and vegetables/onion.prefab
  artifactKey: Guid(1ef9cef6908c85e4ab01cd5bf9666027) Importer(815301076,1909f56bfc062723c751e8b465ee728b)
Start importing Assets/Map Components/Low-Poly Medieval Market/Prefabs/Fruits and vegetables/onion.prefab using Guid(1ef9cef6908c85e4ab01cd5bf9666027) Importer(815301076,1909f56bfc062723c751e8b465ee728b) (PreviewImporter) -> (artifact id: '67c768291862e4c9ba85e564f44164df') in 0.0816913 seconds
Number of updated asset objects reloaded before import = 0Number of asset objects unloaded after import = 9

========================================================================
Received Import Request.
  Time since last request: 0.000066 seconds.
  path: Assets/Map Components/Low-Poly Medieval Market/Prefabs/Fruits and vegetables/cucumber.prefab
  artifactKey: Guid(0dd60896cc22bfa46bfd0a908da1b92b) Importer(815301076,1909f56bfc062723c751e8b465ee728b)
Start importing Assets/Map Components/Low-Poly Medieval Market/Prefabs/Fruits and vegetables/cucumber.prefab using Guid(0dd60896cc22bfa46bfd0a908da1b92b) Importer(815301076,1909f56bfc062723c751e8b465ee728b) (PreviewImporter) -> (artifact id: '18a1896c100e40c9f84f131442ea56cc') in 0.0653811 seconds
Number of updated asset objects reloaded before import = 0Number of asset objects unloaded after import = 9

========================================================================
Received Import Request.
  Time since last request: 0.000029 seconds.
  path: Assets/Map Components/Low-Poly Medieval Market/Prefabs/Fruits and vegetables/watermelon.prefab
  artifactKey: Guid(3436223d709f61749afb4adc7dbbc63e) Importer(815301076,1909f56bfc062723c751e8b465ee728b)
Start importing Assets/Map Components/Low-Poly Medieval Market/Prefabs/Fruits and vegetables/watermelon.prefab using Guid(3436223d709f61749afb4adc7dbbc63e) Importer(815301076,1909f56bfc062723c751e8b465ee728b) (PreviewImporter) -> (artifact id: 'c454437286c38b0af89fc50118dc3a1d') in 0.0520699 seconds
Number of updated asset objects reloaded before import = 0Number of asset objects unloaded after import = 9

========================================================================
Received Import Request.
  Time since last request: 356.001032 seconds.
  path: Assets/Map Components/StylizedHandPaintedDungeon(Free)/Originals/Door.fbx
  artifactKey: Guid(1fed90e8722c1334d9b51e0b56f26e4e) Importer(815301076,1909f56bfc062723c751e8b465ee728b)
Start importing Assets/Map Components/StylizedHandPaintedDungeon(Free)/Originals/Door.fbx using Guid(1fed90e8722c1334d9b51e0b56f26e4e) Importer(815301076,1909f56bfc062723c751e8b465ee728b) (PreviewImporter) -> (artifact id: 'd31c441c59d91dbe198c084b940d9983') in 0.1176203 seconds
Number of updated asset objects reloaded before import = 0Number of asset objects unloaded after import = 7

========================================================================
Received Import Request.
  Time since last request: 0.000036 seconds.
  path: Assets/Map Components/StylizedHandPaintedDungeon(Free)/Originals/Pillar.fbx
  artifactKey: Guid(b520dd2e830b53248a9a07d2d9f3f3dd) Importer(815301076,1909f56bfc062723c751e8b465ee728b)
Start importing Assets/Map Components/StylizedHandPaintedDungeon(Free)/Originals/Pillar.fbx using Guid(b520dd2e830b53248a9a07d2d9f3f3dd) Importer(815301076,1909f56bfc062723c751e8b465ee728b) (PreviewImporter) -> (artifact id: 'b01e5ed55bd6bd976714cf8b99d51a19') in 0.0848365 seconds
Number of updated asset objects reloaded before import = 0Number of asset objects unloaded after import = 8

========================================================================
Received Import Request.
  Time since last request: 0.000047 seconds.
  path: Assets/Map Components/StylizedHandPaintedDungeon(Free)/Originals/Lamp_02.fbx
  artifactKey: Guid(495bc5d65ef7c7a47b914d4dd69f0edf) Importer(815301076,1909f56bfc062723c751e8b465ee728b)
Start importing Assets/Map Components/StylizedHandPaintedDungeon(Free)/Originals/Lamp_02.fbx using Guid(495bc5d65ef7c7a47b914d4dd69f0edf) Importer(815301076,1909f56bfc062723c751e8b465ee728b) (PreviewImporter) -> (artifact id: '4e403afbadb09a6b7bca234e47f32656') in 0.0600592 seconds
Number of updated asset objects reloaded before import = 0Number of asset objects unloaded after import = 7

========================================================================
Received Import Request.
  Time since last request: 2.550363 seconds.
  path: Assets/Map Components/StylizedHandPaintedDungeon(Free)/Prefabs/Door.prefab
  artifactKey: Guid(9175d08a6bdddeb48afa15d1b714d918) Importer(815301076,1909f56bfc062723c751e8b465ee728b)
Start importing Assets/Map Components/StylizedHandPaintedDungeon(Free)/Prefabs/Door.prefab using Guid(9175d08a6bdddeb48afa15d1b714d918) Importer(815301076,1909f56bfc062723c751e8b465ee728b) (PreviewImporter) -> (artifact id: '51b99f712079425a1419bd4841ddfebb') in 0.0303011 seconds
Number of updated asset objects reloaded before import = 0Number of asset objects unloaded after import = 11

========================================================================
Received Import Request.
  Time since last request: 0.000025 seconds.
  path: Assets/Map Components/StylizedHandPaintedDungeon(Free)/Prefabs/Wall.prefab
  artifactKey: Guid(3ad7a1cffb2556547a8b7e60fd320431) Importer(815301076,1909f56bfc062723c751e8b465ee728b)
Start importing Assets/Map Components/StylizedHandPaintedDungeon(Free)/Prefabs/Wall.prefab using Guid(3ad7a1cffb2556547a8b7e60fd320431) Importer(815301076,1909f56bfc062723c751e8b465ee728b) (PreviewImporter) -> (artifact id: 'c4883aa8dfac07c70b8311d1cfabdf80') in 0.0437174 seconds
Number of updated asset objects reloaded before import = 0Number of asset objects unloaded after import = 8

========================================================================
Received Import Request.
  Time since last request: 0.000033 seconds.
  path: Assets/Map Components/StylizedHandPaintedDungeon(Free)/Prefabs/Pillar.prefab
  artifactKey: Guid(7c7baabdbc078cb4098d5880fc72c0f3) Importer(815301076,1909f56bfc062723c751e8b465ee728b)
Start importing Assets/Map Components/StylizedHandPaintedDungeon(Free)/Prefabs/Pillar.prefab using Guid(7c7baabdbc078cb4098d5880fc72c0f3) Importer(815301076,1909f56bfc062723c751e8b465ee728b) (PreviewImporter) -> (artifact id: 'f93d6c405c7fb8d0b2fbaff1c5598688') in 0.0342668 seconds
Number of updated asset objects reloaded before import = 0Number of asset objects unloaded after import = 10

========================================================================
Received Import Request.
  Time since last request: 0.000043 seconds.
  path: Assets/Map Components/StylizedHandPaintedDungeon(Free)/Prefabs/Wall_Entrance.prefab
  artifactKey: Guid(49a5f24a081cbbc44bd23d76c2869723) Importer(815301076,1909f56bfc062723c751e8b465ee728b)
Start importing Assets/Map Components/StylizedHandPaintedDungeon(Free)/Prefabs/Wall_Entrance.prefab using Guid(49a5f24a081cbbc44bd23d76c2869723) Importer(815301076,1909f56bfc062723c751e8b465ee728b) (PreviewImporter) -> (artifact id: '19e1e3d2b93b957746ba7954774ccfbf') in 0.0606742 seconds
Number of updated asset objects reloaded before import = 0Number of asset objects unloaded after import = 15

========================================================================
Received Import Request.
  Time since last request: 15.781409 seconds.
  path: Assets/Map Components/StylizedHandPaintedDungeon(Free)/Textures/Dungeon_02_Diffuse.tga
  artifactKey: Guid(2ad5769c41feb7749a077e020ed56acb) Importer(815301076,1909f56bfc062723c751e8b465ee728b)
Start importing Assets/Map Components/StylizedHandPaintedDungeon(Free)/Textures/Dungeon_02_Diffuse.tga using Guid(2ad5769c41feb7749a077e020ed56acb) Importer(815301076,1909f56bfc062723c751e8b465ee728b) (PreviewImporter) -> (artifact id: '48c4cbca809cc74774018fda9a856b4e') in 0.0384605 seconds
Number of updated asset objects reloaded before import = 0Number of asset objects unloaded after import = 2

========================================================================
Received Prepare
Begin MonoManager ReloadAssembly
- Loaded All Assemblies, in  0.718 seconds
'Packages/com.unity.xr.openxr/Runtime/OpenXRLoader.cs' contains partial class of Unity.Object, exactly 1 of the partial classes needs to be in a file with the same filename. This is to know the one that can be referenced from ie. GameObjects
'Packages/com.unity.xr.openxr/Runtime/OpenXRLoaderInternal.cs' contains partial class of Unity.Object, exactly 1 of the partial classes needs to be in a file with the same filename. This is to know the one that can be referenced from ie. GameObjects
Refreshing native plugins compatible for Editor in 4.04 ms, found 9 plugins.
Native extension for Android target not found
Native extension for UWP target not found
Native extension for WindowsStandalone target not found
[Package Manager] Failed to launch server process. Reason: Unity was launched with the -noUpm command-line argument
[Package Manager] Unable to send message (not connected to server process).
[Package Manager] Cannot connect to Unity Package Manager local server
System.NullReferenceException: Object reference not set to an instance of an object
  at UnityEditor.XR.Interaction.Toolkit.Analytics.XRIAnalytics..cctor () [0x00000] in .\Library\PackageCache\com.unity.xr.interaction.toolkit@9b07900cb163\Editor\Analytics\XRIAnalytics.cs:32 
UnityEngine.Debug:ExtractStackTraceNoAlloc (byte*,int,string)
UnityEngine.StackTraceUtility:ExtractStackTrace ()
UnityEngine.DebugLogHandler:Internal_Log (UnityEngine.LogType,UnityEngine.LogOption,string,UnityEngine.Object)
UnityEngine.DebugLogHandler:LogFormat (UnityEngine.LogType,UnityEngine.Object,string,object[])
UnityEngine.Logger:Log (UnityEngine.LogType,object)
UnityEngine.Debug:LogError (object)
UnityEditor.EditorAssemblies:ProcessInitializeOnLoadAttributes (System.Type[])

Mono: successfully reloaded assembly
[Package Manager] Failed to launch server process. Reason: Unity was launched with the -noUpm command-line argument
[Package Manager] Unable to send message (not connected to server process).
[Package Manager] Cannot connect to Unity Package Manager local server
- Finished resetting the current domain, in  1.053 seconds
Domain Reload Profiling: 1774ms
	BeginReloadAssembly (212ms)
		ExecutionOrderSort (0ms)
		DisableScriptedObjects (20ms)
		BackupInstance (0ms)
		ReleaseScriptingObjects (0ms)
		CreateAndSetChildDomain (64ms)
	RebuildCommonClasses (32ms)
	RebuildNativeTypeToScriptingClass (11ms)
	initialDomainReloadingComplete (23ms)
	LoadAllAssembliesAndSetupDomain (442ms)
		LoadAssemblies (337ms)
		RebuildTransferFunctionScriptingTraits (0ms)
		AnalyzeDomain (191ms)
			TypeCache.Refresh (7ms)
				TypeCache.ScanAssembly (0ms)
			BuildScriptInfoCaches (167ms)
			ResolveRequiredComponents (12ms)
	FinalizeReload (1054ms)
		ReleaseScriptCaches (0ms)
		RebuildScriptCaches (0ms)
		SetupLoadedEditorAssemblies (827ms)
			LogAssemblyErrors (0ms)
			InitializePlatformSupportModulesInManaged (11ms)
			SetLoadedEditorAssemblies (5ms)
			BeforeProcessingInitializeOnLoad (195ms)
			ProcessInitializeOnLoadAttributes (490ms)
			ProcessInitializeOnLoadMethodAttributes (125ms)
			AfterProcessingInitializeOnLoad (1ms)
			EditorAssembliesLoaded (0ms)
		ExecutionOrderSort2 (0ms)
		AwakeInstancesAfterBackupRestoration (15ms)
Refreshing native plugins compatible for Editor in 4.21 ms, found 9 plugins.
Preloading 0 native plugins for Editor in 0.00 ms.
Unloading 35 Unused Serialized files (Serialized files now loaded: 0)
Unloading 6916 unused Assets / (5.8 MB). Loaded Objects now: 7738.
Memory consumption went from 208.8 MB to 203.0 MB.
Total: 9.159600 ms (FindLiveObjects: 0.653800 ms CreateObjectMapping: 0.544400 ms MarkObjects: 4.440100 ms  DeleteObjects: 3.519900 ms)

Prepare: number of updated asset objects reloaded= 0
========================================================================
Received Import Request.
  Time since last request: 153.704531 seconds.
  path: Assets/Map Components/Low-Poly Medieval Market/Materials/fish_market.mat
  artifactKey: Guid(628ba5547a79ffe4997b3904d45eb122) Importer(815301076,1909f56bfc062723c751e8b465ee728b)
Start importing Assets/Map Components/Low-Poly Medieval Market/Materials/fish_market.mat using Guid(628ba5547a79ffe4997b3904d45eb122) Importer(815301076,1909f56bfc062723c751e8b465ee728b) (PreviewImporter) -> (artifact id: 'd5852794f0e0ddbe47c09f036669be9f') in 0.6201602 seconds
Number of updated asset objects reloaded before import = 0Number of asset objects unloaded after import = 2

========================================================================
Received Import Request.
  Time since last request: 0.000049 seconds.
  path: Assets/Map Components/Low-Poly Medieval Market/Materials/Meat market.mat
  artifactKey: Guid(ee6311e667feb2848a84578e9c3bf6b4) Importer(815301076,1909f56bfc062723c751e8b465ee728b)
Start importing Assets/Map Components/Low-Poly Medieval Market/Materials/Meat market.mat using Guid(ee6311e667feb2848a84578e9c3bf6b4) Importer(815301076,1909f56bfc062723c751e8b465ee728b) (PreviewImporter) -> (artifact id: '8c8397cacccfb0369da95ca82429215c') in 0.0513153 seconds
Number of updated asset objects reloaded before import = 0Number of asset objects unloaded after import = 2

========================================================================
Received Import Request.
  Time since last request: 0.000054 seconds.
  path: Assets/Map Components/Low-Poly Medieval Market/Materials/Vegetables market.mat
  artifactKey: Guid(ac2d68933d1867b43a4c7ea56b2e7e8b) Importer(815301076,1909f56bfc062723c751e8b465ee728b)
Start importing Assets/Map Components/Low-Poly Medieval Market/Materials/Vegetables market.mat using Guid(ac2d68933d1867b43a4c7ea56b2e7e8b) Importer(815301076,1909f56bfc062723c751e8b465ee728b) (PreviewImporter) -> (artifact id: '53f0fa23e37f5068d0426967670edcc6') in 0.0430205 seconds
Number of updated asset objects reloaded before import = 0Number of asset objects unloaded after import = 2

========================================================================
Received Import Request.
  Time since last request: 0.000029 seconds.
  path: Assets/Map Components/Low-Poly Medieval Market/Materials/Skybox_Mat.mat
  artifactKey: Guid(0ffaa0b7117ba8c47a9d05ae701d4b4d) Importer(815301076,1909f56bfc062723c751e8b465ee728b)
Start importing Assets/Map Components/Low-Poly Medieval Market/Materials/Skybox_Mat.mat using Guid(0ffaa0b7117ba8c47a9d05ae701d4b4d) Importer(815301076,1909f56bfc062723c751e8b465ee728b) (PreviewImporter) -> (artifact id: 'be585bc22f0aaf18b08a64ae5f017822') in 0.1172031 seconds
Number of updated asset objects reloaded before import = 0Number of asset objects unloaded after import = 1

========================================================================
Received Import Request.
  Time since last request: 299.947793 seconds.
  path: Assets/Map Components/StylizedHandPaintedDungeon(Free)/Materials
  artifactKey: Guid(3439d4b01c88d534ba58886b46cca809) Importer(815301076,1909f56bfc062723c751e8b465ee728b)
Start importing Assets/Map Components/StylizedHandPaintedDungeon(Free)/Materials using Guid(3439d4b01c88d534ba58886b46cca809) Importer(815301076,1909f56bfc062723c751e8b465ee728b) (PreviewImporter) -> (artifact id: '6bf8064c1b98187667f354e8b56b3cb9') in 0.0015559 seconds
Number of updated asset objects reloaded before import = 0Number of asset objects unloaded after import = 0

========================================================================
Received Import Request.
  Time since last request: 2.631228 seconds.
  path: Assets/Map Components/StylizedHandPaintedDungeon(Free)/Materials/Dungeon_01_Diffuse.mat
  artifactKey: Guid(77bad0a68cf924c4fbac831a4c5a7e2e) Importer(815301076,1909f56bfc062723c751e8b465ee728b)
Start importing Assets/Map Components/StylizedHandPaintedDungeon(Free)/Materials/Dungeon_01_Diffuse.mat using Guid(77bad0a68cf924c4fbac831a4c5a7e2e) Importer(815301076,1909f56bfc062723c751e8b465ee728b) (PreviewImporter) -> (artifact id: '2c327ca98423fff7143ddad3ff836895') in 0.0444236 seconds
Number of updated asset objects reloaded before import = 0Number of asset objects unloaded after import = 2

========================================================================
Received Import Request.
  Time since last request: 0.000024 seconds.
  path: Assets/Map Components/StylizedHandPaintedDungeon(Free)/Materials/Dungeon_Mat_02.mat
  artifactKey: Guid(2e701f9d6b8aa304c93f2af59c1ee5d9) Importer(815301076,1909f56bfc062723c751e8b465ee728b)
Start importing Assets/Map Components/StylizedHandPaintedDungeon(Free)/Materials/Dungeon_Mat_02.mat using Guid(2e701f9d6b8aa304c93f2af59c1ee5d9) Importer(815301076,1909f56bfc062723c751e8b465ee728b) (PreviewImporter) -> (artifact id: '0e4c7baafecea5f1eed3b3b00e29ca6c') in 0.0280951 seconds
Number of updated asset objects reloaded before import = 0Number of asset objects unloaded after import = 2

========================================================================
Received Prepare
Begin MonoManager ReloadAssembly
- Loaded All Assemblies, in  0.737 seconds
'Packages/com.unity.xr.openxr/Runtime/OpenXRLoader.cs' contains partial class of Unity.Object, exactly 1 of the partial classes needs to be in a file with the same filename. This is to know the one that can be referenced from ie. GameObjects
'Packages/com.unity.xr.openxr/Runtime/OpenXRLoaderInternal.cs' contains partial class of Unity.Object, exactly 1 of the partial classes needs to be in a file with the same filename. This is to know the one that can be referenced from ie. GameObjects
Refreshing native plugins compatible for Editor in 4.83 ms, found 9 plugins.
Native extension for Android target not found
Native extension for UWP target not found
Native extension for WindowsStandalone target not found
[Package Manager] Failed to launch server process. Reason: Unity was launched with the -noUpm command-line argument
[Package Manager] Unable to send message (not connected to server process).
[Package Manager] Cannot connect to Unity Package Manager local server
System.NullReferenceException: Object reference not set to an instance of an object
  at UnityEditor.XR.Interaction.Toolkit.Analytics.XRIAnalytics..cctor () [0x00000] in .\Library\PackageCache\com.unity.xr.interaction.toolkit@9b07900cb163\Editor\Analytics\XRIAnalytics.cs:32 
UnityEngine.Debug:ExtractStackTraceNoAlloc (byte*,int,string)
UnityEngine.StackTraceUtility:ExtractStackTrace ()
UnityEngine.DebugLogHandler:Internal_Log (UnityEngine.LogType,UnityEngine.LogOption,string,UnityEngine.Object)
UnityEngine.DebugLogHandler:LogFormat (UnityEngine.LogType,UnityEngine.Object,string,object[])
UnityEngine.Logger:Log (UnityEngine.LogType,object)
UnityEngine.Debug:LogError (object)
UnityEditor.EditorAssemblies:ProcessInitializeOnLoadAttributes (System.Type[])

Mono: successfully reloaded assembly
[Package Manager] Failed to launch server process. Reason: Unity was launched with the -noUpm command-line argument
[Package Manager] Unable to send message (not connected to server process).
[Package Manager] Cannot connect to Unity Package Manager local server
- Finished resetting the current domain, in  0.992 seconds
Domain Reload Profiling: 1732ms
	BeginReloadAssembly (216ms)
		ExecutionOrderSort (0ms)
		DisableScriptedObjects (20ms)
		BackupInstance (0ms)
		ReleaseScriptingObjects (0ms)
		CreateAndSetChildDomain (66ms)
	RebuildCommonClasses (34ms)
	RebuildNativeTypeToScriptingClass (12ms)
	initialDomainReloadingComplete (24ms)
	LoadAllAssembliesAndSetupDomain (454ms)
		LoadAssemblies (352ms)
		RebuildTransferFunctionScriptingTraits (0ms)
		AnalyzeDomain (192ms)
			TypeCache.Refresh (7ms)
				TypeCache.ScanAssembly (0ms)
			BuildScriptInfoCaches (168ms)
			ResolveRequiredComponents (12ms)
	FinalizeReload (992ms)
		ReleaseScriptCaches (0ms)
		RebuildScriptCaches (0ms)
		SetupLoadedEditorAssemblies (794ms)
			LogAssemblyErrors (0ms)
			InitializePlatformSupportModulesInManaged (11ms)
			SetLoadedEditorAssemblies (5ms)
			BeforeProcessingInitializeOnLoad (184ms)
			ProcessInitializeOnLoadAttributes (482ms)
			ProcessInitializeOnLoadMethodAttributes (111ms)
			AfterProcessingInitializeOnLoad (1ms)
			EditorAssembliesLoaded (0ms)
		ExecutionOrderSort2 (0ms)
		AwakeInstancesAfterBackupRestoration (16ms)
Refreshing native plugins compatible for Editor in 4.12 ms, found 9 plugins.
Preloading 0 native plugins for Editor in 0.00 ms.
Unloading 26 Unused Serialized files (Serialized files now loaded: 0)
Unloading 6916 unused Assets / (5.4 MB). Loaded Objects now: 7761.
Memory consumption went from 211.3 MB to 205.9 MB.
Total: 8.773000 ms (FindLiveObjects: 0.734900 ms CreateObjectMapping: 0.722700 ms MarkObjects: 4.423100 ms  DeleteObjects: 2.890700 ms)

Prepare: number of updated asset objects reloaded= 0
========================================================================
Received Import Request.
  Time since last request: 421.276824 seconds.
  path: Assets/Map Components/Low-Poly Medieval Market/Models
  artifactKey: Guid(e537ab315894e604ea44fa21c67f45d9) Importer(815301076,1909f56bfc062723c751e8b465ee728b)
Start importing Assets/Map Components/Low-Poly Medieval Market/Models using Guid(e537ab315894e604ea44fa21c67f45d9) Importer(815301076,1909f56bfc062723c751e8b465ee728b) (PreviewImporter) -> (artifact id: 'd1f3a4976f488d567956c15bf4dc2aa1') in 0.0091278 seconds
Number of updated asset objects reloaded before import = 0Number of asset objects unloaded after import = 0

========================================================================
Received Import Request.
  Time since last request: 0.739673 seconds.
  path: Assets/Map Components/Low-Poly Medieval Market/Models/apple_yellow.fbx
  artifactKey: Guid(c7165ea75cf14034980f2cd37c14688c) Importer(815301076,1909f56bfc062723c751e8b465ee728b)
Start importing Assets/Map Components/Low-Poly Medieval Market/Models/apple_yellow.fbx using Guid(c7165ea75cf14034980f2cd37c14688c) Importer(815301076,1909f56bfc062723c751e8b465ee728b) (PreviewImporter) -> (artifact id: '73ec2d99df3109d4e68b05654167f794') in 0.6474423 seconds
Number of updated asset objects reloaded before import = 0Number of asset objects unloaded after import = 7

========================================================================
Received Import Request.
  Time since last request: 0.000051 seconds.
  path: Assets/Map Components/Low-Poly Medieval Market/Models/fish_market.fbx
  artifactKey: Guid(b7e179b894b78ba479ebf74e790e8a7a) Importer(815301076,1909f56bfc062723c751e8b465ee728b)
Start importing Assets/Map Components/Low-Poly Medieval Market/Models/fish_market.fbx using Guid(b7e179b894b78ba479ebf74e790e8a7a) Importer(815301076,1909f56bfc062723c751e8b465ee728b) (PreviewImporter) -> (artifact id: 'ea5c0fd6cfa057bf443633afa0cc122e') in 0.0334881 seconds
Number of updated asset objects reloaded before import = 0Number of asset objects unloaded after import = 7

========================================================================
Received Import Request.
  Time since last request: 0.000054 seconds.
  path: Assets/Map Components/Low-Poly Medieval Market/Models/bush_01.fbx
  artifactKey: Guid(e88624b56a90dbf4f932e2c18f209cf5) Importer(815301076,1909f56bfc062723c751e8b465ee728b)
Start importing Assets/Map Components/Low-Poly Medieval Market/Models/bush_01.fbx using Guid(e88624b56a90dbf4f932e2c18f209cf5) Importer(815301076,1909f56bfc062723c751e8b465ee728b) (PreviewImporter) -> (artifact id: '66682c98e2491f99091d08c7b2109ca3') in 0.032771 seconds
Number of updated asset objects reloaded before import = 0Number of asset objects unloaded after import = 7

========================================================================
Received Import Request.
  Time since last request: 0.000030 seconds.
  path: Assets/Map Components/Low-Poly Medieval Market/Models/candy_jar.fbx
  artifactKey: Guid(103b6a81c9f62a54ca2a3694e37e8029) Importer(815301076,1909f56bfc062723c751e8b465ee728b)
Start importing Assets/Map Components/Low-Poly Medieval Market/Models/candy_jar.fbx using Guid(103b6a81c9f62a54ca2a3694e37e8029) Importer(815301076,1909f56bfc062723c751e8b465ee728b) (PreviewImporter) -> (artifact id: '1311da09cc48d4ee93407b15f7e20b9b') in 0.0487664 seconds
Number of updated asset objects reloaded before import = 0Number of asset objects unloaded after import = 7

========================================================================
Received Import Request.
  Time since last request: 0.000042 seconds.
  path: Assets/Map Components/Low-Poly Medieval Market/Models/egg_white.fbx
  artifactKey: Guid(92529b3f7b4d2094faf19b093b491f39) Importer(815301076,1909f56bfc062723c751e8b465ee728b)
Start importing Assets/Map Components/Low-Poly Medieval Market/Models/egg_white.fbx using Guid(92529b3f7b4d2094faf19b093b491f39) Importer(815301076,1909f56bfc062723c751e8b465ee728b) (PreviewImporter) -> (artifact id: 'f9efcbecbb672c7a936b9f313763516c') in 0.0456013 seconds
Number of updated asset objects reloaded before import = 0Number of asset objects unloaded after import = 7

========================================================================
Received Import Request.
  Time since last request: 0.000035 seconds.
  path: Assets/Map Components/Low-Poly Medieval Market/Models/basket_02.fbx
  artifactKey: Guid(5eb91d3ec6773934185f75b231bccc4b) Importer(815301076,1909f56bfc062723c751e8b465ee728b)
Start importing Assets/Map Components/Low-Poly Medieval Market/Models/basket_02.fbx using Guid(5eb91d3ec6773934185f75b231bccc4b) Importer(815301076,1909f56bfc062723c751e8b465ee728b) (PreviewImporter) -> (artifact id: '8573f053ccc596ee57fe194600507281') in 0.0471297 seconds
Number of updated asset objects reloaded before import = 0Number of asset objects unloaded after import = 7

========================================================================
Received Import Request.
  Time since last request: 0.000046 seconds.
  path: Assets/Map Components/Low-Poly Medieval Market/Models/fish.fbx
  artifactKey: Guid(3763a610870991740befe42354bfeb4a) Importer(815301076,1909f56bfc062723c751e8b465ee728b)
Start importing Assets/Map Components/Low-Poly Medieval Market/Models/fish.fbx using Guid(3763a610870991740befe42354bfeb4a) Importer(815301076,1909f56bfc062723c751e8b465ee728b) (PreviewImporter) -> (artifact id: '62ec149dccfb008343a2aa02a84cc2f0') in 0.0522028 seconds
Number of updated asset objects reloaded before import = 0Number of asset objects unloaded after import = 7

========================================================================
Received Import Request.
  Time since last request: 0.000031 seconds.
  path: Assets/Map Components/Low-Poly Medieval Market/Models/coins.fbx
  artifactKey: Guid(5c0694d20b2eb2a468ab8467d1e2d54b) Importer(815301076,1909f56bfc062723c751e8b465ee728b)
Start importing Assets/Map Components/Low-Poly Medieval Market/Models/coins.fbx using Guid(5c0694d20b2eb2a468ab8467d1e2d54b) Importer(815301076,1909f56bfc062723c751e8b465ee728b) (PreviewImporter) -> (artifact id: '5a4fc8058bcc3abea1318b99f404effd') in 0.0498541 seconds
Number of updated asset objects reloaded before import = 0Number of asset objects unloaded after import = 7

========================================================================
Received Import Request.
  Time since last request: 0.000028 seconds.
  path: Assets/Map Components/Low-Poly Medieval Market/Models/cake.fbx
  artifactKey: Guid(28db122164d8d124880cf082764f7d53) Importer(815301076,1909f56bfc062723c751e8b465ee728b)
Start importing Assets/Map Components/Low-Poly Medieval Market/Models/cake.fbx using Guid(28db122164d8d124880cf082764f7d53) Importer(815301076,1909f56bfc062723c751e8b465ee728b) (PreviewImporter) -> (artifact id: 'cfd66fb1d5a70bfff6f7e1c396874355') in 0.0431048 seconds
Number of updated asset objects reloaded before import = 0Number of asset objects unloaded after import = 7

========================================================================
Received Import Request.
  Time since last request: 0.000033 seconds.
  path: Assets/Map Components/Low-Poly Medieval Market/Models/egg_brown.fbx
  artifactKey: Guid(4fdd31f04f1abfa499e3467943c426fc) Importer(815301076,1909f56bfc062723c751e8b465ee728b)
Start importing Assets/Map Components/Low-Poly Medieval Market/Models/egg_brown.fbx using Guid(4fdd31f04f1abfa499e3467943c426fc) Importer(815301076,1909f56bfc062723c751e8b465ee728b) (PreviewImporter) -> (artifact id: '264fa128e78c5bf7c5f0cef5749967e9') in 0.0597972 seconds
Number of updated asset objects reloaded before import = 0Number of asset objects unloaded after import = 7

========================================================================
Received Import Request.
  Time since last request: 0.000048 seconds.
  path: Assets/Map Components/Low-Poly Medieval Market/Models/basket_01.fbx
  artifactKey: Guid(1dc7b4bc1048fad489f347a56acaa198) Importer(815301076,1909f56bfc062723c751e8b465ee728b)
Start importing Assets/Map Components/Low-Poly Medieval Market/Models/basket_01.fbx using Guid(1dc7b4bc1048fad489f347a56acaa198) Importer(815301076,1909f56bfc062723c751e8b465ee728b) (PreviewImporter) -> (artifact id: '88690ed30db5d8cda0387adfecfc13da') in 0.0344029 seconds
Number of updated asset objects reloaded before import = 0Number of asset objects unloaded after import = 7

========================================================================
Received Import Request.
  Time since last request: 0.000044 seconds.
  path: Assets/Map Components/Low-Poly Medieval Market/Models/big_meat.fbx
  artifactKey: Guid(d921181b5cb1d034c9eb98d36bb0d399) Importer(815301076,1909f56bfc062723c751e8b465ee728b)
Start importing Assets/Map Components/Low-Poly Medieval Market/Models/big_meat.fbx using Guid(d921181b5cb1d034c9eb98d36bb0d399) Importer(815301076,1909f56bfc062723c751e8b465ee728b) (PreviewImporter) -> (artifact id: '15117928a12e9886ae0b1bce20468a58') in 0.0582198 seconds
Number of updated asset objects reloaded before import = 0Number of asset objects unloaded after import = 7

========================================================================
Received Import Request.
  Time since last request: 0.000031 seconds.
  path: Assets/Map Components/Low-Poly Medieval Market/Models/carrot.fbx
  artifactKey: Guid(e24a8827498d3bb4b932c15208dcab04) Importer(815301076,1909f56bfc062723c751e8b465ee728b)
Start importing Assets/Map Components/Low-Poly Medieval Market/Models/carrot.fbx using Guid(e24a8827498d3bb4b932c15208dcab04) Importer(815301076,1909f56bfc062723c751e8b465ee728b) (PreviewImporter) -> (artifact id: '2945546f90739c0fb83063b4a6fb5195') in 0.0376131 seconds
Number of updated asset objects reloaded before import = 0Number of asset objects unloaded after import = 7

========================================================================
Received Import Request.
  Time since last request: 0.000036 seconds.
  path: Assets/Map Components/Low-Poly Medieval Market/Models/fish_knife.fbx
  artifactKey: Guid(5a9e23f42291e67438599b4894a7bcd0) Importer(815301076,1909f56bfc062723c751e8b465ee728b)
Start importing Assets/Map Components/Low-Poly Medieval Market/Models/fish_knife.fbx using Guid(5a9e23f42291e67438599b4894a7bcd0) Importer(815301076,1909f56bfc062723c751e8b465ee728b) (PreviewImporter) -> (artifact id: '0d64d8680ddbbac86cb5255222d7cbe8') in 0.032602 seconds
Number of updated asset objects reloaded before import = 0Number of asset objects unloaded after import = 7

Editor requested this worker to shutdown with reason: Scaling down because of idle timeout
AssetImportWorker is now disconnected from the server
Process exiting
Exiting without the bug reporter. Application will terminate with return code 0